###############################################################################
#
# IAR ELF Linker V9.70.1.475/W64 for ARM                  27/Jan/2026  17:35:14
# Copyright 2007-2025 IAR Systems AB.
#
#    Output file  =
#        C:\Users\User\Desktop\CBU_3.0\EWARM\ײֱ׃_סכויג ּÊ (2)\Exe\ײֱ׃_סכויג ּÊ
#        (2).out
#    Map file     =
#        C:\Users\User\Desktop\CBU_3.0\EWARM\ײֱ׃_סכויג ּÊ (2)\List\ײֱ׃_סכויג ּÊ
#        (2).map
#    Command line =
#        -f "C:\Users\User\Desktop\CBU_3.0\EWARM\ײֱ׃_סכויג ּÊ (2)\Exe\ײֱ׃_סכויג
#        ּÊ (2).out.rsp" ("C:\Users\User\Desktop\CBU_3.0\EWARM\ײֱ׃_סכויג ּÊ
#        (2)\Obj\Core_13247989168731456611.dir\ktv.o"
#        "C:\Users\User\Desktop\CBU_3.0\EWARM\ײֱ׃_סכויג ּÊ
#        (2)\Obj\Core_13247989168731456611.dir\main.o"
#        "C:\Users\User\Desktop\CBU_3.0\EWARM\ײֱ׃_סכויג ּÊ
#        (2)\Obj\EWARM_18443280873093131863.dir\startup_stm32f103xb.o"
#        "C:\Users\User\Desktop\CBU_3.0\EWARM\ײֱ׃_סכויג ּÊ
#        (2)\Obj\STM32F1xx_HAL_Driver_9701002599162248031.dir\stm32f1xx_hal.o"
#        "C:\Users\User\Desktop\CBU_3.0\EWARM\ײֱ׃_סכויג ּÊ
#        (2)\Obj\STM32F1xx_HAL_Driver_9701002599162248031.dir\stm32f1xx_hal_cortex.o"
#        "C:\Users\User\Desktop\CBU_3.0\EWARM\ײֱ׃_סכויג ּÊ
#        (2)\Obj\STM32F1xx_HAL_Driver_9701002599162248031.dir\stm32f1xx_hal_dma.o"
#        "C:\Users\User\Desktop\CBU_3.0\EWARM\ײֱ׃_סכויג ּÊ
#        (2)\Obj\STM32F1xx_HAL_Driver_9701002599162248031.dir\stm32f1xx_hal_exti.o"
#        "C:\Users\User\Desktop\CBU_3.0\EWARM\ײֱ׃_סכויג ּÊ
#        (2)\Obj\STM32F1xx_HAL_Driver_9701002599162248031.dir\stm32f1xx_hal_flash.o"
#        "C:\Users\User\Desktop\CBU_3.0\EWARM\ײֱ׃_סכויג ּÊ
#        (2)\Obj\STM32F1xx_HAL_Driver_9701002599162248031.dir\stm32f1xx_hal_flash_ex.o"
#        "C:\Users\User\Desktop\CBU_3.0\EWARM\ײֱ׃_סכויג ּÊ
#        (2)\Obj\STM32F1xx_HAL_Driver_9701002599162248031.dir\stm32f1xx_hal_gpio.o"
#        "C:\Users\User\Desktop\CBU_3.0\EWARM\ײֱ׃_סכויג ּÊ
#        (2)\Obj\STM32F1xx_HAL_Driver_9701002599162248031.dir\stm32f1xx_hal_gpio_ex.o"
#        "C:\Users\User\Desktop\CBU_3.0\EWARM\ײֱ׃_סכויג ּÊ
#        (2)\Obj\STM32F1xx_HAL_Driver_9701002599162248031.dir\stm32f1xx_hal_i2c.o"
#        "C:\Users\User\Desktop\CBU_3.0\EWARM\ײֱ׃_סכויג ּÊ
#        (2)\Obj\Core_13247989168731456611.dir\stm32f1xx_hal_msp.o"
#        "C:\Users\User\Desktop\CBU_3.0\EWARM\ײֱ׃_סכויג ּÊ
#        (2)\Obj\STM32F1xx_HAL_Driver_9701002599162248031.dir\stm32f1xx_hal_pwr.o"
#        "C:\Users\User\Desktop\CBU_3.0\EWARM\ײֱ׃_סכויג ּÊ
#        (2)\Obj\STM32F1xx_HAL_Driver_9701002599162248031.dir\stm32f1xx_hal_rcc.o"
#        "C:\Users\User\Desktop\CBU_3.0\EWARM\ײֱ׃_סכויג ּÊ
#        (2)\Obj\STM32F1xx_HAL_Driver_9701002599162248031.dir\stm32f1xx_hal_rcc_ex.o"
#        "C:\Users\User\Desktop\CBU_3.0\EWARM\ײֱ׃_סכויג ּÊ
#        (2)\Obj\STM32F1xx_HAL_Driver_9701002599162248031.dir\stm32f1xx_hal_tim.o"
#        "C:\Users\User\Desktop\CBU_3.0\EWARM\ײֱ׃_סכויג ּÊ
#        (2)\Obj\STM32F1xx_HAL_Driver_9701002599162248031.dir\stm32f1xx_hal_tim_ex.o"
#        "C:\Users\User\Desktop\CBU_3.0\EWARM\ײֱ׃_סכויג ּÊ
#        (2)\Obj\STM32F1xx_HAL_Driver_9701002599162248031.dir\stm32f1xx_hal_usart.o"
#        "C:\Users\User\Desktop\CBU_3.0\EWARM\ײֱ׃_סכויג ּÊ
#        (2)\Obj\Core_13247989168731456611.dir\stm32f1xx_it.o"
#        "C:\Users\User\Desktop\CBU_3.0\EWARM\ײֱ׃_סכויג ּÊ
#        (2)\Obj\CMSIS_6603591812247902717.dir\system_stm32f1xx.o"
#        --no_out_extension -o "C:\Users\User\Desktop\CBU_3.0\EWARM\ײֱ׃_סכויג
#        ּÊ (2)\Exe\ײֱ׃_סכויג ּÊ (2).out" --redirect _Printf=_PrintfFullNoMb
#        --redirect _Scanf=_ScanfFullNoMb --map
#        "C:\Users\User\Desktop\CBU_3.0\EWARM\ײֱ׃_סכויג ּÊ (2)\List\ײֱ׃_סכויג
#        ּÊ (2).map" --config
#        C:\Users\User\Desktop\CBU_3.0\EWARM/stm32f103xb_flash.icf
#        --semihosting --entry __iar_program_start --vfe --text_out locale
#        --cpu=Cortex-M3 --fpu=None) --diagnostics_format=sarif_stdout
#        --dependencies=n "C:\Users\User\Desktop\CBU_3.0\EWARM\ײֱ׃_סכויג ּÊ
#        (2)\Exe\ײֱ׃_סכויג ּÊ (2).out.iar_deps" --dynamic_output
#        "C:\Users\User\Desktop\CBU_3.0\EWARM\ײֱ׃_סכויג ּÊ (2)\Exe\ײֱ׃_סכויג ּÊ
#        (2).out.iar_dynout"
#
###############################################################################

*******************************************************************************
*** RUNTIME MODEL ATTRIBUTES
***

CppFlavor       = *
__CPP_Runtime   = 1
__SystemLibrary = DLib
__dlib_version  = 6


*******************************************************************************
*** HEAP SELECTION
***

The basic heap was selected because --advanced_heap
was not specified and the application did not appear to
be primarily optimized for speed.


*******************************************************************************
*** PLACEMENT SUMMARY
***

"A0":  place at address 0x800'0000 {  ro section .intvec };
"P1":  place in [from 0x800'0000 to 0x801'ffff] {  ro };
define block CSTACK with size = 1K, alignment = 8 { };
define block HEAP with size = 512, alignment = 8 { };
"P2":  place in [from 0x2000'0000 to 0x2000'4fff] {
           rw,  block CSTACK,  block HEAP };
initialize by copy {  rw };

  Section            Kind         Address  Alignment    Size  Object
  -------            ----         -------  ---------    ----  ------
"A0":                                                   0xec
  .intvec            ro code   0x800'0000          4    0xec  startup_stm32f103xb.o [3]
                             - 0x800'00ec               0xec

"P1":                                                 0x3c6e
  .text              ro code   0x800'00ec          4  0x1484  stm32f1xx_hal_i2c.o [4]
  .text              ro code   0x800'1570          4   0x1a4  stm32f1xx_hal_msp.o [2]
  .text              ro code   0x800'1714          4   0x64c  stm32f1xx_hal_rcc.o [4]
  .text              ro code   0x800'1d60          2     0x2  stm32f1xx_hal_i2c.o [4]
  .text              ro code   0x800'1d62          2     0x2  stm32f1xx_hal_i2c.o [4]
  .text              ro code   0x800'1d64          2     0x2  stm32f1xx_hal_i2c.o [4]
  .text              ro code   0x800'1d66          2     0x2  stm32f1xx_hal_i2c.o [4]
  .text              ro code   0x800'1d68          4   0x850  main.o [2]
  .text              ro code   0x800'25b8          2     0x2  stm32f1xx_hal_i2c.o [4]
  .text              ro code   0x800'25ba          2    0x2a  copy_init3.o [6]
  .text              ro code   0x800'25e4          4    0xd6  stm32f1xx_hal_dma.o [4]
  .text              ro code   0x800'26ba          2     0x2  stm32f1xx_hal_i2c.o [4]
  .text              ro code   0x800'26bc          4    0x66  ABImemset.o [6]
  .rodata            const     0x800'2722          2     0x2  main.o [2]
  .text              ro code   0x800'2724          4   0x2b4  stm32f1xx_hal_gpio.o [4]
  .text              ro code   0x800'29d8          4   0x154  stm32f1xx_hal_cortex.o [4]
  .text              ro code   0x800'2b2c          4     0xc  stm32f1xx_hal.o [4]
  .text              ro code   0x800'2b38          4    0x4c  stm32f1xx_hal.o [4]
  .text              ro code   0x800'2b84          4    0x24  stm32f1xx_hal.o [4]
  .text              ro code   0x800'2ba8          4   0x544  ktv.o [2]
  .text              ro code   0x800'30ec          4   0x410  stm32f1xx_hal_tim.o [4]
  .text              ro code   0x800'34fc          4    0x80  stm32f1xx_hal_tim_ex.o [4]
  .text              ro code   0x800'357c          4   0x1e8  stm32f1xx_hal_usart.o [4]
  .text              ro code   0x800'3764          4   0x274  I64DivMod.o [6]
  .text              ro code   0x800'39d8          4    0x22  I64Shl.o [6]
  .rodata            const     0x800'39fa          2     0x2  stm32f1xx_hal_rcc.o [4]
  .text              ro code   0x800'39fc          4    0x1e  U64Shr.o [6]
  .text              ro code   0x800'3a1a          2     0x2  stm32f1xx_hal_tim.o [4]
  .text              ro code   0x800'3a1c          2     0x2  stm32f1xx_hal_tim.o [4]
  .text              ro code   0x800'3a1e          2     0x2  stm32f1xx_hal_tim.o [4]
  .text              ro code   0x800'3a20          2     0x2  stm32f1xx_hal_tim_ex.o [4]
  .text              ro code   0x800'3a22          2     0x2  stm32f1xx_hal_tim.o [4]
  .text              ro code   0x800'3a24          2     0x2  stm32f1xx_hal_tim_ex.o [4]
  .text              ro code   0x800'3a28          4     0x2  I64DivZer.o [6]
  .text              ro code   0x800'3a2c          4    0x90  stm32f1xx_it.o [2]
  .text              ro code   0x800'3abc          4    0x18  stm32f1xx_hal.o [4]
  .rodata            const     0x800'3ad4          4    0x80  main.o [2]
  .rodata            const     0x800'3b54          4    0x40  main.o [2]
  .text              ro code   0x800'3b94          2    0x38  zero_init3.o [6]
  .text              ro code   0x800'3bcc          4    0x28  data_init.o [6]
  .text              ro code   0x800'3bf4          4    0x22  cmain.o [6]
  .text              ro code   0x800'3c16          2     0x4  low_level_init.o [5]
  .text              ro code   0x800'3c1a          2     0x4  exit.o [5]
  .text              ro code   0x800'3c20          4     0x4  cexit.o [6]
  .text              ro code   0x800'3c24          4     0xa  cexit_2.o [6]
  .text              ro code   0x800'3c30          4    0x14  exit.o [7]
  .iar.init_table    const     0x800'3c44          4    0x24  - Linker created -
  .text              ro code   0x800'3c68          4    0x1e  cstartup_M.o [6]
  .rodata            const     0x800'3c88          4    0x10  stm32f1xx_hal_rcc.o [4]
  .rodata            const     0x800'3c98          4    0x10  system_stm32f1xx.o [1]
  .text              ro code   0x800'3ca8          4    0x10  startup_stm32f103xb.o [3]
  Initializer bytes  const     0x800'3cb8          4     0xc  <for P2-1>
  .rodata            const     0x800'3cc4          4     0x8  system_stm32f1xx.o [1]
  .text              ro code   0x800'3ccc          2     0x4  startup_stm32f103xb.o [3]
  .text              ro code   0x800'3cd0          2     0x4  startup_stm32f103xb.o [3]
  .text              ro code   0x800'3cd4          2     0x4  startup_stm32f103xb.o [3]
  .text              ro code   0x800'3cd8          2     0x4  startup_stm32f103xb.o [3]
  .text              ro code   0x800'3cdc          2     0x4  startup_stm32f103xb.o [3]
  .text              ro code   0x800'3ce0          2     0x4  startup_stm32f103xb.o [3]
  .text              ro code   0x800'3ce4          2     0x4  startup_stm32f103xb.o [3]
  .text              ro code   0x800'3ce8          2     0x4  startup_stm32f103xb.o [3]
  .text              ro code   0x800'3cec          2     0x4  startup_stm32f103xb.o [3]
  .text              ro code   0x800'3cf0          2     0x4  startup_stm32f103xb.o [3]
  .text              ro code   0x800'3cf4          2     0x4  startup_stm32f103xb.o [3]
  .text              ro code   0x800'3cf8          2     0x4  startup_stm32f103xb.o [3]
  .text              ro code   0x800'3cfc          2     0x4  startup_stm32f103xb.o [3]
  .text              ro code   0x800'3d00          2     0x4  startup_stm32f103xb.o [3]
  .text              ro code   0x800'3d04          2     0x4  startup_stm32f103xb.o [3]
  .text              ro code   0x800'3d08          2     0x4  startup_stm32f103xb.o [3]
  .text              ro code   0x800'3d0c          2     0x4  startup_stm32f103xb.o [3]
  .text              ro code   0x800'3d10          2     0x4  startup_stm32f103xb.o [3]
  .text              ro code   0x800'3d14          2     0x4  startup_stm32f103xb.o [3]
  .text              ro code   0x800'3d18          2     0x4  startup_stm32f103xb.o [3]
  .text              ro code   0x800'3d1c          2     0x4  startup_stm32f103xb.o [3]
  .text              ro code   0x800'3d20          2     0x4  startup_stm32f103xb.o [3]
  .text              ro code   0x800'3d24          2     0x4  startup_stm32f103xb.o [3]
  .text              ro code   0x800'3d28          2     0x4  startup_stm32f103xb.o [3]
  .text              ro code   0x800'3d2c          2     0x4  startup_stm32f103xb.o [3]
  .text              ro code   0x800'3d30          2     0x4  startup_stm32f103xb.o [3]
  .text              ro code   0x800'3d34          2     0x4  startup_stm32f103xb.o [3]
  .text              ro code   0x800'3d38          2     0x4  startup_stm32f103xb.o [3]
  .text              ro code   0x800'3d3c          2     0x4  startup_stm32f103xb.o [3]
  .text              ro code   0x800'3d40          2     0x4  startup_stm32f103xb.o [3]
  .text              ro code   0x800'3d44          2     0x4  startup_stm32f103xb.o [3]
  .text              ro code   0x800'3d48          2     0x4  startup_stm32f103xb.o [3]
  .text              ro code   0x800'3d4c          2     0x4  startup_stm32f103xb.o [3]
  .text              ro code   0x800'3d50          2     0x4  startup_stm32f103xb.o [3]
  .text              ro code   0x800'3d54          2     0x4  startup_stm32f103xb.o [3]
  .text              ro code   0x800'3d58          4     0x2  system_stm32f1xx.o [1]
  .rodata            const     0x800'3d5a                0x0  zero_init3.o [6]
  .rodata            const     0x800'3d5a                0x0  copy_init3.o [6]
                             - 0x800'3d5a             0x3c6e

"P2", part 1 of 3:                                       0xc
  P2-1                        0x2000'0000          4     0x9  <Init block>
    .data            inited   0x2000'0000          4     0x4  stm32f1xx_hal.o [4]
    .data            inited   0x2000'0004          4     0x4  system_stm32f1xx.o [1]
    .data            inited   0x2000'0008                0x1  stm32f1xx_hal.o [4]
                            - 0x2000'0009                0x9

"P2", part 2 of 3:                                     0x3a4
  .bss               zero     0x2000'0010          8   0x1f8  ktv.o [2]
  .bss               zero     0x2000'0208          4    0x64  ktv.o [2]
  .bss               zero     0x2000'026c          4    0x54  main.o [2]
  .bss               zero     0x2000'02c0          4    0x48  main.o [2]
  .bss               zero     0x2000'0308          4    0x48  main.o [2]
  .bss               zero     0x2000'0350          4    0x44  main.o [2]
  .bss               zero     0x2000'0394          4     0x4  main.o [2]
  .bss               zero     0x2000'0398          4     0x4  stm32f1xx_hal.o [4]
  .bss               zero     0x2000'039c          2     0x2  main.o [2]
  .bss               zero     0x2000'039e          2     0x2  main.o [2]
  .bss               zero     0x2000'03a0          2     0x2  main.o [2]
  .bss               zero     0x2000'03a2                0x1  main.o [2]
  .bss               zero     0x2000'03a3                0x1  main.o [2]
  .bss               zero     0x2000'03a4                0x1  main.o [2]
  .bss               zero     0x2000'03a5                0x1  main.o [2]
  .bss               zero     0x2000'03a6                0x1  main.o [2]
  .bss               zero     0x2000'03a7                0x1  main.o [2]
  .bss               zero     0x2000'03a8                0x1  main.o [2]
  .bss               zero     0x2000'03a9                0x1  main.o [2]
  .bss               zero     0x2000'03aa                0x1  main.o [2]
  .bss               zero     0x2000'03ab                0x1  main.o [2]
  .bss               zero     0x2000'03ac                0x1  main.o [2]
  .bss               zero     0x2000'03ad                0x1  main.o [2]
                            - 0x2000'03ae              0x3a2

"P2", part 3 of 3:                                     0x400
  CSTACK                      0x2000'03b0          8   0x400  <Block>
    CSTACK           uninit   0x2000'03b0              0x400  <Block tail>
                            - 0x2000'07b0              0x400

Unused ranges:

         From           To      Size
         ----           --      ----
   0x800'3d5a   0x801'ffff  0x1'c2a6
  0x2000'07b0  0x2000'4fff    0x4850


*******************************************************************************
*** INIT TABLE
***

          Address      Size
          -------      ----
Zero (__iar_zero_init3)
    1 destination range, total size 0x39e:
          0x2000'0010  0x39e

Copy (__iar_copy_init3)
    1 source range, total size 0xc (133% of destination):
           0x800'3cb8    0xc
    1 destination range, total size 0x9:
          0x2000'0000    0x9



*******************************************************************************
*** MODULE SUMMARY
***

    Module                  ro code  ro data  rw data
    ------                  -------  -------  -------
command line/config:
    -------------------------------------------------
    Total:

C:\Users\User\Desktop\CBU_3.0\EWARM\ײֱ׃_סכויג ּÊ (2)\Obj\CMSIS_6603591812247902717.dir: [1]
    system_stm32f1xx.o            2       28        4
    -------------------------------------------------
    Total:                        2       28        4

C:\Users\User\Desktop\CBU_3.0\EWARM\ײֱ׃_סכויג ּÊ (2)\Obj\Core_13247989168731456611.dir: [2]
    ktv.o                     1'348               604
    main.o                    2'128      194      318
    stm32f1xx_hal_msp.o         420
    stm32f1xx_it.o              144
    -------------------------------------------------
    Total:                    4'040      194      922

C:\Users\User\Desktop\CBU_3.0\EWARM\ײֱ׃_סכויג ּÊ (2)\Obj\EWARM_18443280873093131863.dir: [3]
    startup_stm32f103xb.o       392
    -------------------------------------------------
    Total:                      392

C:\Users\User\Desktop\CBU_3.0\EWARM\ײֱ׃_סכויג ּÊ (2)\Obj\STM32F1xx_HAL_Driver_9701002599162248031.dir: [4]
    stm32f1xx_hal.o             148        5        9
    stm32f1xx_hal_cortex.o      340
    stm32f1xx_hal_dma.o         214
    stm32f1xx_hal_gpio.o        692
    stm32f1xx_hal_i2c.o       5'264
    stm32f1xx_hal_rcc.o       1'612       18
    stm32f1xx_hal_tim.o       1'048
    stm32f1xx_hal_tim_ex.o      132
    stm32f1xx_hal_usart.o       488
    -------------------------------------------------
    Total:                    9'938       23        9

dl7M_tln.a: [5]
    exit.o                        4
    low_level_init.o              4
    -------------------------------------------------
    Total:                        8

rt7M_tl.a: [6]
    ABImemset.o                 102
    I64DivMod.o                 628
    I64DivZer.o                   2
    I64Shl.o                     34
    U64Shr.o                     30
    cexit.o                       4
    cexit_2.o                    10
    cmain.o                      34
    copy_init3.o                 42
    cstartup_M.o                 30
    data_init.o                  40
    zero_init3.o                 56
    -------------------------------------------------
    Total:                    1'012

shb_l.a: [7]
    exit.o                       20
    -------------------------------------------------
    Total:                       20

    Gaps                          8        2        4
    Linker created                        39    1'024
-----------------------------------------------------
    Grand Total:             15'420      286    1'963


*******************************************************************************
*** ENTRY LIST
***

Entry                       Address   Size  Type      Object
-----                       -------   ----  ----      ------
.iar.init_table$$Base    0x800'3c44          --   Gb  - Linker created -
.iar.init_table$$Limit   0x800'3c68          --   Gb  - Linker created -
?main                    0x800'3bf5         Code  Gb  cmain.o [6]
ADC1_2_IRQHandler        0x800'3d0d         Code  Wk  startup_stm32f103xb.o [3]
AHBPrescTable            0x800'3c98   0x10  Data  Gb  system_stm32f1xx.o [1]
APBPrescTable            0x800'3cc4    0x8  Data  Gb  system_stm32f1xx.o [1]
ApplyExpander16State     0x800'1d99   0x6e  Code  Lc  main.o [2]
ApplyExpander8State      0x800'1e07   0x3c  Code  Lc  main.o [2]
BusFault_Handler         0x800'3a33    0x2  Code  Gb  stm32f1xx_it.o [2]
CAN1_RX1_IRQHandler      0x800'3d19         Code  Wk  startup_stm32f103xb.o [3]
CAN1_SCE_IRQHandler      0x800'3d1d         Code  Wk  startup_stm32f103xb.o [3]
CSTACK$$Base            0x2000'03b0          --   Gb  - Linker created -
CSTACK$$Limit           0x2000'07b0          --   Gb  - Linker created -
ClearPcfIntLatch         0x800'1ec3   0x18  Code  Lc  main.o [2]
DMA1_Channel1_IRQHandler
                         0x800'3cf1         Code  Wk  startup_stm32f103xb.o [3]
DMA1_Channel2_IRQHandler
                         0x800'3cf5         Code  Wk  startup_stm32f103xb.o [3]
DMA1_Channel3_IRQHandler
                         0x800'3cf9         Code  Wk  startup_stm32f103xb.o [3]
DMA1_Channel4_IRQHandler
                         0x800'3cfd         Code  Wk  startup_stm32f103xb.o [3]
DMA1_Channel5_IRQHandler
                         0x800'3d01         Code  Wk  startup_stm32f103xb.o [3]
DMA1_Channel6_IRQHandler
                         0x800'3d05         Code  Wk  startup_stm32f103xb.o [3]
DMA1_Channel7_IRQHandler
                         0x800'3d09         Code  Wk  startup_stm32f103xb.o [3]
DebugMon_Handler         0x800'3a39    0x2  Code  Gb  stm32f1xx_it.o [2]
EXTI0_IRQHandler         0x800'3a45    0xa  Code  Gb  stm32f1xx_it.o [2]
EXTI15_10_IRQHandler     0x800'3a99   0x24  Code  Gb  stm32f1xx_it.o [2]
EXTI1_IRQHandler         0x800'3a4f    0xa  Code  Gb  stm32f1xx_it.o [2]
EXTI2_IRQHandler         0x800'3ce5         Code  Wk  startup_stm32f103xb.o [3]
EXTI3_IRQHandler         0x800'3ce9         Code  Wk  startup_stm32f103xb.o [3]
EXTI4_IRQHandler         0x800'3ced         Code  Wk  startup_stm32f103xb.o [3]
EXTI9_5_IRQHandler       0x800'3a59    0xc  Code  Gb  stm32f1xx_it.o [2]
Error_Handler            0x800'25b5    0x4  Code  Gb  main.o [2]
Expander_WritePin        0x800'1d69   0x30  Code  Lc  main.o [2]
FLASH_IRQHandler         0x800'3cdd         Code  Wk  startup_stm32f103xb.o [3]
HAL_DMA_Abort_IT         0x800'25e5   0xb4  Code  Gb  stm32f1xx_hal_dma.o [4]
HAL_DMA_GetState         0x800'26b5    0x6  Code  Gb  stm32f1xx_hal_dma.o [4]
HAL_GPIO_EXTI_Callback   0x800'2479   0xba  Code  Gb  main.o [2]
HAL_GPIO_EXTI_IRQHandler
                         0x800'2973   0x20  Code  Gb  stm32f1xx_hal_gpio.o [4]
HAL_GPIO_Init            0x800'2725  0x21e  Code  Gb  stm32f1xx_hal_gpio.o [4]
HAL_GPIO_ReadPin         0x800'2943   0x16  Code  Gb  stm32f1xx_hal_gpio.o [4]
HAL_GPIO_WritePin        0x800'2959   0x1a  Code  Gb  stm32f1xx_hal_gpio.o [4]
HAL_GetTick              0x800'2b2d    0xc  Code  Wk  stm32f1xx_hal.o [4]
HAL_I2C_AbortCpltCallback
                         0x800'26bb    0x2  Code  Wk  stm32f1xx_hal_i2c.o [4]
HAL_I2C_AddrCallback     0x800'236f   0x9c  Code  Gb  main.o [2]
HAL_I2C_ER_IRQHandler    0x800'0627   0xf8  Code  Gb  stm32f1xx_hal_i2c.o [4]
HAL_I2C_EV_IRQHandler    0x800'0461  0x1c6  Code  Gb  stm32f1xx_hal_i2c.o [4]
HAL_I2C_EnableListen_IT
                         0x800'041d   0x44  Code  Gb  stm32f1xx_hal_i2c.o [4]
HAL_I2C_ErrorCallback    0x800'2465   0x14  Code  Gb  main.o [2]
HAL_I2C_Init             0x800'00ed  0x1d2  Code  Gb  stm32f1xx_hal_i2c.o [4]
HAL_I2C_ListenCpltCallback
                         0x800'2451   0x14  Code  Gb  main.o [2]
HAL_I2C_MasterRxCpltCallback
                         0x800'1d67    0x2  Code  Wk  stm32f1xx_hal_i2c.o [4]
HAL_I2C_MasterTxCpltCallback
                         0x800'1d61    0x2  Code  Wk  stm32f1xx_hal_i2c.o [4]
HAL_I2C_MemRxCpltCallback
                         0x800'1d65    0x2  Code  Wk  stm32f1xx_hal_i2c.o [4]
HAL_I2C_MemTxCpltCallback
                         0x800'1d63    0x2  Code  Wk  stm32f1xx_hal_i2c.o [4]
HAL_I2C_MspInit          0x800'15ad   0x78  Code  Gb  stm32f1xx_hal_msp.o [2]
HAL_I2C_SlaveRxCpltCallback
                         0x800'240b   0x46  Code  Gb  main.o [2]
HAL_I2C_SlaveTxCpltCallback
                         0x800'25b9    0x2  Code  Wk  stm32f1xx_hal_i2c.o [4]
HAL_I2C_Slave_Seq_Receive_IT
                         0x800'0383   0x9a  Code  Gb  stm32f1xx_hal_i2c.o [4]
HAL_I2C_Slave_Seq_Transmit_IT
                         0x800'02e9   0x9a  Code  Gb  stm32f1xx_hal_i2c.o [4]
HAL_IncTick              0x800'3abd   0x18  Code  Wk  stm32f1xx_hal.o [4]
HAL_Init                 0x800'2b85   0x20  Code  Gb  stm32f1xx_hal.o [4]
HAL_InitTick             0x800'2b39   0x4c  Code  Wk  stm32f1xx_hal.o [4]
HAL_MspInit              0x800'1571   0x3c  Code  Gb  stm32f1xx_hal_msp.o [2]
HAL_NVIC_EnableIRQ       0x800'2af1    0xe  Code  Gb  stm32f1xx_hal_cortex.o [4]
HAL_NVIC_SetPriority     0x800'2ac7   0x2a  Code  Gb  stm32f1xx_hal_cortex.o [4]
HAL_NVIC_SetPriorityGrouping
                         0x800'2abb    0xc  Code  Gb  stm32f1xx_hal_cortex.o [4]
HAL_RCC_ClockConfig      0x800'1b15  0x14c  Code  Gb  stm32f1xx_hal_rcc.o [4]
HAL_RCC_GetHCLKFreq      0x800'1cbd    0x6  Code  Gb  stm32f1xx_hal_rcc.o [4]
HAL_RCC_GetPCLK1Freq     0x800'1cc3   0x16  Code  Gb  stm32f1xx_hal_rcc.o [4]
HAL_RCC_GetPCLK2Freq     0x800'1cd9   0x16  Code  Gb  stm32f1xx_hal_rcc.o [4]
HAL_RCC_GetSysClockFreq
                         0x800'1c61   0x5c  Code  Gb  stm32f1xx_hal_rcc.o [4]
HAL_RCC_GetSysClockFreq::aPLLMULFactorTable
                         0x800'3c88   0x10  Data  Lc  stm32f1xx_hal_rcc.o [4]
HAL_RCC_GetSysClockFreq::aPredivFactorTable
                         0x800'39fa    0x2  Data  Lc  stm32f1xx_hal_rcc.o [4]
HAL_RCC_OscConfig        0x800'1715  0x400  Code  Gb  stm32f1xx_hal_rcc.o [4]
HAL_SYSTICK_Config       0x800'2aff    0xc  Code  Gb  stm32f1xx_hal_cortex.o [4]
HAL_TIMEx_BreakCallback
                         0x800'3a21    0x2  Code  Wk  stm32f1xx_hal_tim_ex.o [4]
HAL_TIMEx_CommutCallback
                         0x800'3a25    0x2  Code  Wk  stm32f1xx_hal_tim_ex.o [4]
HAL_TIMEx_MasterConfigSynchronization
                         0x800'34fd   0x70  Code  Gb  stm32f1xx_hal_tim_ex.o [4]
HAL_TIM_Base_Init        0x800'30ed   0x6e  Code  Gb  stm32f1xx_hal_tim.o [4]
HAL_TIM_Base_MspInit     0x800'1625   0x60  Code  Gb  stm32f1xx_hal_msp.o [2]
HAL_TIM_Base_Start_IT    0x800'315b   0x72  Code  Gb  stm32f1xx_hal_tim.o [4]
HAL_TIM_ConfigClockSource
                         0x800'3317   0xf4  Code  Gb  stm32f1xx_hal_tim.o [4]
HAL_TIM_IC_CaptureCallback
                         0x800'3a1b    0x2  Code  Wk  stm32f1xx_hal_tim.o [4]
HAL_TIM_IRQHandler       0x800'31d9  0x13e  Code  Gb  stm32f1xx_hal_tim.o [4]
HAL_TIM_OC_DelayElapsedCallback
                         0x800'3a1d    0x2  Code  Wk  stm32f1xx_hal_tim.o [4]
HAL_TIM_PWM_PulseFinishedCallback
                         0x800'3a1f    0x2  Code  Wk  stm32f1xx_hal_tim.o [4]
HAL_TIM_PeriodElapsedCallback
                         0x800'2327   0x48  Code  Gb  main.o [2]
HAL_TIM_PeriodElapsedCallback::on3_3_ones
                        0x2000'03ad    0x1  Data  Lc  main.o [2]
HAL_TIM_TriggerCallback
                         0x800'3a23    0x2  Code  Wk  stm32f1xx_hal_tim.o [4]
HAL_USART_Init           0x800'357d   0x5e  Code  Gb  stm32f1xx_hal_usart.o [4]
HAL_USART_MspInit        0x800'1685   0x6e  Code  Gb  stm32f1xx_hal_msp.o [2]
HardFault_Handler        0x800'3a2f    0x2  Code  Gb  stm32f1xx_it.o [2]
I2C1_ER_IRQHandler       0x800'3a83    0xa  Code  Gb  stm32f1xx_it.o [2]
I2C1_EV_IRQHandler       0x800'3a79    0xa  Code  Gb  stm32f1xx_it.o [2]
I2C2_ER_IRQHandler       0x800'3d39         Code  Wk  startup_stm32f103xb.o [3]
I2C2_EV_IRQHandler       0x800'3d35         Code  Wk  startup_stm32f103xb.o [3]
I2C_ConvertOtherXferOptions
                         0x800'1555   0x1c  Code  Lc  stm32f1xx_hal_i2c.o [4]
I2C_DMAAbort             0x800'1411   0xf6  Code  Lc  stm32f1xx_hal_i2c.o [4]
I2C_Flush_DR             0x800'02bf   0x10  Code  Lc  stm32f1xx_hal_i2c.o [4]
I2C_ITError              0x800'1275  0x196  Code  Lc  stm32f1xx_hal_i2c.o [4]
I2C_MasterReceive_BTF    0x800'0a87  0x132  Code  Lc  stm32f1xx_hal_i2c.o [4]
I2C_MasterReceive_RXNE   0x800'0985  0x102  Code  Lc  stm32f1xx_hal_i2c.o [4]
I2C_MasterTransmit_BTF   0x800'0807   0xa4  Code  Lc  stm32f1xx_hal_i2c.o [4]
I2C_MasterTransmit_TXE   0x800'071f   0xe8  Code  Lc  stm32f1xx_hal_i2c.o [4]
I2C_Master_ADD10         0x800'0c6b   0x32  Code  Lc  stm32f1xx_hal_i2c.o [4]
I2C_Master_ADDR          0x800'0c9d  0x258  Code  Lc  stm32f1xx_hal_i2c.o [4]
I2C_Master_SB            0x800'0bb9   0xb2  Code  Lc  stm32f1xx_hal_i2c.o [4]
I2C_MemoryTransmit_TXE_BTF
                         0x800'08ab   0xda  Code  Lc  stm32f1xx_hal_i2c.o [4]
I2C_SlaveReceive_BTF     0x800'0faf   0x1c  Code  Lc  stm32f1xx_hal_i2c.o [4]
I2C_SlaveReceive_RXNE    0x800'0f61   0x4e  Code  Lc  stm32f1xx_hal_i2c.o [4]
I2C_SlaveTransmit_BTF    0x800'0f45   0x1c  Code  Lc  stm32f1xx_hal_i2c.o [4]
I2C_SlaveTransmit_TXE    0x800'0ef7   0x4e  Code  Lc  stm32f1xx_hal_i2c.o [4]
I2C_Slave_ADDR           0x800'0fcb   0x66  Code  Lc  stm32f1xx_hal_i2c.o [4]
I2C_Slave_AF             0x800'11cb   0xaa  Code  Lc  stm32f1xx_hal_i2c.o [4]
I2C_Slave_STOPF          0x800'1031  0x19a  Code  Lc  stm32f1xx_hal_i2c.o [4]
I2C_WaitOnSTOPRequestThroughIT
                         0x800'1507   0x46  Code  Lc  stm32f1xx_hal_i2c.o [4]
Ktv_ClearResults         0x800'2e69   0x46  Code  Lc  ktv.o [2]
Ktv_GetProfile           0x800'2d93   0xd6  Code  Lc  ktv.o [2]
Ktv_Init                 0x800'2ba9   0x48  Code  Gb  ktv.o [2]
Ktv_Process              0x800'2d55   0x3e  Code  Gb  ktv.o [2]
Ktv_ProcessProfile       0x800'2eaf  0x22c  Code  Lc  ktv.o [2]
Ktv_Start                0x800'2bf1   0x36  Code  Lc  ktv.o [2]
Ktv_TickISR              0x800'2c27  0x12e  Code  Gb  ktv.o [2]
MX_GPIO_Init             0x800'212b  0x1fc  Code  Lc  main.o [2]
MX_I2C1_Init             0x800'1fbd   0x3e  Code  Lc  main.o [2]
MX_TIM1_Init             0x800'1ffb   0x7c  Code  Lc  main.o [2]
MX_TIM2_Init             0x800'2077   0x78  Code  Lc  main.o [2]
MX_USART2_Init           0x800'20ef   0x3c  Code  Lc  main.o [2]
MemManage_Handler        0x800'3a31    0x2  Code  Gb  stm32f1xx_it.o [2]
NMI_Handler              0x800'3a2d    0x2  Code  Gb  stm32f1xx_it.o [2]
NVIC_EncodePriority      0x800'2a4b   0x40  Code  Lc  stm32f1xx_hal_cortex.o [4]
PVD_IRQHandler           0x800'3cd1         Code  Wk  startup_stm32f103xb.o [3]
PendSV_Handler           0x800'3a3b    0x2  Code  Gb  stm32f1xx_it.o [2]
PrepareExpanderTx        0x800'1e43   0x6c  Code  Lc  main.o [2]
RCC_Delay                0x800'1cef   0x26  Code  Lc  stm32f1xx_hal_rcc.o [4]
RCC_IRQHandler           0x800'3ce1         Code  Wk  startup_stm32f103xb.o [3]
RTC_Alarm_IRQHandler     0x800'3d51         Code  Wk  startup_stm32f103xb.o [3]
RTC_IRQHandler           0x800'3cd9         Code  Wk  startup_stm32f103xb.o [3]
Region$$Table$$Base      0x800'3c44          --   Gb  - Linker created -
Region$$Table$$Limit     0x800'3c68          --   Gb  - Linker created -
Reset_Handler            0x800'3ca9         Code  Wk  startup_stm32f103xb.o [3]
SPI1_IRQHandler          0x800'3d3d         Code  Wk  startup_stm32f103xb.o [3]
SPI2_IRQHandler          0x800'3d41         Code  Wk  startup_stm32f103xb.o [3]
SVC_Handler              0x800'3a37    0x2  Code  Gb  stm32f1xx_it.o [2]
SetPcfIntLevel           0x800'1eaf   0x14  Code  Lc  main.o [2]
SysTick_Config           0x800'2a8b   0x30  Code  Lc  stm32f1xx_hal_cortex.o [4]
SysTick_Handler          0x800'3a3d    0x8  Code  Gb  stm32f1xx_it.o [2]
SystemClock_Config       0x800'1f4f   0x6e  Code  Gb  main.o [2]
SystemCoreClock         0x2000'0004    0x4  Data  Gb  system_stm32f1xx.o [1]
SystemInit               0x800'3d59    0x2  Code  Gb  system_stm32f1xx.o [1]
TAMPER_IRQHandler        0x800'3cd5         Code  Wk  startup_stm32f103xb.o [3]
TIM1_BRK_IRQHandler      0x800'3d21         Code  Wk  startup_stm32f103xb.o [3]
TIM1_CC_IRQHandler       0x800'3d29         Code  Wk  startup_stm32f103xb.o [3]
TIM1_TRG_COM_IRQHandler
                         0x800'3d25         Code  Wk  startup_stm32f103xb.o [3]
TIM1_UP_IRQHandler       0x800'3a65    0xa  Code  Gb  stm32f1xx_it.o [2]
TIM2_IRQHandler          0x800'3a6f    0xa  Code  Gb  stm32f1xx_it.o [2]
TIM3_IRQHandler          0x800'3d2d         Code  Wk  startup_stm32f103xb.o [3]
TIM4_IRQHandler          0x800'3d31         Code  Wk  startup_stm32f103xb.o [3]
TIM_Base_SetConfig       0x800'340b   0x76  Code  Gb  stm32f1xx_hal_tim.o [4]
TIM_ETR_SetConfig        0x800'34e7   0x16  Code  Gb  stm32f1xx_hal_tim.o [4]
TIM_ITRx_SetConfig       0x800'34d7   0x10  Code  Lc  stm32f1xx_hal_tim.o [4]
TIM_TI1_ConfigInputStage
                         0x800'348d   0x24  Code  Lc  stm32f1xx_hal_tim.o [4]
TIM_TI2_ConfigInputStage
                         0x800'34b1   0x26  Code  Lc  stm32f1xx_hal_tim.o [4]
USART1_IRQHandler        0x800'3d45         Code  Wk  startup_stm32f103xb.o [3]
USART2_IRQHandler        0x800'3d49         Code  Wk  startup_stm32f103xb.o [3]
USART3_IRQHandler        0x800'3d4d         Code  Wk  startup_stm32f103xb.o [3]
USART_SetConfig          0x800'35db  0x17e  Code  Lc  stm32f1xx_hal_usart.o [4]
USBWakeUp_IRQHandler     0x800'3d55         Code  Wk  startup_stm32f103xb.o [3]
USB_HP_CAN1_TX_IRQHandler
                         0x800'3d11         Code  Wk  startup_stm32f103xb.o [3]
USB_LP_CAN1_RX0_IRQHandler
                         0x800'3d15         Code  Wk  startup_stm32f103xb.o [3]
UsageFault_Handler       0x800'3a35    0x2  Code  Gb  stm32f1xx_it.o [2]
WWDG_IRQHandler          0x800'3ccd         Code  Wk  startup_stm32f103xb.o [3]
__NVIC_EnableIRQ         0x800'2a01   0x1e  Code  Lc  stm32f1xx_hal_cortex.o [4]
__NVIC_GetPriorityGrouping
                         0x800'29f7    0xa  Code  Lc  stm32f1xx_hal_cortex.o [4]
__NVIC_SetPriority       0x800'2a1f   0x2c  Code  Lc  stm32f1xx_hal_cortex.o [4]
__NVIC_SetPriorityGrouping
                         0x800'29d9   0x1e  Code  Lc  stm32f1xx_hal_cortex.o [4]
__aeabi_ldiv0            0x800'3a29         Code  Gb  I64DivZer.o [6]
__aeabi_ldivmod          0x800'3765         Code  Gb  I64DivMod.o [6]
__aeabi_llsl             0x800'39d9         Code  Gb  I64Shl.o [6]
__aeabi_llsr             0x800'39fd         Code  Gb  U64Shr.o [6]
__aeabi_memset           0x800'26bd         Code  Gb  ABImemset.o [6]
__aeabi_uldivmod         0x800'37a9         Code  Gb  I64DivMod.o [6]
__cmain                  0x800'3bf5         Code  Gb  cmain.o [6]
__exit                   0x800'3c31   0x14  Code  Gb  exit.o [7]
__iar_Memset             0x800'26bd         Code  Gb  ABImemset.o [6]
__iar_Memset_word        0x800'26c5         Code  Gb  ABImemset.o [6]
__iar_copy_init3         0x800'25bb   0x2a  Code  Gb  copy_init3.o [6]
__iar_data_init3         0x800'3bcd   0x28  Code  Gb  data_init.o [6]
__iar_program_start      0x800'3c69         Code  Gb  cstartup_M.o [6]
__iar_zero_init3         0x800'3b95   0x38  Code  Gb  zero_init3.o [6]
__low_level_init         0x800'3c17    0x4  Code  Gb  low_level_init.o [5]
__vector_table           0x800'0000         Data  Gb  startup_stm32f103xb.o [3]
_call_main               0x800'3c01         Code  Gb  cmain.o [6]
_exit                    0x800'3c21         Code  Gb  cexit.o [6]
_exit_2                  0x800'3c25         Code  Gb  cexit_2.o [6]
active_i2c_address      0x2000'03a3    0x1  Data  Lc  main.o [2]
active_rx_size          0x2000'03ab    0x1  Data  Lc  main.o [2]
door                    0x2000'03a7    0x1  Data  Gb  main.o [2]
error_sv                0x2000'03a8    0x1  Data  Gb  main.o [2]
exit                     0x800'3c1b    0x4  Code  Gb  exit.o [5]
expander16_input_mask    0x800'2722    0x2  Data  Lc  main.o [2]
expander16_map           0x800'3ad4   0x80  Data  Lc  main.o [2]
expander16_state        0x2000'03a0    0x2  Data  Lc  main.o [2]
expander8_map            0x800'3b54   0x40  Data  Lc  main.o [2]
expander8_state         0x2000'03a2    0x1  Data  Lc  main.o [2]
g_ktv                   0x2000'0010  0x1f8  Data  Lc  ktv.o [2]
g_result                0x2000'0208   0x64  Data  Lc  ktv.o [2]
hi2c1                   0x2000'026c   0x54  Data  Gb  main.o [2]
htim1                   0x2000'02c0   0x48  Data  Gb  main.o [2]
htim2                   0x2000'0308   0x48  Data  Gb  main.o [2]
husart2                 0x2000'0350   0x44  Data  Gb  main.o [2]
i2c_rx_buffer           0x2000'039c    0x2  Data  Lc  main.o [2]
i2c_tx_buffer           0x2000'039e    0x2  Data  Lc  main.o [2]
main                     0x800'1edb   0x74  Code  Gb  main.o [2]
on_3v3_enabled          0x2000'03ac    0x1  Data  Lc  main.o [2]
on_bkk_k1               0x2000'03a9    0x1  Data  Gb  main.o [2]
on_bkk_k2               0x2000'03aa    0x1  Data  Gb  main.o [2]
pcf_int_latched         0x2000'03a6    0x1  Data  Lc  main.o [2]
sd_sw_last_state        0x2000'03a4    0x1  Data  Lc  main.o [2]
sd_sw_return_state      0x2000'03a5    0x1  Data  Lc  main.o [2]
tim2_tick_count         0x2000'0394    0x4  Data  Lc  main.o [2]
uwTick                  0x2000'0398    0x4  Data  Gb  stm32f1xx_hal.o [4]
uwTickFreq              0x2000'0008    0x1  Data  Gb  stm32f1xx_hal.o [4]
uwTickPrio              0x2000'0000    0x4  Data  Gb  stm32f1xx_hal.o [4]


[1] = C:\Users\User\Desktop\CBU_3.0\EWARM\ײֱ׃_סכויג ּÊ (2)\Obj\CMSIS_6603591812247902717.dir
[2] = C:\Users\User\Desktop\CBU_3.0\EWARM\ײֱ׃_סכויג ּÊ (2)\Obj\Core_13247989168731456611.dir
[3] = C:\Users\User\Desktop\CBU_3.0\EWARM\ײֱ׃_סכויג ּÊ (2)\Obj\EWARM_18443280873093131863.dir
[4] = C:\Users\User\Desktop\CBU_3.0\EWARM\ײֱ׃_סכויג ּÊ (2)\Obj\STM32F1xx_HAL_Driver_9701002599162248031.dir
[5] = dl7M_tln.a
[6] = rt7M_tl.a
[7] = shb_l.a

  15'420 bytes of readonly  code memory
     286 bytes of readonly  data memory
   1'963 bytes of readwrite data memory

Errors: none
Warnings: none
