###############################################################################
#
# IAR ELF Linker V9.70.1.475/W64 for ARM                  19/Feb/2026  17:05:06
# Copyright 2007-2025 IAR Systems AB.
#
#    Output file  =
#        C:\Users\User\Desktop\Активные
#        проекты\CBU_F103\CBU_3_0_F103_APP\EWARM\ЦБУ_слейв МК (2)\Exe\ЦБУ_слейв
#        МК (2).out_nochecksum
#    Map file     =
#        C:\Users\User\Desktop\Активные
#        проекты\CBU_F103\CBU_3_0_F103_APP\EWARM\ЦБУ_слейв МК
#        (2)\List\ЦБУ_слейв МК (2).map
#    Command line =
#        -f "C:\Users\User\Desktop\Активные
#        проекты\CBU_F103\CBU_3_0_F103_APP\EWARM\ЦБУ_слейв МК (2)\Exe\ЦБУ_слейв
#        МК (2).out_nochecksum.rsp" ("C:\Users\User\Desktop\Активные
#        проекты\CBU_F103\CBU_3_0_F103_APP\EWARM\ЦБУ_слейв МК
#        (2)\Obj\Core_13247989168731456611.dir\ktv.o"
#        "C:\Users\User\Desktop\Активные
#        проекты\CBU_F103\CBU_3_0_F103_APP\EWARM\ЦБУ_слейв МК
#        (2)\Obj\Core_13247989168731456611.dir\main.o"
#        "C:\Users\User\Desktop\Активные
#        проекты\CBU_F103\CBU_3_0_F103_APP\EWARM\ЦБУ_слейв МК
#        (2)\Obj\Core_13247989168731456611.dir\mbcrc.o"
#        "C:\Users\User\Desktop\Активные
#        проекты\CBU_F103\CBU_3_0_F103_APP\EWARM\ЦБУ_слейв МК
#        (2)\Obj\EWARM_18443280873093131863.dir\startup_stm32f103xb.o"
#        "C:\Users\User\Desktop\Активные
#        проекты\CBU_F103\CBU_3_0_F103_APP\EWARM\ЦБУ_слейв МК
#        (2)\Obj\STM32F1xx_HAL_Driver_9701002599162248031.dir\stm32f1xx_hal.o"
#        "C:\Users\User\Desktop\Активные
#        проекты\CBU_F103\CBU_3_0_F103_APP\EWARM\ЦБУ_слейв МК
#        (2)\Obj\STM32F1xx_HAL_Driver_9701002599162248031.dir\stm32f1xx_hal_cortex.o"
#        "C:\Users\User\Desktop\Активные
#        проекты\CBU_F103\CBU_3_0_F103_APP\EWARM\ЦБУ_слейв МК
#        (2)\Obj\STM32F1xx_HAL_Driver_9701002599162248031.dir\stm32f1xx_hal_dma.o"
#        "C:\Users\User\Desktop\Активные
#        проекты\CBU_F103\CBU_3_0_F103_APP\EWARM\ЦБУ_слейв МК
#        (2)\Obj\STM32F1xx_HAL_Driver_9701002599162248031.dir\stm32f1xx_hal_exti.o"
#        "C:\Users\User\Desktop\Активные
#        проекты\CBU_F103\CBU_3_0_F103_APP\EWARM\ЦБУ_слейв МК
#        (2)\Obj\STM32F1xx_HAL_Driver_9701002599162248031.dir\stm32f1xx_hal_flash.o"
#        "C:\Users\User\Desktop\Активные
#        проекты\CBU_F103\CBU_3_0_F103_APP\EWARM\ЦБУ_слейв МК
#        (2)\Obj\STM32F1xx_HAL_Driver_9701002599162248031.dir\stm32f1xx_hal_flash_ex.o"
#        "C:\Users\User\Desktop\Активные
#        проекты\CBU_F103\CBU_3_0_F103_APP\EWARM\ЦБУ_слейв МК
#        (2)\Obj\STM32F1xx_HAL_Driver_9701002599162248031.dir\stm32f1xx_hal_gpio.o"
#        "C:\Users\User\Desktop\Активные
#        проекты\CBU_F103\CBU_3_0_F103_APP\EWARM\ЦБУ_слейв МК
#        (2)\Obj\STM32F1xx_HAL_Driver_9701002599162248031.dir\stm32f1xx_hal_gpio_ex.o"
#        "C:\Users\User\Desktop\Активные
#        проекты\CBU_F103\CBU_3_0_F103_APP\EWARM\ЦБУ_слейв МК
#        (2)\Obj\STM32F1xx_HAL_Driver_9701002599162248031.dir\stm32f1xx_hal_i2c.o"
#        "C:\Users\User\Desktop\Активные
#        проекты\CBU_F103\CBU_3_0_F103_APP\EWARM\ЦБУ_слейв МК
#        (2)\Obj\Core_13247989168731456611.dir\stm32f1xx_hal_msp.o"
#        "C:\Users\User\Desktop\Активные
#        проекты\CBU_F103\CBU_3_0_F103_APP\EWARM\ЦБУ_слейв МК
#        (2)\Obj\STM32F1xx_HAL_Driver_9701002599162248031.dir\stm32f1xx_hal_pwr.o"
#        "C:\Users\User\Desktop\Активные
#        проекты\CBU_F103\CBU_3_0_F103_APP\EWARM\ЦБУ_слейв МК
#        (2)\Obj\STM32F1xx_HAL_Driver_9701002599162248031.dir\stm32f1xx_hal_rcc.o"
#        "C:\Users\User\Desktop\Активные
#        проекты\CBU_F103\CBU_3_0_F103_APP\EWARM\ЦБУ_слейв МК
#        (2)\Obj\STM32F1xx_HAL_Driver_9701002599162248031.dir\stm32f1xx_hal_rcc_ex.o"
#        "C:\Users\User\Desktop\Активные
#        проекты\CBU_F103\CBU_3_0_F103_APP\EWARM\ЦБУ_слейв МК
#        (2)\Obj\STM32F1xx_HAL_Driver_9701002599162248031.dir\stm32f1xx_hal_tim.o"
#        "C:\Users\User\Desktop\Активные
#        проекты\CBU_F103\CBU_3_0_F103_APP\EWARM\ЦБУ_слейв МК
#        (2)\Obj\STM32F1xx_HAL_Driver_9701002599162248031.dir\stm32f1xx_hal_tim_ex.o"
#        "C:\Users\User\Desktop\Активные
#        проекты\CBU_F103\CBU_3_0_F103_APP\EWARM\ЦБУ_слейв МК
#        (2)\Obj\STM32F1xx_HAL_Driver_9701002599162248031.dir\stm32f1xx_hal_uart.o"
#        "C:\Users\User\Desktop\Активные
#        проекты\CBU_F103\CBU_3_0_F103_APP\EWARM\ЦБУ_слейв МК
#        (2)\Obj\Core_13247989168731456611.dir\stm32f1xx_it.o"
#        "C:\Users\User\Desktop\Активные
#        проекты\CBU_F103\CBU_3_0_F103_APP\EWARM\ЦБУ_слейв МК
#        (2)\Obj\CMSIS_6603591812247902717.dir\system_stm32f1xx.o"
#        --no_out_extension -o "C:\Users\User\Desktop\Активные
#        проекты\CBU_F103\CBU_3_0_F103_APP\EWARM\ЦБУ_слейв МК (2)\Exe\ЦБУ_слейв
#        МК (2).out_nochecksum" --redirect _Printf=_PrintfFullNoMb --redirect
#        _Scanf=_ScanfFullNoMb --keep __checksum --map
#        "C:\Users\User\Desktop\Активные
#        проекты\CBU_F103\CBU_3_0_F103_APP\EWARM\ЦБУ_слейв МК
#        (2)\List\ЦБУ_слейв МК (2).map" --config
#        "C:\Users\User\Desktop\Активные
#        проекты\CBU_F103\CBU_3_0_F103_APP\EWARM/stm32f103xb_flash.icf"
#        --semihosting --entry __iar_program_start --place_holder
#        __checksum,2,.checksum,1 --define_symbol __checksum_begin=0x8002000
#        --define_symbol __checksum_end=0x800fbfe --vfe --text_out locale
#        --cpu=Cortex-M3 --fpu=None) --diagnostics_format=sarif_stdout
#        --dependencies=n "C:\Users\User\Desktop\Активные
#        проекты\CBU_F103\CBU_3_0_F103_APP\EWARM\ЦБУ_слейв МК (2)\Exe\ЦБУ_слейв
#        МК (2).out_nochecksum.iar_deps" --dynamic_output
#        "C:\Users\User\Desktop\Активные
#        проекты\CBU_F103\CBU_3_0_F103_APP\EWARM\ЦБУ_слейв МК (2)\Exe\ЦБУ_слейв
#        МК (2).out_nochecksum.iar_dynout"
#
###############################################################################

*******************************************************************************
*** RUNTIME MODEL ATTRIBUTES
***

CppFlavor       = *
__CPP_Runtime   = 1
__SystemLibrary = DLib
__dlib_version  = 6


*******************************************************************************
*** HEAP SELECTION
***

The basic heap was selected because --advanced_heap
was not specified and the application did not appear to
be primarily optimized for speed.


*******************************************************************************
*** PLACEMENT SUMMARY
***

"A0":  place at address 0x800'2000 {  ro section .intvec };
"P1":  place in [from 0x800'2000 to 0x800'fbff] {  ro };
"A1":  place at address 0x800'fc00 {  ro section .flash_cfg };
define block CSTACK with size = 1K, alignment = 8 { };
define block HEAP with size = 512, alignment = 8 { };
"P2":  place in [from 0x2000'0000 to 0x2000'4fff] {
           rw,  block CSTACK,  block HEAP };
"A2":  place at end of [from 0x800'2000 to 0x800'fbff] {
           ro section .checksum };
initialize by copy {  rw };
keep {  section .flash_cfg };

  Section            Kind         Address  Alignment    Size  Object
  -------            ----         -------  ---------    ----  ------
"A0":                                                   0xec
  .intvec            ro code   0x800'2000          4    0xec  startup_stm32f103xb.o [3]
                             - 0x800'20ec               0xec

"P1":                                                 0x5a46
  .text              ro code   0x800'20ec          4  0x16c8  main.o [2]
  .text              ro code   0x800'37b4          4   0x44c  stm32f1xx_hal_tim.o [4]
  .text              ro code   0x800'3c00          4     0xc  stm32f1xx_hal.o [4]
  .text              ro code   0x800'3c0c          4   0x9e0  stm32f1xx_hal_uart.o [4]
  .text              ro code   0x800'45ec          4   0x3d4  stm32f1xx_hal_gpio.o [4]
  .text              ro code   0x800'49c0          4   0x580  ktv.o [2]
  .text              ro code   0x800'4f40          4    0x4c  mbcrc.o [2]
  .text              ro code   0x800'4f8c          4    0xa6  ABImemcpy.o [6]
  .text              ro code   0x800'5032          2    0x2a  copy_init3.o [6]
  .text              ro code   0x800'505c          4    0x66  ABImemset.o [6]
  .rodata            const     0x800'50c2          2     0x2  main.o [2]
  .text              ro code   0x800'50c4          4   0x1c4  stm32f1xx_hal_flash.o [4]
  .text              ro code   0x800'5288          4    0x4c  stm32f1xx_hal.o [4]
  .text              ro code   0x800'52d4          4   0x1b0  stm32f1xx_hal_cortex.o [4]
  .text              ro code   0x800'5484          4  0x1484  stm32f1xx_hal_i2c.o [4]
  .text              ro code   0x800'6908          4   0x64c  stm32f1xx_hal_rcc.o [4]
  .text              ro code   0x800'6f54          4    0x80  stm32f1xx_hal_tim_ex.o [4]
  .text              ro code   0x800'6fd4          4   0x1dc  stm32f1xx_hal_msp.o [2]
  .text              ro code   0x800'71b0          2     0x2  stm32f1xx_hal_tim.o [4]
  .text              ro code   0x800'71b2          2     0x2  stm32f1xx_hal_tim.o [4]
  .text              ro code   0x800'71b4          2     0x2  stm32f1xx_hal_tim.o [4]
  .text              ro code   0x800'71b6          2     0x2  stm32f1xx_hal_tim_ex.o [4]
  .text              ro code   0x800'71b8          2     0x2  stm32f1xx_hal_tim.o [4]
  .text              ro code   0x800'71ba          2     0x2  stm32f1xx_hal_tim_ex.o [4]
  .text              ro code   0x800'71bc          4   0x12a  stm32f1xx_hal_dma.o [4]
  .text              ro code   0x800'72e6          2     0x2  stm32f1xx_hal_uart.o [4]
  .text              ro code   0x800'72e8          2     0x2  stm32f1xx_hal_uart.o [4]
  .text              ro code   0x800'72ea          2     0x2  stm32f1xx_hal_uart.o [4]
  .text              ro code   0x800'72ec          4   0x274  I64DivMod.o [6]
  .text              ro code   0x800'7560          4    0x22  I64Shl.o [6]
  .rodata            const     0x800'7582          2     0x2  stm32f1xx_hal_rcc.o [4]
  .text              ro code   0x800'7584          4    0x1e  U64Shr.o [6]
  .text              ro code   0x800'75a4          4    0x4c  stm32f1xx_hal.o [4]
  .text              ro code   0x800'75f0          2     0x2  stm32f1xx_hal.o [4]
  .text              ro code   0x800'75f2          2     0x2  stm32f1xx_hal_i2c.o [4]
  .text              ro code   0x800'75f4          2     0x2  stm32f1xx_hal_i2c.o [4]
  .text              ro code   0x800'75f6          2     0x2  stm32f1xx_hal_i2c.o [4]
  .text              ro code   0x800'75f8          2     0x2  stm32f1xx_hal_i2c.o [4]
  .text              ro code   0x800'75fa          2     0x2  stm32f1xx_hal_i2c.o [4]
  .text              ro code   0x800'75fc          2     0x2  stm32f1xx_hal_i2c.o [4]
  .text              ro code   0x800'7600          4     0x2  I64DivZer.o [6]
  .rodata            const     0x800'7604          4   0x200  mbcrc.o [2]
  .text              ro code   0x800'7804          4    0x90  stm32f1xx_it.o [2]
  .text              ro code   0x800'7894          4    0x18  stm32f1xx_hal.o [4]
  .rodata            const     0x800'78ac          4    0x80  main.o [2]
  .rodata            const     0x800'792c          4    0x40  main.o [2]
  .text              ro code   0x800'796c          2    0x38  zero_init3.o [6]
  .text              ro code   0x800'79a4          4    0x28  data_init.o [6]
  .text              ro code   0x800'79cc          4    0x22  cmain.o [6]
  .text              ro code   0x800'79ee          2     0x4  low_level_init.o [5]
  .text              ro code   0x800'79f2          2     0x4  exit.o [5]
  .text              ro code   0x800'79f8          4     0x4  cexit.o [6]
  .text              ro code   0x800'79fc          4     0xa  cexit_2.o [6]
  .text              ro code   0x800'7a08          4    0x14  exit.o [7]
  .iar.init_table    const     0x800'7a1c          4    0x24  - Linker created -
  .text              ro code   0x800'7a40          4    0x1e  cstartup_M.o [6]
  .rodata            const     0x800'7a60          4    0x10  stm32f1xx_hal_rcc.o [4]
  .rodata            const     0x800'7a70          4    0x10  system_stm32f1xx.o [1]
  .text              ro code   0x800'7a80          4    0x10  startup_stm32f103xb.o [3]
  Initializer bytes  const     0x800'7a90          4     0xc  <for P2-1>
  .rodata            const     0x800'7a9c          4     0x8  system_stm32f1xx.o [1]
  .rodata            const     0x800'7aa4          4     0x4  main.o [2]
  .text              ro code   0x800'7aa8          2     0x4  startup_stm32f103xb.o [3]
  .text              ro code   0x800'7aac          2     0x4  startup_stm32f103xb.o [3]
  .text              ro code   0x800'7ab0          2     0x4  startup_stm32f103xb.o [3]
  .text              ro code   0x800'7ab4          2     0x4  startup_stm32f103xb.o [3]
  .text              ro code   0x800'7ab8          2     0x4  startup_stm32f103xb.o [3]
  .text              ro code   0x800'7abc          2     0x4  startup_stm32f103xb.o [3]
  .text              ro code   0x800'7ac0          2     0x4  startup_stm32f103xb.o [3]
  .text              ro code   0x800'7ac4          2     0x4  startup_stm32f103xb.o [3]
  .text              ro code   0x800'7ac8          2     0x4  startup_stm32f103xb.o [3]
  .text              ro code   0x800'7acc          2     0x4  startup_stm32f103xb.o [3]
  .text              ro code   0x800'7ad0          2     0x4  startup_stm32f103xb.o [3]
  .text              ro code   0x800'7ad4          2     0x4  startup_stm32f103xb.o [3]
  .text              ro code   0x800'7ad8          2     0x4  startup_stm32f103xb.o [3]
  .text              ro code   0x800'7adc          2     0x4  startup_stm32f103xb.o [3]
  .text              ro code   0x800'7ae0          2     0x4  startup_stm32f103xb.o [3]
  .text              ro code   0x800'7ae4          2     0x4  startup_stm32f103xb.o [3]
  .text              ro code   0x800'7ae8          2     0x4  startup_stm32f103xb.o [3]
  .text              ro code   0x800'7aec          2     0x4  startup_stm32f103xb.o [3]
  .text              ro code   0x800'7af0          2     0x4  startup_stm32f103xb.o [3]
  .text              ro code   0x800'7af4          2     0x4  startup_stm32f103xb.o [3]
  .text              ro code   0x800'7af8          2     0x4  startup_stm32f103xb.o [3]
  .text              ro code   0x800'7afc          2     0x4  startup_stm32f103xb.o [3]
  .text              ro code   0x800'7b00          2     0x4  startup_stm32f103xb.o [3]
  .text              ro code   0x800'7b04          2     0x4  startup_stm32f103xb.o [3]
  .text              ro code   0x800'7b08          2     0x4  startup_stm32f103xb.o [3]
  .text              ro code   0x800'7b0c          2     0x4  startup_stm32f103xb.o [3]
  .text              ro code   0x800'7b10          2     0x4  startup_stm32f103xb.o [3]
  .text              ro code   0x800'7b14          2     0x4  startup_stm32f103xb.o [3]
  .text              ro code   0x800'7b18          2     0x4  startup_stm32f103xb.o [3]
  .text              ro code   0x800'7b1c          2     0x4  startup_stm32f103xb.o [3]
  .text              ro code   0x800'7b20          2     0x4  startup_stm32f103xb.o [3]
  .text              ro code   0x800'7b24          2     0x4  startup_stm32f103xb.o [3]
  .text              ro code   0x800'7b28          2     0x4  startup_stm32f103xb.o [3]
  .text              ro code   0x800'7b2c          2     0x4  startup_stm32f103xb.o [3]
  .text              ro code   0x800'7b30          4     0x2  system_stm32f1xx.o [1]
  .rodata            const     0x800'7b32                0x0  zero_init3.o [6]
  .rodata            const     0x800'7b32                0x0  copy_init3.o [6]
                             - 0x800'7b32             0x5a46

"A2":                                                    0x2
  .checksum          const     0x800'fbfe                0x2  Place holder __checksum
                             - 0x800'fc00                0x2

"A1":                                                    0x2
  .flash_cfg         const     0x800'fc00          2     0x2  main.o [2]
                             - 0x800'fc02                0x2

"P2", part 1 of 3:                                       0xc
  P2-1                        0x2000'0000          4     0xa  <Init block>
    .data            inited   0x2000'0000          4     0x4  stm32f1xx_hal.o [4]
    .data            inited   0x2000'0004          4     0x4  system_stm32f1xx.o [1]
    .data            inited   0x2000'0008                0x1  main.o [2]
    .data            inited   0x2000'0009                0x1  stm32f1xx_hal.o [4]
                            - 0x2000'000a                0xa

"P2", part 2 of 3:                                     0x62c
  .bss               zero     0x2000'0010          8   0x1f8  ktv.o [2]
  .bss               zero     0x2000'0208          4   0x100  main.o [2]
  .bss               zero     0x2000'0308          4    0xfc  main.o [2]
  .bss               zero     0x2000'0404          4    0x64  ktv.o [2]
  .bss               zero     0x2000'0468          4    0x54  main.o [2]
  .bss               zero     0x2000'04bc          4    0x48  main.o [2]
  .bss               zero     0x2000'0504          4    0x48  main.o [2]
  .bss               zero     0x2000'054c          4    0x48  main.o [2]
  .bss               zero     0x2000'0594          4    0x20  main.o [2]
  .bss               zero     0x2000'05b4          4    0x20  main.o [2]
  .bss               zero     0x2000'05d4          4     0x4  main.o [2]
  .bss               zero     0x2000'05d8          8    0x20  stm32f1xx_hal_flash.o [4]
  .bss               zero     0x2000'05f8          4     0x4  main.o [2]
  .bss               zero     0x2000'05fc          4     0x4  stm32f1xx_hal.o [4]
  .bss               zero     0x2000'0600          2     0x2  main.o [2]
  .bss               zero     0x2000'0602          2     0x2  main.o [2]
  .bss               zero     0x2000'0604          2     0x2  main.o [2]
  .bss               zero     0x2000'0606          2     0x2  main.o [2]
  .bss               zero     0x2000'0608          2     0x2  main.o [2]
  .bss               zero     0x2000'060a          2     0x2  main.o [2]
  .bss               zero     0x2000'060c          2     0x2  main.o [2]
  .bss               zero     0x2000'060e                0x1  main.o [2]
  .bss               zero     0x2000'060f                0x1  main.o [2]
  .bss               zero     0x2000'0610                0x1  main.o [2]
  .bss               zero     0x2000'0611                0x1  main.o [2]
  .bss               zero     0x2000'0612                0x1  main.o [2]
  .bss               zero     0x2000'0613                0x1  main.o [2]
  .bss               zero     0x2000'0614                0x1  main.o [2]
  .bss               zero     0x2000'0615                0x1  main.o [2]
  .bss               zero     0x2000'0616                0x1  main.o [2]
  .bss               zero     0x2000'0617                0x1  main.o [2]
  .bss               zero     0x2000'0618                0x1  main.o [2]
  .bss               zero     0x2000'0619                0x1  main.o [2]
  .bss               zero     0x2000'061a                0x1  main.o [2]
  .bss               zero     0x2000'061b                0x1  main.o [2]
  .bss               zero     0x2000'061c                0x1  main.o [2]
  .bss               zero     0x2000'061d                0x1  main.o [2]
  .bss               zero     0x2000'061e                0x1  main.o [2]
  .bss               zero     0x2000'061f                0x1  main.o [2]
  .bss               zero     0x2000'0620                0x1  main.o [2]
  .bss               zero     0x2000'0621                0x1  main.o [2]
  .bss               zero     0x2000'0622                0x1  main.o [2]
  .bss               zero     0x2000'0623                0x1  main.o [2]
  .bss               zero     0x2000'0624                0x1  main.o [2]
  .bss               zero     0x2000'0625                0x1  main.o [2]
  .bss               zero     0x2000'0626                0x1  main.o [2]
  .bss               zero     0x2000'0627                0x1  main.o [2]
  .bss               zero     0x2000'0628                0x1  main.o [2]
  .bss               zero     0x2000'0629                0x1  main.o [2]
  .bss               zero     0x2000'062a                0x1  main.o [2]
  .bss               zero     0x2000'062b                0x1  main.o [2]
  .bss               zero     0x2000'062c                0x1  main.o [2]
  .bss               zero     0x2000'062d                0x1  main.o [2]
  .bss               zero     0x2000'062e                0x1  main.o [2]
  .bss               zero     0x2000'062f                0x1  main.o [2]
  .bss               zero     0x2000'0630                0x1  main.o [2]
  .bss               zero     0x2000'0631                0x1  main.o [2]
  .bss               zero     0x2000'0632                0x1  main.o [2]
  .bss               zero     0x2000'0633                0x1  main.o [2]
  .bss               zero     0x2000'0634                0x1  main.o [2]
                            - 0x2000'0635              0x629

"P2", part 3 of 3:                                     0x400
  CSTACK                      0x2000'0638          8   0x400  <Block>
    CSTACK           uninit   0x2000'0638              0x400  <Block tail>
                            - 0x2000'0a38              0x400

Unused ranges:

         From           To    Size
         ----           --    ----
   0x800'7b32   0x800'fbfd  0x80cc
  0x2000'0a38  0x2000'4fff  0x45c8


*******************************************************************************
*** INIT TABLE
***

          Address      Size
          -------      ----
Zero (__iar_zero_init3)
    1 destination range, total size 0x625:
          0x2000'0010  0x625

Copy (__iar_copy_init3)
    1 source range, total size 0xc (120% of destination):
           0x800'7a90    0xc
    1 destination range, total size 0xa:
          0x2000'0000    0xa



*******************************************************************************
*** MODULE SUMMARY
***

    Module                   ro code  ro data  rw data
    ------                   -------  -------  -------
command line/config:
    Place holder __checksum                 2
    --------------------------------------------------
    Total:                                  2

C:\Users\User\Desktop\Активные проекты\CBU_F103\CBU_3_0_F103_APP\EWARM\ЦБУ_слейв МК (2)\Obj\CMSIS_6603591812247902717.dir: [1]
    system_stm32f1xx.o             2       28        4
    --------------------------------------------------
    Total:                         2       28        4

C:\Users\User\Desktop\Активные проекты\CBU_F103\CBU_3_0_F103_APP\EWARM\ЦБУ_слейв МК (2)\Obj\Core_13247989168731456611.dir: [2]
    ktv.o                      1'408               604
    main.o                     5'832      201      934
    mbcrc.o                       76      512
    stm32f1xx_hal_msp.o          476
    stm32f1xx_it.o               144
    --------------------------------------------------
    Total:                     7'936      713    1'538

C:\Users\User\Desktop\Активные проекты\CBU_F103\CBU_3_0_F103_APP\EWARM\ЦБУ_слейв МК (2)\Obj\EWARM_18443280873093131863.dir: [3]
    startup_stm32f103xb.o        388
    --------------------------------------------------
    Total:                       388

C:\Users\User\Desktop\Активные проекты\CBU_F103\CBU_3_0_F103_APP\EWARM\ЦБУ_слейв МК (2)\Obj\STM32F1xx_HAL_Driver_9701002599162248031.dir: [4]
    stm32f1xx_hal.o              190        5        9
    stm32f1xx_hal_cortex.o       432
    stm32f1xx_hal_dma.o          298
    stm32f1xx_hal_flash.o        452                32
    stm32f1xx_hal_gpio.o         980
    stm32f1xx_hal_i2c.o        5'264
    stm32f1xx_hal_rcc.o        1'612       18
    stm32f1xx_hal_tim.o        1'108
    stm32f1xx_hal_tim_ex.o       132
    stm32f1xx_hal_uart.o       2'534
    --------------------------------------------------
    Total:                    13'002       23       41

dl7M_tln.a: [5]
    exit.o                         4
    low_level_init.o               4
    --------------------------------------------------
    Total:                         8

rt7M_tl.a: [6]
    ABImemcpy.o                  166
    ABImemset.o                  102
    I64DivMod.o                  628
    I64DivZer.o                    2
    I64Shl.o                      34
    U64Shr.o                      30
    cexit.o                        4
    cexit_2.o                     10
    cmain.o                       34
    copy_init3.o                  42
    cstartup_M.o                  30
    data_init.o                   40
    zero_init3.o                  56
    --------------------------------------------------
    Total:                     1'178

shb_l.a: [7]
    exit.o                        20
    --------------------------------------------------
    Total:                        20

    Gaps                           8        4        4
    Linker created                         38    1'024
------------------------------------------------------
    Grand Total:              22'542      808    2'611


*******************************************************************************
*** ENTRY LIST
***

Entry                       Address   Size  Type      Object
-----                       -------   ----  ----      ------
.iar.init_table$$Base    0x800'7a1c          --   Gb  - Linker created -
.iar.init_table$$Limit   0x800'7a40          --   Gb  - Linker created -
?main                    0x800'79cd         Code  Gb  cmain.o [6]
ADC1_2_IRQHandler        0x800'7ae9         Code  Wk  startup_stm32f103xb.o [3]
AHBPrescTable            0x800'7a70   0x10  Data  Gb  system_stm32f1xx.o [1]
APBPrescTable            0x800'7a9c    0x8  Data  Gb  system_stm32f1xx.o [1]
ApplyExpander16State     0x800'256d   0x6e  Code  Lc  main.o [2]
ApplyExpander8State      0x800'25db   0x3c  Code  Lc  main.o [2]
BusFault_Handler         0x800'780b    0x2  Code  Gb  stm32f1xx_it.o [2]
CAN1_RX1_IRQHandler      0x800'7af5         Code  Wk  startup_stm32f103xb.o [3]
CAN1_SCE_IRQHandler      0x800'7af9         Code  Wk  startup_stm32f103xb.o [3]
CSTACK$$Base            0x2000'0638          --   Gb  - Linker created -
CSTACK$$Limit           0x2000'0a38          --   Gb  - Linker created -
ClearPcfIntLatch         0x800'2697   0x18  Code  Lc  main.o [2]
DMA1_Channel1_IRQHandler
                         0x800'7acd         Code  Wk  startup_stm32f103xb.o [3]
DMA1_Channel2_IRQHandler
                         0x800'7ad1         Code  Wk  startup_stm32f103xb.o [3]
DMA1_Channel3_IRQHandler
                         0x800'7ad5         Code  Wk  startup_stm32f103xb.o [3]
DMA1_Channel4_IRQHandler
                         0x800'7ad9         Code  Wk  startup_stm32f103xb.o [3]
DMA1_Channel5_IRQHandler
                         0x800'7add         Code  Wk  startup_stm32f103xb.o [3]
DMA1_Channel6_IRQHandler
                         0x800'7ae1         Code  Wk  startup_stm32f103xb.o [3]
DMA1_Channel7_IRQHandler
                         0x800'7ae5         Code  Wk  startup_stm32f103xb.o [3]
DebugMon_Handler         0x800'7811    0x2  Code  Gb  stm32f1xx_it.o [2]
Debug_TxPattern_Task     0x800'214f   0x3a  Code  Lc  main.o [2]
Debug_TxPattern_Task::last_ms
                        0x2000'05f8    0x4  Data  Lc  main.o [2]
Debug_TxPattern_Task::pkt
                         0x800'7aa4    0x4  Data  Lc  main.o [2]
EXTI0_IRQHandler         0x800'781d    0xa  Code  Gb  stm32f1xx_it.o [2]
EXTI15_10_IRQHandler     0x800'7881   0x14  Code  Gb  stm32f1xx_it.o [2]
EXTI1_IRQHandler         0x800'7827    0xa  Code  Gb  stm32f1xx_it.o [2]
EXTI2_IRQHandler         0x800'7ac1         Code  Wk  startup_stm32f103xb.o [3]
EXTI3_IRQHandler         0x800'7ac5         Code  Wk  startup_stm32f103xb.o [3]
EXTI4_IRQHandler         0x800'7ac9         Code  Wk  startup_stm32f103xb.o [3]
EXTI9_5_IRQHandler       0x800'7831    0xc  Code  Gb  stm32f1xx_it.o [2]
Error_Handler            0x800'37b1    0x4  Code  Gb  main.o [2]
Expander_WritePin        0x800'2503   0x6a  Code  Lc  main.o [2]
FLASH_IRQHandler         0x800'7ab9         Code  Wk  startup_stm32f103xb.o [3]
FLASH_Program_HalfWord   0x800'51a3   0x14  Code  Lc  stm32f1xx_hal_flash.o [4]
FLASH_SetErrorCode       0x800'520b   0x60  Code  Lc  stm32f1xx_hal_flash.o [4]
FLASH_WaitForLastOperation
                         0x800'51b7   0x54  Code  Gb  stm32f1xx_hal_flash.o [4]
HAL_DMA_Abort            0x800'71bd   0x4e  Code  Gb  stm32f1xx_hal_dma.o [4]
HAL_DMA_Abort_IT         0x800'720b   0xb4  Code  Gb  stm32f1xx_hal_dma.o [4]
HAL_DMA_GetError         0x800'72e3    0x4  Code  Gb  stm32f1xx_hal_dma.o [4]
HAL_DMA_GetState         0x800'72dd    0x6  Code  Gb  stm32f1xx_hal_dma.o [4]
HAL_DeInit               0x800'52a9   0x1e  Code  Gb  stm32f1xx_hal.o [4]
HAL_FLASH_Lock           0x800'5195    0xe  Code  Gb  stm32f1xx_hal_flash.o [4]
HAL_FLASH_Program        0x800'50c5   0xae  Code  Gb  stm32f1xx_hal_flash.o [4]
HAL_FLASH_Unlock         0x800'5173   0x22  Code  Gb  stm32f1xx_hal_flash.o [4]
HAL_GPIO_DeInit          0x800'480b  0x122  Code  Gb  stm32f1xx_hal_gpio.o [4]
HAL_GPIO_EXTI_Callback   0x800'3669   0xba  Code  Gb  main.o [2]
HAL_GPIO_EXTI_IRQHandler
                         0x800'495d   0x20  Code  Gb  stm32f1xx_hal_gpio.o [4]
HAL_GPIO_Init            0x800'45ed  0x21e  Code  Gb  stm32f1xx_hal_gpio.o [4]
HAL_GPIO_ReadPin         0x800'492d   0x16  Code  Gb  stm32f1xx_hal_gpio.o [4]
HAL_GPIO_WritePin        0x800'4943   0x1a  Code  Gb  stm32f1xx_hal_gpio.o [4]
HAL_GetTick              0x800'3c01    0xc  Code  Wk  stm32f1xx_hal.o [4]
HAL_I2C_AbortCpltCallback
                         0x800'75fd    0x2  Code  Wk  stm32f1xx_hal_i2c.o [4]
HAL_I2C_AddrCallback     0x800'3559   0x9c  Code  Gb  main.o [2]
HAL_I2C_ER_IRQHandler    0x800'59bf   0xf8  Code  Gb  stm32f1xx_hal_i2c.o [4]
HAL_I2C_EV_IRQHandler    0x800'57f9  0x1c6  Code  Gb  stm32f1xx_hal_i2c.o [4]
HAL_I2C_EnableListen_IT
                         0x800'57b5   0x44  Code  Gb  stm32f1xx_hal_i2c.o [4]
HAL_I2C_ErrorCallback    0x800'364f   0x14  Code  Gb  main.o [2]
HAL_I2C_Init             0x800'5485  0x1d2  Code  Gb  stm32f1xx_hal_i2c.o [4]
HAL_I2C_ListenCpltCallback
                         0x800'363b   0x14  Code  Gb  main.o [2]
HAL_I2C_MasterRxCpltCallback
                         0x800'75f9    0x2  Code  Wk  stm32f1xx_hal_i2c.o [4]
HAL_I2C_MasterTxCpltCallback
                         0x800'75f3    0x2  Code  Wk  stm32f1xx_hal_i2c.o [4]
HAL_I2C_MemRxCpltCallback
                         0x800'75f7    0x2  Code  Wk  stm32f1xx_hal_i2c.o [4]
HAL_I2C_MemTxCpltCallback
                         0x800'75f5    0x2  Code  Wk  stm32f1xx_hal_i2c.o [4]
HAL_I2C_MspInit          0x800'7011   0x78  Code  Gb  stm32f1xx_hal_msp.o [2]
HAL_I2C_SlaveRxCpltCallback
                         0x800'35f5   0x46  Code  Gb  main.o [2]
HAL_I2C_SlaveTxCpltCallback
                         0x800'75fb    0x2  Code  Wk  stm32f1xx_hal_i2c.o [4]
HAL_I2C_Slave_Seq_Receive_IT
                         0x800'571b   0x9a  Code  Gb  stm32f1xx_hal_i2c.o [4]
HAL_I2C_Slave_Seq_Transmit_IT
                         0x800'5681   0x9a  Code  Gb  stm32f1xx_hal_i2c.o [4]
HAL_IncTick              0x800'7895   0x18  Code  Wk  stm32f1xx_hal.o [4]
HAL_Init                 0x800'5289   0x20  Code  Gb  stm32f1xx_hal.o [4]
HAL_InitTick             0x800'75a5   0x4c  Code  Wk  stm32f1xx_hal.o [4]
HAL_MspDeInit            0x800'75f1    0x2  Code  Wk  stm32f1xx_hal.o [4]
HAL_MspInit              0x800'6fd5   0x3c  Code  Gb  stm32f1xx_hal_msp.o [2]
HAL_NVIC_DisableIRQ      0x800'543b    0xe  Code  Gb  stm32f1xx_hal_cortex.o [4]
HAL_NVIC_EnableIRQ       0x800'542d    0xe  Code  Gb  stm32f1xx_hal_cortex.o [4]
HAL_NVIC_SetPriority     0x800'5403   0x2a  Code  Gb  stm32f1xx_hal_cortex.o [4]
HAL_NVIC_SetPriorityGrouping
                         0x800'53f7    0xc  Code  Gb  stm32f1xx_hal_cortex.o [4]
HAL_NVIC_SystemReset     0x800'5449    0x8  Code  Gb  stm32f1xx_hal_cortex.o [4]
HAL_RCC_ClockConfig      0x800'6d09  0x14c  Code  Gb  stm32f1xx_hal_rcc.o [4]
HAL_RCC_GetHCLKFreq      0x800'6eb1    0x6  Code  Gb  stm32f1xx_hal_rcc.o [4]
HAL_RCC_GetPCLK1Freq     0x800'6eb7   0x16  Code  Gb  stm32f1xx_hal_rcc.o [4]
HAL_RCC_GetPCLK2Freq     0x800'6ecd   0x16  Code  Gb  stm32f1xx_hal_rcc.o [4]
HAL_RCC_GetSysClockFreq
                         0x800'6e55   0x5c  Code  Gb  stm32f1xx_hal_rcc.o [4]
HAL_RCC_GetSysClockFreq::aPLLMULFactorTable
                         0x800'7a60   0x10  Data  Lc  stm32f1xx_hal_rcc.o [4]
HAL_RCC_GetSysClockFreq::aPredivFactorTable
                         0x800'7582    0x2  Data  Lc  stm32f1xx_hal_rcc.o [4]
HAL_RCC_OscConfig        0x800'6909  0x400  Code  Gb  stm32f1xx_hal_rcc.o [4]
HAL_SYSTICK_Config       0x800'5451    0xc  Code  Gb  stm32f1xx_hal_cortex.o [4]
HAL_TIMEx_BreakCallback
                         0x800'71b7    0x2  Code  Wk  stm32f1xx_hal_tim_ex.o [4]
HAL_TIMEx_CommutCallback
                         0x800'71bb    0x2  Code  Wk  stm32f1xx_hal_tim_ex.o [4]
HAL_TIMEx_MasterConfigSynchronization
                         0x800'6f55   0x70  Code  Gb  stm32f1xx_hal_tim_ex.o [4]
HAL_TIM_Base_Init        0x800'37b5   0x6e  Code  Gb  stm32f1xx_hal_tim.o [4]
HAL_TIM_Base_MspInit     0x800'7089   0x60  Code  Gb  stm32f1xx_hal_msp.o [2]
HAL_TIM_Base_Start_IT    0x800'3823   0x72  Code  Gb  stm32f1xx_hal_tim.o [4]
HAL_TIM_Base_Stop_IT     0x800'3895   0x3c  Code  Gb  stm32f1xx_hal_tim.o [4]
HAL_TIM_ConfigClockSource
                         0x800'3a1b   0xf4  Code  Gb  stm32f1xx_hal_tim.o [4]
HAL_TIM_IC_CaptureCallback
                         0x800'71b1    0x2  Code  Wk  stm32f1xx_hal_tim.o [4]
HAL_TIM_IRQHandler       0x800'38dd  0x13e  Code  Gb  stm32f1xx_hal_tim.o [4]
HAL_TIM_OC_DelayElapsedCallback
                         0x800'71b3    0x2  Code  Wk  stm32f1xx_hal_tim.o [4]
HAL_TIM_PWM_PulseFinishedCallback
                         0x800'71b5    0x2  Code  Wk  stm32f1xx_hal_tim.o [4]
HAL_TIM_PeriodElapsedCallback
                         0x800'3469   0xde  Code  Gb  main.o [2]
HAL_TIM_PeriodElapsedCallback::on3_3_ones
                        0x2000'0634    0x1  Data  Lc  main.o [2]
HAL_TIM_TriggerCallback
                         0x800'71b9    0x2  Code  Wk  stm32f1xx_hal_tim.o [4]
HAL_UARTEx_ReceiveToIdle_IT
                         0x800'3ddb   0x82  Code  Gb  stm32f1xx_hal_uart.o [4]
HAL_UARTEx_RxEventCallback
                         0x800'2ea7   0x5e  Code  Gb  main.o [2]
HAL_UART_Abort           0x800'3e5d  0x116  Code  Gb  stm32f1xx_hal_uart.o [4]
HAL_UART_DeInit          0x800'3c87   0x46  Code  Gb  stm32f1xx_hal_uart.o [4]
HAL_UART_ErrorCallback   0x800'72e7    0x2  Code  Wk  stm32f1xx_hal_uart.o [4]
HAL_UART_GetState        0x800'4233   0x18  Code  Gb  stm32f1xx_hal_uart.o [4]
HAL_UART_IRQHandler      0x800'3f73  0x2c0  Code  Gb  stm32f1xx_hal_uart.o [4]
HAL_UART_Init            0x800'3c0d   0x7a  Code  Gb  stm32f1xx_hal_uart.o [4]
HAL_UART_MspDeInit       0x800'7167   0x26  Code  Gb  stm32f1xx_hal_msp.o [2]
HAL_UART_MspInit         0x800'70e9   0x7e  Code  Gb  stm32f1xx_hal_msp.o [2]
HAL_UART_RxCpltCallback
                         0x800'72eb    0x2  Code  Wk  stm32f1xx_hal_uart.o [4]
HAL_UART_Transmit        0x800'3ccd   0xcc  Code  Gb  stm32f1xx_hal_uart.o [4]
HAL_UART_Transmit_IT     0x800'3d99   0x42  Code  Gb  stm32f1xx_hal_uart.o [4]
HAL_UART_TxCpltCallback
                         0x800'72e9    0x2  Code  Wk  stm32f1xx_hal_uart.o [4]
HardFault_Handler        0x800'7807    0x2  Code  Gb  stm32f1xx_it.o [2]
I2C1_ER_IRQHandler       0x800'785b    0xa  Code  Gb  stm32f1xx_it.o [2]
I2C1_EV_IRQHandler       0x800'7851    0xa  Code  Gb  stm32f1xx_it.o [2]
I2C2_ER_IRQHandler       0x800'7b15         Code  Wk  startup_stm32f103xb.o [3]
I2C2_EV_IRQHandler       0x800'7b11         Code  Wk  startup_stm32f103xb.o [3]
I2C_ConvertOtherXferOptions
                         0x800'68ed   0x1c  Code  Lc  stm32f1xx_hal_i2c.o [4]
I2C_DMAAbort             0x800'67a9   0xf6  Code  Lc  stm32f1xx_hal_i2c.o [4]
I2C_Flush_DR             0x800'5657   0x10  Code  Lc  stm32f1xx_hal_i2c.o [4]
I2C_ITError              0x800'660d  0x196  Code  Lc  stm32f1xx_hal_i2c.o [4]
I2C_MasterReceive_BTF    0x800'5e1f  0x132  Code  Lc  stm32f1xx_hal_i2c.o [4]
I2C_MasterReceive_RXNE   0x800'5d1d  0x102  Code  Lc  stm32f1xx_hal_i2c.o [4]
I2C_MasterTransmit_BTF   0x800'5b9f   0xa4  Code  Lc  stm32f1xx_hal_i2c.o [4]
I2C_MasterTransmit_TXE   0x800'5ab7   0xe8  Code  Lc  stm32f1xx_hal_i2c.o [4]
I2C_Master_ADD10         0x800'6003   0x32  Code  Lc  stm32f1xx_hal_i2c.o [4]
I2C_Master_ADDR          0x800'6035  0x258  Code  Lc  stm32f1xx_hal_i2c.o [4]
I2C_Master_SB            0x800'5f51   0xb2  Code  Lc  stm32f1xx_hal_i2c.o [4]
I2C_MemoryTransmit_TXE_BTF
                         0x800'5c43   0xda  Code  Lc  stm32f1xx_hal_i2c.o [4]
I2C_SlaveReceive_BTF     0x800'6347   0x1c  Code  Lc  stm32f1xx_hal_i2c.o [4]
I2C_SlaveReceive_RXNE    0x800'62f9   0x4e  Code  Lc  stm32f1xx_hal_i2c.o [4]
I2C_SlaveTransmit_BTF    0x800'62dd   0x1c  Code  Lc  stm32f1xx_hal_i2c.o [4]
I2C_SlaveTransmit_TXE    0x800'628f   0x4e  Code  Lc  stm32f1xx_hal_i2c.o [4]
I2C_Slave_ADDR           0x800'6363   0x66  Code  Lc  stm32f1xx_hal_i2c.o [4]
I2C_Slave_AF             0x800'6563   0xaa  Code  Lc  stm32f1xx_hal_i2c.o [4]
I2C_Slave_STOPF          0x800'63c9  0x19a  Code  Lc  stm32f1xx_hal_i2c.o [4]
I2C_WaitOnSTOPRequestThroughIT
                         0x800'689f   0x46  Code  Lc  stm32f1xx_hal_i2c.o [4]
KTV_poll_start          0x2000'0632    0x1  Data  Gb  main.o [2]
Ktv_ClearResults         0x800'4cbb   0x46  Code  Lc  ktv.o [2]
Ktv_GetProfile           0x800'4be5   0xd6  Code  Lc  ktv.o [2]
Ktv_GetResultBuffer      0x800'4a33    0x6  Code  Gb  ktv.o [2]
Ktv_Init                 0x800'49c1   0x48  Code  Gb  ktv.o [2]
Ktv_Process              0x800'4b87   0x5e  Code  Gb  ktv.o [2]
Ktv_ProcessProfile       0x800'4d01  0x22c  Code  Lc  ktv.o [2]
Ktv_Start                0x800'4a09   0x2a  Code  Lc  ktv.o [2]
Ktv_TickISR              0x800'4a39  0x14e  Code  Gb  ktv.o [2]
MX_GPIO_Init             0x800'3239  0x216  Code  Lc  main.o [2]
MX_I2C1_Init             0x800'3097   0x3e  Code  Lc  main.o [2]
MX_TIM1_Init             0x800'30dd   0x80  Code  Lc  main.o [2]
MX_TIM2_Init             0x800'3161   0x7c  Code  Lc  main.o [2]
MX_USART2_UART_Init      0x800'31dd   0x38  Code  Lc  main.o [2]
MemManage_Handler        0x800'7809    0x2  Code  Gb  stm32f1xx_it.o [2]
Modbus_ApplyConfig       0x800'2741   0xae  Code  Gb  main.o [2]
Modbus_ApplyManualPins   0x800'27ef   0x3c  Code  Gb  main.o [2]
Modbus_ApplyWriteRegister
                         0x800'282b  0x17c  Code  Gb  main.o [2]
Modbus_BuildReadRegister
                         0x800'26af   0x92  Code  Gb  main.o [2]
Modbus_CheckUartRestart
                         0x800'2e71   0x36  Code  Gb  main.o [2]
Modbus_HandleError       0x800'2a8d    0x8  Code  Gb  main.o [2]
Modbus_ProcessPendingRequest
                         0x800'2b3d  0x32c  Code  Gb  main.o [2]
Modbus_ReadRegister      0x800'29a7   0x50  Code  Gb  main.o [2]
Modbus_ReadRegisters     0x800'2a15   0x78  Code  Gb  main.o [2]
Modbus_SendException     0x800'2a95   0x62  Code  Lc  main.o [2]
Modbus_WriteRegister     0x800'29f7   0x1e  Code  Gb  main.o [2]
NMI_Handler              0x800'7805    0x2  Code  Gb  stm32f1xx_it.o [2]
NVIC_EncodePriority      0x800'536d   0x40  Code  Lc  stm32f1xx_hal_cortex.o [4]
OS_update                0x800'2f09   0x68  Code  Gb  main.o [2]
Optron_ProcessFrame      0x800'2189  0x37a  Code  Lc  main.o [2]
PVD_IRQHandler           0x800'7aad         Code  Wk  startup_stm32f103xb.o [3]
PendSV_Handler           0x800'7813    0x2  Code  Gb  stm32f1xx_it.o [2]
PrepareExpanderTx        0x800'2617   0x6c  Code  Lc  main.o [2]
RCC_Delay                0x800'6ee3   0x26  Code  Lc  stm32f1xx_hal_rcc.o [4]
RCC_IRQHandler           0x800'7abd         Code  Wk  startup_stm32f103xb.o [3]
RTC_Alarm_IRQHandler     0x800'7b29         Code  Wk  startup_stm32f103xb.o [3]
RTC_IRQHandler           0x800'7ab5         Code  Wk  startup_stm32f103xb.o [3]
Region$$Table$$Base      0x800'7a1c          --   Gb  - Linker created -
Region$$Table$$Limit     0x800'7a40          --   Gb  - Linker created -
Reset_Handler            0x800'7a81         Code  Wk  startup_stm32f103xb.o [3]
SPI1_IRQHandler          0x800'7b19         Code  Wk  startup_stm32f103xb.o [3]
SPI2_IRQHandler          0x800'7b1d         Code  Wk  startup_stm32f103xb.o [3]
SVC_Handler              0x800'780f    0x2  Code  Gb  stm32f1xx_it.o [2]
SetPcfIntLevel           0x800'2683   0x14  Code  Lc  main.o [2]
SysTick_Config           0x800'53c7   0x30  Code  Lc  stm32f1xx_hal_cortex.o [4]
SysTick_Handler          0x800'7815    0x8  Code  Gb  stm32f1xx_it.o [2]
SystemClock_Config       0x800'3025   0x72  Code  Gb  main.o [2]
SystemCoreClock         0x2000'0004    0x4  Data  Gb  system_stm32f1xx.o [1]
SystemInit               0x800'7b31    0x2  Code  Gb  system_stm32f1xx.o [1]
TAMPER_IRQHandler        0x800'7ab1         Code  Wk  startup_stm32f103xb.o [3]
TIM1_BRK_IRQHandler      0x800'7afd         Code  Wk  startup_stm32f103xb.o [3]
TIM1_CC_IRQHandler       0x800'7b05         Code  Wk  startup_stm32f103xb.o [3]
TIM1_TRG_COM_IRQHandler
                         0x800'7b01         Code  Wk  startup_stm32f103xb.o [3]
TIM1_UP_IRQHandler       0x800'783d    0xa  Code  Gb  stm32f1xx_it.o [2]
TIM2_IRQHandler          0x800'7847    0xa  Code  Gb  stm32f1xx_it.o [2]
TIM3_IRQHandler          0x800'7b09         Code  Wk  startup_stm32f103xb.o [3]
TIM4_IRQHandler          0x800'7b0d         Code  Wk  startup_stm32f103xb.o [3]
TIM_Base_SetConfig       0x800'3b0f   0x76  Code  Gb  stm32f1xx_hal_tim.o [4]
TIM_ETR_SetConfig        0x800'3beb   0x16  Code  Gb  stm32f1xx_hal_tim.o [4]
TIM_ITRx_SetConfig       0x800'3bdb   0x10  Code  Lc  stm32f1xx_hal_tim.o [4]
TIM_TI1_ConfigInputStage
                         0x800'3b91   0x24  Code  Lc  stm32f1xx_hal_tim.o [4]
TIM_TI2_ConfigInputStage
                         0x800'3bb5   0x26  Code  Lc  stm32f1xx_hal_tim.o [4]
UART_DMAAbortOnError     0x800'4379   0x16  Code  Lc  stm32f1xx_hal_uart.o [4]
UART_EndRxTransfer       0x800'4313   0x66  Code  Lc  stm32f1xx_hal_uart.o [4]
UART_EndTransmit_IT      0x800'43f7   0x20  Code  Lc  stm32f1xx_hal_uart.o [4]
UART_Receive_IT          0x800'4417   0xf6  Code  Lc  stm32f1xx_hal_uart.o [4]
UART_SetConfig           0x800'450d   0xd8  Code  Lc  stm32f1xx_hal_uart.o [4]
UART_Start_Receive_IT    0x800'42cf   0x44  Code  Gb  stm32f1xx_hal_uart.o [4]
UART_Transmit_IT         0x800'4391   0x66  Code  Lc  stm32f1xx_hal_uart.o [4]
UART_WaitOnFlagUntilTimeout
                         0x800'424b   0x84  Code  Lc  stm32f1xx_hal_uart.o [4]
USART1_IRQHandler        0x800'7b21         Code  Wk  startup_stm32f103xb.o [3]
USART2_IRQHandler        0x800'7865    0xa  Code  Gb  stm32f1xx_it.o [2]
USART3_IRQHandler        0x800'7b25         Code  Wk  startup_stm32f103xb.o [3]
USBWakeUp_IRQHandler     0x800'7b2d         Code  Wk  startup_stm32f103xb.o [3]
USB_HP_CAN1_TX_IRQHandler
                         0x800'7aed         Code  Wk  startup_stm32f103xb.o [3]
USB_LP_CAN1_RX0_IRQHandler
                         0x800'7af1         Code  Wk  startup_stm32f103xb.o [3]
UpdateKtvTimerState      0x800'210d   0x42  Code  Lc  main.o [2]
UsageFault_Handler       0x800'780d    0x2  Code  Gb  stm32f1xx_it.o [2]
VectorRelocateToAppFlash
                         0x800'20ed   0x20  Code  Gb  main.o [2]
WWDG_IRQHandler          0x800'7aa9         Code  Wk  startup_stm32f103xb.o [3]
__NVIC_DisableIRQ        0x800'531b   0x26  Code  Lc  stm32f1xx_hal_cortex.o [4]
__NVIC_EnableIRQ         0x800'52fd   0x1e  Code  Lc  stm32f1xx_hal_cortex.o [4]
__NVIC_GetPriorityGrouping
                         0x800'52f3    0xa  Code  Lc  stm32f1xx_hal_cortex.o [4]
__NVIC_SetPriority       0x800'5341   0x2c  Code  Lc  stm32f1xx_hal_cortex.o [4]
__NVIC_SetPriorityGrouping
                         0x800'52d5   0x1e  Code  Lc  stm32f1xx_hal_cortex.o [4]
__NVIC_SystemReset       0x800'53ad   0x1a  Code  Lc  stm32f1xx_hal_cortex.o [4]
__aeabi_ldiv0            0x800'7601         Code  Gb  I64DivZer.o [6]
__aeabi_ldivmod          0x800'72ed         Code  Gb  I64DivMod.o [6]
__aeabi_llsl             0x800'7561         Code  Gb  I64Shl.o [6]
__aeabi_llsr             0x800'7585         Code  Gb  U64Shr.o [6]
__aeabi_memcpy           0x800'4f8d         Code  Gb  ABImemcpy.o [6]
__aeabi_memcpy4          0x800'4fad         Code  Gb  ABImemcpy.o [6]
__aeabi_memcpy8          0x800'4fad         Code  Gb  ABImemcpy.o [6]
__aeabi_memset           0x800'505d         Code  Gb  ABImemset.o [6]
__aeabi_uldivmod         0x800'7331         Code  Gb  I64DivMod.o [6]
__checksum               0x800'fbfe    0x2  Data  Gb  Place holder __checksum
__checksum_begin {Abs}   0x800'2000          --   Gb  <internal module>
__checksum_end {Abs}     0x800'fbfe          --   Gb  <internal module>
__cmain                  0x800'79cd         Code  Gb  cmain.o [6]
__exit                   0x800'7a09   0x14  Code  Gb  exit.o [7]
__iar_Memset             0x800'505d         Code  Gb  ABImemset.o [6]
__iar_Memset_word        0x800'5065         Code  Gb  ABImemset.o [6]
__iar_copy_init3         0x800'5033   0x2a  Code  Gb  copy_init3.o [6]
__iar_data_init3         0x800'79a5   0x28  Code  Gb  data_init.o [6]
__iar_program_start      0x800'7a41         Code  Gb  cstartup_M.o [6]
__iar_zero_init3         0x800'796d   0x38  Code  Gb  zero_init3.o [6]
__low_level_init         0x800'79ef    0x4  Code  Gb  low_level_init.o [5]
__vector_table           0x800'2000         Data  Gb  startup_stm32f103xb.o [3]
_call_main               0x800'79d9         Code  Gb  cmain.o [6]
_exit                    0x800'79f9         Code  Gb  cexit.o [6]
_exit_2                  0x800'79fd         Code  Gb  cexit_2.o [6]
active_i2c_address      0x2000'060f    0x1  Data  Lc  main.o [2]
active_rx_size          0x2000'0623    0x1  Data  Lc  main.o [2]
crc16table               0x800'7604  0x200  Data  Lc  mbcrc.o [2]
door                    0x2000'0613    0x1  Data  Gb  main.o [2]
error_sv                0x2000'0614    0x1  Data  Gb  main.o [2]
exit                     0x800'79f3    0x4  Code  Gb  exit.o [5]
expander16_input_mask    0x800'50c2    0x2  Data  Lc  main.o [2]
expander16_map           0x800'78ac   0x80  Data  Lc  main.o [2]
expander16_state        0x2000'0604    0x2  Data  Lc  main.o [2]
expander8_map            0x800'792c   0x40  Data  Lc  main.o [2]
expander8_state         0x2000'060e    0x1  Data  Lc  main.o [2]
flash_cfg_storage        0x800'fc00    0x2  Data  Gb  main.o [2]
g_ktv                   0x2000'0010  0x1f8  Data  Lc  ktv.o [2]
g_result                0x2000'0404   0x64  Data  Lc  ktv.o [2]
hi2c1                   0x2000'0468   0x54  Data  Gb  main.o [2]
htim1                   0x2000'04bc   0x48  Data  Gb  main.o [2]
htim2                   0x2000'0504   0x48  Data  Gb  main.o [2]
huart2                  0x2000'054c   0x48  Data  Gb  main.o [2]
i2c_rx_buffer           0x2000'0600    0x2  Data  Lc  main.o [2]
i2c_tx_buffer           0x2000'0602    0x2  Data  Lc  main.o [2]
kontur1_diod            0x2000'062d    0x1  Data  Gb  main.o [2]
kontur1_kz              0x2000'062c    0x1  Data  Gb  main.o [2]
kontur1_obryv           0x2000'062e    0x1  Data  Gb  main.o [2]
kontur2_diod            0x2000'0630    0x1  Data  Gb  main.o [2]
kontur2_kz              0x2000'062f    0x1  Data  Gb  main.o [2]
kontur2_obryv           0x2000'0631    0x1  Data  Gb  main.o [2]
main                     0x800'2f7d   0x98  Code  Gb  main.o [2]
mbcrc                    0x800'4f41   0x4c  Code  Gb  mbcrc.o [2]
modbus_break_k_p        0x2000'0621    0x1  Data  Gb  main.o [2]
modbus_cfg1             0x2000'0617    0x1  Data  Gb  main.o [2]
modbus_cfg2             0x2000'0618    0x1  Data  Gb  main.o [2]
modbus_cfg3             0x2000'0619    0x1  Data  Gb  main.o [2]
modbus_cfg4             0x2000'061a    0x1  Data  Gb  main.o [2]
modbus_cfg5             0x2000'061b    0x1  Data  Gb  main.o [2]
modbus_cfg6             0x2000'061c    0x1  Data  Gb  main.o [2]
modbus_cfg7             0x2000'061d    0x1  Data  Gb  main.o [2]
modbus_cfg8             0x2000'061e    0x1  Data  Gb  main.o [2]
modbus_exec_config      0x2000'061f    0x1  Data  Gb  main.o [2]
modbus_last_error       0x2000'0626    0x1  Data  Lc  main.o [2]
modbus_on_3v3           0x2000'0620    0x1  Data  Gb  main.o [2]
modbus_rx_buffer        0x2000'0594   0x20  Data  Lc  main.o [2]
modbus_rx_frame         0x2000'05b4   0x20  Data  Lc  main.o [2]
modbus_rx_frame_len     0x2000'0608    0x2  Data  Lc  main.o [2]
modbus_rx_ready         0x2000'0625    0x1  Data  Lc  main.o [2]
modbus_sv_kont_p        0x2000'0622    0x1  Data  Gb  main.o [2]
modbus_tx_buffer        0x2000'0208  0x100  Data  Lc  main.o [2]
modbus_write_register   0x2000'0606    0x2  Data  Gb  main.o [2]
on_3v3_enabled          0x2000'0624    0x1  Data  Lc  main.o [2]
on_bkk_k1               0x2000'0615    0x1  Data  Gb  main.o [2]
on_bkk_k2               0x2000'0616    0x1  Data  Gb  main.o [2]
optron1_1_state         0x2000'0628    0x1  Data  Gb  main.o [2]
optron1_2_state         0x2000'0629    0x1  Data  Gb  main.o [2]
optron2_1_state         0x2000'062a    0x1  Data  Gb  main.o [2]
optron2_2_state         0x2000'062b    0x1  Data  Gb  main.o [2]
optron_cycle_tick       0x2000'060c    0x2  Data  Lc  main.o [2]
optron_eval_pending     0x2000'0627    0x1  Data  Lc  main.o [2]
optron_sample_index     0x2000'060a    0x2  Data  Lc  main.o [2]
optron_samples          0x2000'0308   0xfc  Data  Lc  main.o [2]
pFlash                  0x2000'05d8   0x20  Data  Gb  stm32f1xx_hal_flash.o [4]
pcf_int_latched         0x2000'0612    0x1  Data  Lc  main.o [2]
pwr_ktv_last_state      0x2000'0008    0x1  Data  Lc  main.o [2]
sd_sw_last_state        0x2000'0610    0x1  Data  Lc  main.o [2]
sd_sw_return_state      0x2000'0611    0x1  Data  Lc  main.o [2]
tim2_running            0x2000'0633    0x1  Data  Lc  main.o [2]
tim2_tick_count         0x2000'05d4    0x4  Data  Lc  main.o [2]
uwTick                  0x2000'05fc    0x4  Data  Gb  stm32f1xx_hal.o [4]
uwTickFreq              0x2000'0009    0x1  Data  Gb  stm32f1xx_hal.o [4]
uwTickPrio              0x2000'0000    0x4  Data  Gb  stm32f1xx_hal.o [4]


[1] = C:\Users\User\Desktop\Активные проекты\CBU_F103\CBU_3_0_F103_APP\EWARM\ЦБУ_слейв МК (2)\Obj\CMSIS_6603591812247902717.dir
[2] = C:\Users\User\Desktop\Активные проекты\CBU_F103\CBU_3_0_F103_APP\EWARM\ЦБУ_слейв МК (2)\Obj\Core_13247989168731456611.dir
[3] = C:\Users\User\Desktop\Активные проекты\CBU_F103\CBU_3_0_F103_APP\EWARM\ЦБУ_слейв МК (2)\Obj\EWARM_18443280873093131863.dir
[4] = C:\Users\User\Desktop\Активные проекты\CBU_F103\CBU_3_0_F103_APP\EWARM\ЦБУ_слейв МК (2)\Obj\STM32F1xx_HAL_Driver_9701002599162248031.dir
[5] = dl7M_tln.a
[6] = rt7M_tl.a
[7] = shb_l.a

  22'542 bytes of readonly  code memory
     808 bytes of readonly  data memory
   2'611 bytes of readwrite data memory

Errors: none
Warnings: none
