###############################################################################
#
# IAR ELF Linker V9.70.1.475/W64 for ARM                  18/Feb/2026  20:55:15
# Copyright 2007-2025 IAR Systems AB.
#
#    Output file  =
#        C:\Users\User\Desktop\Активные
#        проекты\CBU_F103\CBU_3_0_F103_APP\EWARM\ЦБУ_слейв МК (2)\Exe\ЦБУ_слейв
#        МК (2).out
#    Map file     =
#        C:\Users\User\Desktop\Активные
#        проекты\CBU_F103\CBU_3_0_F103_APP\EWARM\ЦБУ_слейв МК
#        (2)\List\ЦБУ_слейв МК (2).map
#    Command line =
#        -f "C:\Users\User\Desktop\Активные
#        проекты\CBU_F103\CBU_3_0_F103_APP\EWARM\ЦБУ_слейв МК (2)\Exe\ЦБУ_слейв
#        МК (2).out.rsp" ("C:\Users\User\Desktop\Активные
#        проекты\CBU_F103\CBU_3_0_F103_APP\EWARM\ЦБУ_слейв МК
#        (2)\Obj\Core_13247989168731456611.dir\ktv.o"
#        "C:\Users\User\Desktop\Активные
#        проекты\CBU_F103\CBU_3_0_F103_APP\EWARM\ЦБУ_слейв МК
#        (2)\Obj\Core_13247989168731456611.dir\main.o"
#        "C:\Users\User\Desktop\Активные
#        проекты\CBU_F103\CBU_3_0_F103_APP\EWARM\ЦБУ_слейв МК
#        (2)\Obj\Core_13247989168731456611.dir\mbcrc.o"
#        "C:\Users\User\Desktop\Активные
#        проекты\CBU_F103\CBU_3_0_F103_APP\EWARM\ЦБУ_слейв МК
#        (2)\Obj\EWARM_18443280873093131863.dir\startup_stm32f103xb.o"
#        "C:\Users\User\Desktop\Активные
#        проекты\CBU_F103\CBU_3_0_F103_APP\EWARM\ЦБУ_слейв МК
#        (2)\Obj\STM32F1xx_HAL_Driver_9701002599162248031.dir\stm32f1xx_hal.o"
#        "C:\Users\User\Desktop\Активные
#        проекты\CBU_F103\CBU_3_0_F103_APP\EWARM\ЦБУ_слейв МК
#        (2)\Obj\STM32F1xx_HAL_Driver_9701002599162248031.dir\stm32f1xx_hal_cortex.o"
#        "C:\Users\User\Desktop\Активные
#        проекты\CBU_F103\CBU_3_0_F103_APP\EWARM\ЦБУ_слейв МК
#        (2)\Obj\STM32F1xx_HAL_Driver_9701002599162248031.dir\stm32f1xx_hal_dma.o"
#        "C:\Users\User\Desktop\Активные
#        проекты\CBU_F103\CBU_3_0_F103_APP\EWARM\ЦБУ_слейв МК
#        (2)\Obj\STM32F1xx_HAL_Driver_9701002599162248031.dir\stm32f1xx_hal_exti.o"
#        "C:\Users\User\Desktop\Активные
#        проекты\CBU_F103\CBU_3_0_F103_APP\EWARM\ЦБУ_слейв МК
#        (2)\Obj\STM32F1xx_HAL_Driver_9701002599162248031.dir\stm32f1xx_hal_flash.o"
#        "C:\Users\User\Desktop\Активные
#        проекты\CBU_F103\CBU_3_0_F103_APP\EWARM\ЦБУ_слейв МК
#        (2)\Obj\STM32F1xx_HAL_Driver_9701002599162248031.dir\stm32f1xx_hal_flash_ex.o"
#        "C:\Users\User\Desktop\Активные
#        проекты\CBU_F103\CBU_3_0_F103_APP\EWARM\ЦБУ_слейв МК
#        (2)\Obj\STM32F1xx_HAL_Driver_9701002599162248031.dir\stm32f1xx_hal_gpio.o"
#        "C:\Users\User\Desktop\Активные
#        проекты\CBU_F103\CBU_3_0_F103_APP\EWARM\ЦБУ_слейв МК
#        (2)\Obj\STM32F1xx_HAL_Driver_9701002599162248031.dir\stm32f1xx_hal_gpio_ex.o"
#        "C:\Users\User\Desktop\Активные
#        проекты\CBU_F103\CBU_3_0_F103_APP\EWARM\ЦБУ_слейв МК
#        (2)\Obj\STM32F1xx_HAL_Driver_9701002599162248031.dir\stm32f1xx_hal_i2c.o"
#        "C:\Users\User\Desktop\Активные
#        проекты\CBU_F103\CBU_3_0_F103_APP\EWARM\ЦБУ_слейв МК
#        (2)\Obj\Core_13247989168731456611.dir\stm32f1xx_hal_msp.o"
#        "C:\Users\User\Desktop\Активные
#        проекты\CBU_F103\CBU_3_0_F103_APP\EWARM\ЦБУ_слейв МК
#        (2)\Obj\STM32F1xx_HAL_Driver_9701002599162248031.dir\stm32f1xx_hal_pwr.o"
#        "C:\Users\User\Desktop\Активные
#        проекты\CBU_F103\CBU_3_0_F103_APP\EWARM\ЦБУ_слейв МК
#        (2)\Obj\STM32F1xx_HAL_Driver_9701002599162248031.dir\stm32f1xx_hal_rcc.o"
#        "C:\Users\User\Desktop\Активные
#        проекты\CBU_F103\CBU_3_0_F103_APP\EWARM\ЦБУ_слейв МК
#        (2)\Obj\STM32F1xx_HAL_Driver_9701002599162248031.dir\stm32f1xx_hal_rcc_ex.o"
#        "C:\Users\User\Desktop\Активные
#        проекты\CBU_F103\CBU_3_0_F103_APP\EWARM\ЦБУ_слейв МК
#        (2)\Obj\STM32F1xx_HAL_Driver_9701002599162248031.dir\stm32f1xx_hal_tim.o"
#        "C:\Users\User\Desktop\Активные
#        проекты\CBU_F103\CBU_3_0_F103_APP\EWARM\ЦБУ_слейв МК
#        (2)\Obj\STM32F1xx_HAL_Driver_9701002599162248031.dir\stm32f1xx_hal_tim_ex.o"
#        "C:\Users\User\Desktop\Активные
#        проекты\CBU_F103\CBU_3_0_F103_APP\EWARM\ЦБУ_слейв МК
#        (2)\Obj\STM32F1xx_HAL_Driver_9701002599162248031.dir\stm32f1xx_hal_uart.o"
#        "C:\Users\User\Desktop\Активные
#        проекты\CBU_F103\CBU_3_0_F103_APP\EWARM\ЦБУ_слейв МК
#        (2)\Obj\Core_13247989168731456611.dir\stm32f1xx_it.o"
#        "C:\Users\User\Desktop\Активные
#        проекты\CBU_F103\CBU_3_0_F103_APP\EWARM\ЦБУ_слейв МК
#        (2)\Obj\CMSIS_6603591812247902717.dir\system_stm32f1xx.o"
#        --no_out_extension -o "C:\Users\User\Desktop\Активные
#        проекты\CBU_F103\CBU_3_0_F103_APP\EWARM\ЦБУ_слейв МК (2)\Exe\ЦБУ_слейв
#        МК (2).out" --redirect _Printf=_PrintfFullNoMb --redirect
#        _Scanf=_ScanfFullNoMb --map "C:\Users\User\Desktop\Активные
#        проекты\CBU_F103\CBU_3_0_F103_APP\EWARM\ЦБУ_слейв МК
#        (2)\List\ЦБУ_слейв МК (2).map" --config
#        "C:\Users\User\Desktop\Активные
#        проекты\CBU_F103\CBU_3_0_F103_APP\EWARM/stm32f103xb_flash.icf"
#        --semihosting --entry __iar_program_start --vfe --text_out locale
#        --cpu=Cortex-M3 --fpu=None) --diagnostics_format=sarif_stdout
#        --dependencies=n "C:\Users\User\Desktop\Активные
#        проекты\CBU_F103\CBU_3_0_F103_APP\EWARM\ЦБУ_слейв МК (2)\Exe\ЦБУ_слейв
#        МК (2).out.iar_deps" --dynamic_output "C:\Users\User\Desktop\Активные
#        проекты\CBU_F103\CBU_3_0_F103_APP\EWARM\ЦБУ_слейв МК (2)\Exe\ЦБУ_слейв
#        МК (2).out.iar_dynout"
#
###############################################################################

*******************************************************************************
*** RUNTIME MODEL ATTRIBUTES
***

CppFlavor       = *
__CPP_Runtime   = 1
__SystemLibrary = DLib
__dlib_version  = 6


*******************************************************************************
*** HEAP SELECTION
***

The basic heap was selected because --advanced_heap
was not specified and the application did not appear to
be primarily optimized for speed.


*******************************************************************************
*** PLACEMENT SUMMARY
***

"A0":  place at address 0x800'2000 {  ro section .intvec };
"P1":  place in [from 0x800'2000 to 0x800'ffff] {  ro };
"A1":  place at address 0x800'fc00 {  ro section .flash_cfg };
define block CSTACK with size = 1K, alignment = 8 { };
define block HEAP with size = 512, alignment = 8 { };
"P2":  place in [from 0x2000'0000 to 0x2000'4fff] {
           rw,  block CSTACK,  block HEAP };
initialize by copy {  rw };
keep {  section .flash_cfg };

  Section            Kind         Address  Alignment    Size  Object
  -------            ----         -------  ---------    ----  ------
"A0":                                                   0xec
  .intvec            ro code   0x800'2000          4    0xec  startup_stm32f103xb.o [3]
                             - 0x800'20ec               0xec

"P1":                                                 0x5716
  .text              ro code   0x800'20ec          4  0x1608  main.o [2]
  .text              ro code   0x800'36f4          4   0x44c  stm32f1xx_hal_tim.o [4]
  .text              ro code   0x800'3b40          4   0x3d4  stm32f1xx_hal_gpio.o [4]
  .text              ro code   0x800'3f14          4   0x580  ktv.o [2]
  .text              ro code   0x800'4494          4    0x4c  mbcrc.o [2]
  .text              ro code   0x800'44e0          4   0x988  stm32f1xx_hal_uart.o [4]
  .text              ro code   0x800'4e68          4    0xa6  ABImemcpy.o [6]
  .text              ro code   0x800'4f0e          2    0x2a  copy_init3.o [6]
  .text              ro code   0x800'4f38          4    0x24  stm32f1xx_hal.o [4]
  .text              ro code   0x800'4f5c          4  0x1484  stm32f1xx_hal_i2c.o [4]
  .text              ro code   0x800'63e0          4    0x66  ABImemset.o [6]
  .rodata            const     0x800'6446          2     0x2  main.o [2]
  .text              ro code   0x800'6448          4   0x64c  stm32f1xx_hal_rcc.o [4]
  .text              ro code   0x800'6a94          4    0x80  stm32f1xx_hal_tim_ex.o [4]
  .text              ro code   0x800'6b14          4   0x18c  stm32f1xx_hal_cortex.o [4]
  .text              ro code   0x800'6ca0          4   0x1dc  stm32f1xx_hal_msp.o [2]
  .text              ro code   0x800'6e7c          2     0x2  stm32f1xx_hal_tim.o [4]
  .text              ro code   0x800'6e7e          2     0x2  stm32f1xx_hal_tim.o [4]
  .text              ro code   0x800'6e80          2     0x2  stm32f1xx_hal_tim.o [4]
  .text              ro code   0x800'6e82          2     0x2  stm32f1xx_hal_tim_ex.o [4]
  .text              ro code   0x800'6e84          2     0x2  stm32f1xx_hal_tim.o [4]
  .text              ro code   0x800'6e86          2     0x2  stm32f1xx_hal_tim_ex.o [4]
  .text              ro code   0x800'6e88          4   0x274  I64DivMod.o [6]
  .text              ro code   0x800'70fc          4    0x22  I64Shl.o [6]
  .rodata            const     0x800'711e          2     0x2  stm32f1xx_hal_rcc.o [4]
  .text              ro code   0x800'7120          4    0x1e  U64Shr.o [6]
  .text              ro code   0x800'7140          4     0xc  stm32f1xx_hal.o [4]
  .text              ro code   0x800'714c          4   0x12a  stm32f1xx_hal_dma.o [4]
  .text              ro code   0x800'7276          2     0x2  stm32f1xx_hal_uart.o [4]
  .text              ro code   0x800'7278          2     0x2  stm32f1xx_hal_uart.o [4]
  .text              ro code   0x800'727a          2     0x2  stm32f1xx_hal_uart.o [4]
  .text              ro code   0x800'727c          4    0x4c  stm32f1xx_hal.o [4]
  .text              ro code   0x800'72c8          2     0x2  stm32f1xx_hal_i2c.o [4]
  .text              ro code   0x800'72ca          2     0x2  stm32f1xx_hal_i2c.o [4]
  .text              ro code   0x800'72cc          2     0x2  stm32f1xx_hal_i2c.o [4]
  .text              ro code   0x800'72ce          2     0x2  stm32f1xx_hal_i2c.o [4]
  .text              ro code   0x800'72d0          2     0x2  stm32f1xx_hal_i2c.o [4]
  .text              ro code   0x800'72d2          2     0x2  stm32f1xx_hal_i2c.o [4]
  .text              ro code   0x800'72d4          4     0x2  I64DivZer.o [6]
  .rodata            const     0x800'72d8          4   0x200  mbcrc.o [2]
  .text              ro code   0x800'74d8          4    0x90  stm32f1xx_it.o [2]
  .text              ro code   0x800'7568          4    0x18  stm32f1xx_hal.o [4]
  .rodata            const     0x800'7580          4    0x80  main.o [2]
  .rodata            const     0x800'7600          4    0x40  main.o [2]
  .text              ro code   0x800'7640          2    0x38  zero_init3.o [6]
  .text              ro code   0x800'7678          4    0x28  data_init.o [6]
  .text              ro code   0x800'76a0          4    0x22  cmain.o [6]
  .text              ro code   0x800'76c2          2     0x4  low_level_init.o [5]
  .text              ro code   0x800'76c6          2     0x4  exit.o [5]
  .text              ro code   0x800'76cc          4     0x4  cexit.o [6]
  .text              ro code   0x800'76d0          4     0xa  cexit_2.o [6]
  .text              ro code   0x800'76dc          4    0x14  exit.o [7]
  .iar.init_table    const     0x800'76f0          4    0x24  - Linker created -
  .text              ro code   0x800'7714          4    0x1e  cstartup_M.o [6]
  .rodata            const     0x800'7734          4    0x10  stm32f1xx_hal_rcc.o [4]
  .rodata            const     0x800'7744          4    0x10  system_stm32f1xx.o [1]
  .text              ro code   0x800'7754          4    0x10  startup_stm32f103xb.o [3]
  Initializer bytes  const     0x800'7764          4     0xc  <for P2-1>
  .rodata            const     0x800'7770          4     0x8  system_stm32f1xx.o [1]
  .text              ro code   0x800'7778          2     0x4  startup_stm32f103xb.o [3]
  .text              ro code   0x800'777c          2     0x4  startup_stm32f103xb.o [3]
  .text              ro code   0x800'7780          2     0x4  startup_stm32f103xb.o [3]
  .text              ro code   0x800'7784          2     0x4  startup_stm32f103xb.o [3]
  .text              ro code   0x800'7788          2     0x4  startup_stm32f103xb.o [3]
  .text              ro code   0x800'778c          2     0x4  startup_stm32f103xb.o [3]
  .text              ro code   0x800'7790          2     0x4  startup_stm32f103xb.o [3]
  .text              ro code   0x800'7794          2     0x4  startup_stm32f103xb.o [3]
  .text              ro code   0x800'7798          2     0x4  startup_stm32f103xb.o [3]
  .text              ro code   0x800'779c          2     0x4  startup_stm32f103xb.o [3]
  .text              ro code   0x800'77a0          2     0x4  startup_stm32f103xb.o [3]
  .text              ro code   0x800'77a4          2     0x4  startup_stm32f103xb.o [3]
  .text              ro code   0x800'77a8          2     0x4  startup_stm32f103xb.o [3]
  .text              ro code   0x800'77ac          2     0x4  startup_stm32f103xb.o [3]
  .text              ro code   0x800'77b0          2     0x4  startup_stm32f103xb.o [3]
  .text              ro code   0x800'77b4          2     0x4  startup_stm32f103xb.o [3]
  .text              ro code   0x800'77b8          2     0x4  startup_stm32f103xb.o [3]
  .text              ro code   0x800'77bc          2     0x4  startup_stm32f103xb.o [3]
  .text              ro code   0x800'77c0          2     0x4  startup_stm32f103xb.o [3]
  .text              ro code   0x800'77c4          2     0x4  startup_stm32f103xb.o [3]
  .text              ro code   0x800'77c8          2     0x4  startup_stm32f103xb.o [3]
  .text              ro code   0x800'77cc          2     0x4  startup_stm32f103xb.o [3]
  .text              ro code   0x800'77d0          2     0x4  startup_stm32f103xb.o [3]
  .text              ro code   0x800'77d4          2     0x4  startup_stm32f103xb.o [3]
  .text              ro code   0x800'77d8          2     0x4  startup_stm32f103xb.o [3]
  .text              ro code   0x800'77dc          2     0x4  startup_stm32f103xb.o [3]
  .text              ro code   0x800'77e0          2     0x4  startup_stm32f103xb.o [3]
  .text              ro code   0x800'77e4          2     0x4  startup_stm32f103xb.o [3]
  .text              ro code   0x800'77e8          2     0x4  startup_stm32f103xb.o [3]
  .text              ro code   0x800'77ec          2     0x4  startup_stm32f103xb.o [3]
  .text              ro code   0x800'77f0          2     0x4  startup_stm32f103xb.o [3]
  .text              ro code   0x800'77f4          2     0x4  startup_stm32f103xb.o [3]
  .text              ro code   0x800'77f8          2     0x4  startup_stm32f103xb.o [3]
  .text              ro code   0x800'77fc          2     0x4  startup_stm32f103xb.o [3]
  .text              ro code   0x800'7800          4     0x2  system_stm32f1xx.o [1]
  .rodata            const     0x800'7802                0x0  zero_init3.o [6]
  .rodata            const     0x800'7802                0x0  copy_init3.o [6]
                             - 0x800'7802             0x5716

"A1":                                                    0x2
  .flash_cfg         const     0x800'fc00          2     0x2  main.o [2]
                             - 0x800'fc02                0x2

"P2", part 1 of 3:                                       0xc
  P2-1                        0x2000'0000          4     0xa  <Init block>
    .data            inited   0x2000'0000          4     0x4  stm32f1xx_hal.o [4]
    .data            inited   0x2000'0004          4     0x4  system_stm32f1xx.o [1]
    .data            inited   0x2000'0008                0x1  main.o [2]
    .data            inited   0x2000'0009                0x1  stm32f1xx_hal.o [4]
                            - 0x2000'000a                0xa

"P2", part 2 of 3:                                     0x608
  .bss               zero     0x2000'0010          8   0x1f8  ktv.o [2]
  .bss               zero     0x2000'0208          4   0x100  main.o [2]
  .bss               zero     0x2000'0308          4    0xfc  main.o [2]
  .bss               zero     0x2000'0404          4    0x64  ktv.o [2]
  .bss               zero     0x2000'0468          4    0x54  main.o [2]
  .bss               zero     0x2000'04bc          4    0x48  main.o [2]
  .bss               zero     0x2000'0504          4    0x48  main.o [2]
  .bss               zero     0x2000'054c          4    0x48  main.o [2]
  .bss               zero     0x2000'0594          4    0x20  main.o [2]
  .bss               zero     0x2000'05b4          4    0x20  main.o [2]
  .bss               zero     0x2000'05d4          4     0x4  main.o [2]
  .bss               zero     0x2000'05d8          4     0x4  stm32f1xx_hal.o [4]
  .bss               zero     0x2000'05dc          2     0x2  main.o [2]
  .bss               zero     0x2000'05de          2     0x2  main.o [2]
  .bss               zero     0x2000'05e0          2     0x2  main.o [2]
  .bss               zero     0x2000'05e2          2     0x2  main.o [2]
  .bss               zero     0x2000'05e4          2     0x2  main.o [2]
  .bss               zero     0x2000'05e6          2     0x2  main.o [2]
  .bss               zero     0x2000'05e8          2     0x2  main.o [2]
  .bss               zero     0x2000'05ea                0x1  main.o [2]
  .bss               zero     0x2000'05eb                0x1  main.o [2]
  .bss               zero     0x2000'05ec                0x1  main.o [2]
  .bss               zero     0x2000'05ed                0x1  main.o [2]
  .bss               zero     0x2000'05ee                0x1  main.o [2]
  .bss               zero     0x2000'05ef                0x1  main.o [2]
  .bss               zero     0x2000'05f0                0x1  main.o [2]
  .bss               zero     0x2000'05f1                0x1  main.o [2]
  .bss               zero     0x2000'05f2                0x1  main.o [2]
  .bss               zero     0x2000'05f3                0x1  main.o [2]
  .bss               zero     0x2000'05f4                0x1  main.o [2]
  .bss               zero     0x2000'05f5                0x1  main.o [2]
  .bss               zero     0x2000'05f6                0x1  main.o [2]
  .bss               zero     0x2000'05f7                0x1  main.o [2]
  .bss               zero     0x2000'05f8                0x1  main.o [2]
  .bss               zero     0x2000'05f9                0x1  main.o [2]
  .bss               zero     0x2000'05fa                0x1  main.o [2]
  .bss               zero     0x2000'05fb                0x1  main.o [2]
  .bss               zero     0x2000'05fc                0x1  main.o [2]
  .bss               zero     0x2000'05fd                0x1  main.o [2]
  .bss               zero     0x2000'05fe                0x1  main.o [2]
  .bss               zero     0x2000'05ff                0x1  main.o [2]
  .bss               zero     0x2000'0600                0x1  main.o [2]
  .bss               zero     0x2000'0601                0x1  main.o [2]
  .bss               zero     0x2000'0602                0x1  main.o [2]
  .bss               zero     0x2000'0603                0x1  main.o [2]
  .bss               zero     0x2000'0604                0x1  main.o [2]
  .bss               zero     0x2000'0605                0x1  main.o [2]
  .bss               zero     0x2000'0606                0x1  main.o [2]
  .bss               zero     0x2000'0607                0x1  main.o [2]
  .bss               zero     0x2000'0608                0x1  main.o [2]
  .bss               zero     0x2000'0609                0x1  main.o [2]
  .bss               zero     0x2000'060a                0x1  main.o [2]
  .bss               zero     0x2000'060b                0x1  main.o [2]
  .bss               zero     0x2000'060c                0x1  main.o [2]
  .bss               zero     0x2000'060d                0x1  main.o [2]
  .bss               zero     0x2000'060e                0x1  main.o [2]
  .bss               zero     0x2000'060f                0x1  main.o [2]
  .bss               zero     0x2000'0610                0x1  main.o [2]
                            - 0x2000'0611              0x605

"P2", part 3 of 3:                                     0x400
  CSTACK                      0x2000'0618          8   0x400  <Block>
    CSTACK           uninit   0x2000'0618              0x400  <Block tail>
                            - 0x2000'0a18              0x400

Unused ranges:

         From           To    Size
         ----           --    ----
   0x800'7802   0x800'fbff  0x83fe
   0x800'fc02   0x800'ffff   0x3fe
  0x2000'0614  0x2000'0617     0x4
  0x2000'0a18  0x2000'4fff  0x45e8


*******************************************************************************
*** INIT TABLE
***

          Address      Size
          -------      ----
Zero (__iar_zero_init3)
    1 destination range, total size 0x601:
          0x2000'0010  0x601

Copy (__iar_copy_init3)
    1 source range, total size 0xc (120% of destination):
           0x800'7764    0xc
    1 destination range, total size 0xa:
          0x2000'0000    0xa



*******************************************************************************
*** MODULE SUMMARY
***

    Module                  ro code  ro data  rw data
    ------                  -------  -------  -------
command line/config:
    -------------------------------------------------
    Total:

C:\Users\User\Desktop\Активные проекты\CBU_F103\CBU_3_0_F103_APP\EWARM\ЦБУ_слейв МК (2)\Obj\CMSIS_6603591812247902717.dir: [1]
    system_stm32f1xx.o            2       28        4
    -------------------------------------------------
    Total:                        2       28        4

C:\Users\User\Desktop\Активные проекты\CBU_F103\CBU_3_0_F103_APP\EWARM\ЦБУ_слейв МК (2)\Obj\Core_13247989168731456611.dir: [2]
    ktv.o                     1'408               604
    main.o                    5'640      197      930
    mbcrc.o                      76      512
    stm32f1xx_hal_msp.o         476
    stm32f1xx_it.o              144
    -------------------------------------------------
    Total:                    7'744      709    1'534

C:\Users\User\Desktop\Активные проекты\CBU_F103\CBU_3_0_F103_APP\EWARM\ЦБУ_слейв МК (2)\Obj\EWARM_18443280873093131863.dir: [3]
    startup_stm32f103xb.o       388
    -------------------------------------------------
    Total:                      388

C:\Users\User\Desktop\Активные проекты\CBU_F103\CBU_3_0_F103_APP\EWARM\ЦБУ_слейв МК (2)\Obj\STM32F1xx_HAL_Driver_9701002599162248031.dir: [4]
    stm32f1xx_hal.o             148        5        9
    stm32f1xx_hal_cortex.o      396
    stm32f1xx_hal_dma.o         298
    stm32f1xx_hal_gpio.o        980
    stm32f1xx_hal_i2c.o       5'264
    stm32f1xx_hal_rcc.o       1'612       18
    stm32f1xx_hal_tim.o       1'108
    stm32f1xx_hal_tim_ex.o      132
    stm32f1xx_hal_uart.o      2'446
    -------------------------------------------------
    Total:                   12'384       23        9

dl7M_tln.a: [5]
    exit.o                        4
    low_level_init.o              4
    -------------------------------------------------
    Total:                        8

rt7M_tl.a: [6]
    ABImemcpy.o                 166
    ABImemset.o                 102
    I64DivMod.o                 628
    I64DivZer.o                   2
    I64Shl.o                     34
    U64Shr.o                     30
    cexit.o                       4
    cexit_2.o                    10
    cmain.o                      34
    copy_init3.o                 42
    cstartup_M.o                 30
    data_init.o                  40
    zero_init3.o                 56
    -------------------------------------------------
    Total:                    1'178

shb_l.a: [7]
    exit.o                       20
    -------------------------------------------------
    Total:                       20

    Gaps                          6        4        4
    Linker created                        38    1'024
-----------------------------------------------------
    Grand Total:             21'730      802    2'575


*******************************************************************************
*** ENTRY LIST
***

Entry                       Address   Size  Type      Object
-----                       -------   ----  ----      ------
.iar.init_table$$Base    0x800'76f0          --   Gb  - Linker created -
.iar.init_table$$Limit   0x800'7714          --   Gb  - Linker created -
?main                    0x800'76a1         Code  Gb  cmain.o [6]
ADC1_2_IRQHandler        0x800'77b9         Code  Wk  startup_stm32f103xb.o [3]
AHBPrescTable            0x800'7744   0x10  Data  Gb  system_stm32f1xx.o [1]
APBPrescTable            0x800'7770    0x8  Data  Gb  system_stm32f1xx.o [1]
ApplyExpander16State     0x800'2533   0x6e  Code  Lc  main.o [2]
ApplyExpander8State      0x800'25a1   0x3c  Code  Lc  main.o [2]
BusFault_Handler         0x800'74df    0x2  Code  Gb  stm32f1xx_it.o [2]
CAN1_RX1_IRQHandler      0x800'77c5         Code  Wk  startup_stm32f103xb.o [3]
CAN1_SCE_IRQHandler      0x800'77c9         Code  Wk  startup_stm32f103xb.o [3]
CSTACK$$Base            0x2000'0618          --   Gb  - Linker created -
CSTACK$$Limit           0x2000'0a18          --   Gb  - Linker created -
ClearPcfIntLatch         0x800'265d   0x18  Code  Lc  main.o [2]
DMA1_Channel1_IRQHandler
                         0x800'779d         Code  Wk  startup_stm32f103xb.o [3]
DMA1_Channel2_IRQHandler
                         0x800'77a1         Code  Wk  startup_stm32f103xb.o [3]
DMA1_Channel3_IRQHandler
                         0x800'77a5         Code  Wk  startup_stm32f103xb.o [3]
DMA1_Channel4_IRQHandler
                         0x800'77a9         Code  Wk  startup_stm32f103xb.o [3]
DMA1_Channel5_IRQHandler
                         0x800'77ad         Code  Wk  startup_stm32f103xb.o [3]
DMA1_Channel6_IRQHandler
                         0x800'77b1         Code  Wk  startup_stm32f103xb.o [3]
DMA1_Channel7_IRQHandler
                         0x800'77b5         Code  Wk  startup_stm32f103xb.o [3]
DebugMon_Handler         0x800'74e5    0x2  Code  Gb  stm32f1xx_it.o [2]
EXTI0_IRQHandler         0x800'74f1    0xa  Code  Gb  stm32f1xx_it.o [2]
EXTI15_10_IRQHandler     0x800'7555   0x14  Code  Gb  stm32f1xx_it.o [2]
EXTI1_IRQHandler         0x800'74fb    0xa  Code  Gb  stm32f1xx_it.o [2]
EXTI2_IRQHandler         0x800'7791         Code  Wk  startup_stm32f103xb.o [3]
EXTI3_IRQHandler         0x800'7795         Code  Wk  startup_stm32f103xb.o [3]
EXTI4_IRQHandler         0x800'7799         Code  Wk  startup_stm32f103xb.o [3]
EXTI9_5_IRQHandler       0x800'7505    0xc  Code  Gb  stm32f1xx_it.o [2]
Error_Handler            0x800'36f1    0x4  Code  Gb  main.o [2]
Expander_WritePin        0x800'24c9   0x6a  Code  Lc  main.o [2]
FLASH_IRQHandler         0x800'7789         Code  Wk  startup_stm32f103xb.o [3]
HAL_DMA_Abort            0x800'714d   0x4e  Code  Gb  stm32f1xx_hal_dma.o [4]
HAL_DMA_Abort_IT         0x800'719b   0xb4  Code  Gb  stm32f1xx_hal_dma.o [4]
HAL_DMA_GetError         0x800'7273    0x4  Code  Gb  stm32f1xx_hal_dma.o [4]
HAL_DMA_GetState         0x800'726d    0x6  Code  Gb  stm32f1xx_hal_dma.o [4]
HAL_GPIO_DeInit          0x800'3d5f  0x122  Code  Gb  stm32f1xx_hal_gpio.o [4]
HAL_GPIO_EXTI_Callback   0x800'35ad   0xba  Code  Gb  main.o [2]
HAL_GPIO_EXTI_IRQHandler
                         0x800'3eb1   0x20  Code  Gb  stm32f1xx_hal_gpio.o [4]
HAL_GPIO_Init            0x800'3b41  0x21e  Code  Gb  stm32f1xx_hal_gpio.o [4]
HAL_GPIO_ReadPin         0x800'3e81   0x16  Code  Gb  stm32f1xx_hal_gpio.o [4]
HAL_GPIO_WritePin        0x800'3e97   0x1a  Code  Gb  stm32f1xx_hal_gpio.o [4]
HAL_GetTick              0x800'7141    0xc  Code  Wk  stm32f1xx_hal.o [4]
HAL_I2C_AbortCpltCallback
                         0x800'72d3    0x2  Code  Wk  stm32f1xx_hal_i2c.o [4]
HAL_I2C_AddrCallback     0x800'3495   0x9c  Code  Gb  main.o [2]
HAL_I2C_ER_IRQHandler    0x800'5497   0xf8  Code  Gb  stm32f1xx_hal_i2c.o [4]
HAL_I2C_EV_IRQHandler    0x800'52d1  0x1c6  Code  Gb  stm32f1xx_hal_i2c.o [4]
HAL_I2C_EnableListen_IT
                         0x800'528d   0x44  Code  Gb  stm32f1xx_hal_i2c.o [4]
HAL_I2C_ErrorCallback    0x800'3593   0x14  Code  Gb  main.o [2]
HAL_I2C_Init             0x800'4f5d  0x1d2  Code  Gb  stm32f1xx_hal_i2c.o [4]
HAL_I2C_ListenCpltCallback
                         0x800'357f   0x14  Code  Gb  main.o [2]
HAL_I2C_MasterRxCpltCallback
                         0x800'72cf    0x2  Code  Wk  stm32f1xx_hal_i2c.o [4]
HAL_I2C_MasterTxCpltCallback
                         0x800'72c9    0x2  Code  Wk  stm32f1xx_hal_i2c.o [4]
HAL_I2C_MemRxCpltCallback
                         0x800'72cd    0x2  Code  Wk  stm32f1xx_hal_i2c.o [4]
HAL_I2C_MemTxCpltCallback
                         0x800'72cb    0x2  Code  Wk  stm32f1xx_hal_i2c.o [4]
HAL_I2C_MspInit          0x800'6cdd   0x78  Code  Gb  stm32f1xx_hal_msp.o [2]
HAL_I2C_SlaveRxCpltCallback
                         0x800'3539   0x46  Code  Gb  main.o [2]
HAL_I2C_SlaveTxCpltCallback
                         0x800'72d1    0x2  Code  Wk  stm32f1xx_hal_i2c.o [4]
HAL_I2C_Slave_Seq_Receive_IT
                         0x800'51f3   0x9a  Code  Gb  stm32f1xx_hal_i2c.o [4]
HAL_I2C_Slave_Seq_Transmit_IT
                         0x800'5159   0x9a  Code  Gb  stm32f1xx_hal_i2c.o [4]
HAL_IncTick              0x800'7569   0x18  Code  Wk  stm32f1xx_hal.o [4]
HAL_Init                 0x800'4f39   0x20  Code  Gb  stm32f1xx_hal.o [4]
HAL_InitTick             0x800'727d   0x4c  Code  Wk  stm32f1xx_hal.o [4]
HAL_MspInit              0x800'6ca1   0x3c  Code  Gb  stm32f1xx_hal_msp.o [2]
HAL_NVIC_DisableIRQ      0x800'6c61    0xe  Code  Gb  stm32f1xx_hal_cortex.o [4]
HAL_NVIC_EnableIRQ       0x800'6c53    0xe  Code  Gb  stm32f1xx_hal_cortex.o [4]
HAL_NVIC_SetPriority     0x800'6c29   0x2a  Code  Gb  stm32f1xx_hal_cortex.o [4]
HAL_NVIC_SetPriorityGrouping
                         0x800'6c1d    0xc  Code  Gb  stm32f1xx_hal_cortex.o [4]
HAL_RCC_ClockConfig      0x800'6849  0x14c  Code  Gb  stm32f1xx_hal_rcc.o [4]
HAL_RCC_GetHCLKFreq      0x800'69f1    0x6  Code  Gb  stm32f1xx_hal_rcc.o [4]
HAL_RCC_GetPCLK1Freq     0x800'69f7   0x16  Code  Gb  stm32f1xx_hal_rcc.o [4]
HAL_RCC_GetPCLK2Freq     0x800'6a0d   0x16  Code  Gb  stm32f1xx_hal_rcc.o [4]
HAL_RCC_GetSysClockFreq
                         0x800'6995   0x5c  Code  Gb  stm32f1xx_hal_rcc.o [4]
HAL_RCC_GetSysClockFreq::aPLLMULFactorTable
                         0x800'7734   0x10  Data  Lc  stm32f1xx_hal_rcc.o [4]
HAL_RCC_GetSysClockFreq::aPredivFactorTable
                         0x800'711e    0x2  Data  Lc  stm32f1xx_hal_rcc.o [4]
HAL_RCC_OscConfig        0x800'6449  0x400  Code  Gb  stm32f1xx_hal_rcc.o [4]
HAL_SYSTICK_Config       0x800'6c6f    0xc  Code  Gb  stm32f1xx_hal_cortex.o [4]
HAL_TIMEx_BreakCallback
                         0x800'6e83    0x2  Code  Wk  stm32f1xx_hal_tim_ex.o [4]
HAL_TIMEx_CommutCallback
                         0x800'6e87    0x2  Code  Wk  stm32f1xx_hal_tim_ex.o [4]
HAL_TIMEx_MasterConfigSynchronization
                         0x800'6a95   0x70  Code  Gb  stm32f1xx_hal_tim_ex.o [4]
HAL_TIM_Base_Init        0x800'36f5   0x6e  Code  Gb  stm32f1xx_hal_tim.o [4]
HAL_TIM_Base_MspInit     0x800'6d55   0x60  Code  Gb  stm32f1xx_hal_msp.o [2]
HAL_TIM_Base_Start_IT    0x800'3763   0x72  Code  Gb  stm32f1xx_hal_tim.o [4]
HAL_TIM_Base_Stop_IT     0x800'37d5   0x3c  Code  Gb  stm32f1xx_hal_tim.o [4]
HAL_TIM_ConfigClockSource
                         0x800'395b   0xf4  Code  Gb  stm32f1xx_hal_tim.o [4]
HAL_TIM_IC_CaptureCallback
                         0x800'6e7d    0x2  Code  Wk  stm32f1xx_hal_tim.o [4]
HAL_TIM_IRQHandler       0x800'381d  0x13e  Code  Gb  stm32f1xx_hal_tim.o [4]
HAL_TIM_OC_DelayElapsedCallback
                         0x800'6e7f    0x2  Code  Wk  stm32f1xx_hal_tim.o [4]
HAL_TIM_PWM_PulseFinishedCallback
                         0x800'6e81    0x2  Code  Wk  stm32f1xx_hal_tim.o [4]
HAL_TIM_PeriodElapsedCallback
                         0x800'33ad   0xde  Code  Gb  main.o [2]
HAL_TIM_PeriodElapsedCallback::on3_3_ones
                        0x2000'0610    0x1  Data  Lc  main.o [2]
HAL_TIM_TriggerCallback
                         0x800'6e85    0x2  Code  Wk  stm32f1xx_hal_tim.o [4]
HAL_UARTEx_ReceiveToIdle_IT
                         0x800'466d   0x82  Code  Gb  stm32f1xx_hal_uart.o [4]
HAL_UARTEx_RxEventCallback
                         0x800'2e57   0x5e  Code  Gb  main.o [2]
HAL_UART_Abort           0x800'46ef  0x116  Code  Gb  stm32f1xx_hal_uart.o [4]
HAL_UART_DeInit          0x800'455b   0x46  Code  Gb  stm32f1xx_hal_uart.o [4]
HAL_UART_ErrorCallback   0x800'7277    0x2  Code  Wk  stm32f1xx_hal_uart.o [4]
HAL_UART_IRQHandler      0x800'4805  0x2c0  Code  Gb  stm32f1xx_hal_uart.o [4]
HAL_UART_Init            0x800'44e1   0x7a  Code  Gb  stm32f1xx_hal_uart.o [4]
HAL_UART_MspDeInit       0x800'6e33   0x26  Code  Gb  stm32f1xx_hal_msp.o [2]
HAL_UART_MspInit         0x800'6db5   0x7e  Code  Gb  stm32f1xx_hal_msp.o [2]
HAL_UART_RxCpltCallback
                         0x800'727b    0x2  Code  Wk  stm32f1xx_hal_uart.o [4]
HAL_UART_Transmit        0x800'45a1   0xcc  Code  Gb  stm32f1xx_hal_uart.o [4]
HAL_UART_TxCpltCallback
                         0x800'7279    0x2  Code  Wk  stm32f1xx_hal_uart.o [4]
HardFault_Handler        0x800'74db    0x2  Code  Gb  stm32f1xx_it.o [2]
I2C1_ER_IRQHandler       0x800'752f    0xa  Code  Gb  stm32f1xx_it.o [2]
I2C1_EV_IRQHandler       0x800'7525    0xa  Code  Gb  stm32f1xx_it.o [2]
I2C2_ER_IRQHandler       0x800'77e5         Code  Wk  startup_stm32f103xb.o [3]
I2C2_EV_IRQHandler       0x800'77e1         Code  Wk  startup_stm32f103xb.o [3]
I2C_ConvertOtherXferOptions
                         0x800'63c5   0x1c  Code  Lc  stm32f1xx_hal_i2c.o [4]
I2C_DMAAbort             0x800'6281   0xf6  Code  Lc  stm32f1xx_hal_i2c.o [4]
I2C_Flush_DR             0x800'512f   0x10  Code  Lc  stm32f1xx_hal_i2c.o [4]
I2C_ITError              0x800'60e5  0x196  Code  Lc  stm32f1xx_hal_i2c.o [4]
I2C_MasterReceive_BTF    0x800'58f7  0x132  Code  Lc  stm32f1xx_hal_i2c.o [4]
I2C_MasterReceive_RXNE   0x800'57f5  0x102  Code  Lc  stm32f1xx_hal_i2c.o [4]
I2C_MasterTransmit_BTF   0x800'5677   0xa4  Code  Lc  stm32f1xx_hal_i2c.o [4]
I2C_MasterTransmit_TXE   0x800'558f   0xe8  Code  Lc  stm32f1xx_hal_i2c.o [4]
I2C_Master_ADD10         0x800'5adb   0x32  Code  Lc  stm32f1xx_hal_i2c.o [4]
I2C_Master_ADDR          0x800'5b0d  0x258  Code  Lc  stm32f1xx_hal_i2c.o [4]
I2C_Master_SB            0x800'5a29   0xb2  Code  Lc  stm32f1xx_hal_i2c.o [4]
I2C_MemoryTransmit_TXE_BTF
                         0x800'571b   0xda  Code  Lc  stm32f1xx_hal_i2c.o [4]
I2C_SlaveReceive_BTF     0x800'5e1f   0x1c  Code  Lc  stm32f1xx_hal_i2c.o [4]
I2C_SlaveReceive_RXNE    0x800'5dd1   0x4e  Code  Lc  stm32f1xx_hal_i2c.o [4]
I2C_SlaveTransmit_BTF    0x800'5db5   0x1c  Code  Lc  stm32f1xx_hal_i2c.o [4]
I2C_SlaveTransmit_TXE    0x800'5d67   0x4e  Code  Lc  stm32f1xx_hal_i2c.o [4]
I2C_Slave_ADDR           0x800'5e3b   0x66  Code  Lc  stm32f1xx_hal_i2c.o [4]
I2C_Slave_AF             0x800'603b   0xaa  Code  Lc  stm32f1xx_hal_i2c.o [4]
I2C_Slave_STOPF          0x800'5ea1  0x19a  Code  Lc  stm32f1xx_hal_i2c.o [4]
I2C_WaitOnSTOPRequestThroughIT
                         0x800'6377   0x46  Code  Lc  stm32f1xx_hal_i2c.o [4]
KTV_poll_start          0x2000'060e    0x1  Data  Gb  main.o [2]
Ktv_ClearResults         0x800'420f   0x46  Code  Lc  ktv.o [2]
Ktv_GetProfile           0x800'4139   0xd6  Code  Lc  ktv.o [2]
Ktv_GetResultBuffer      0x800'3f87    0x6  Code  Gb  ktv.o [2]
Ktv_Init                 0x800'3f15   0x48  Code  Gb  ktv.o [2]
Ktv_Process              0x800'40db   0x5e  Code  Gb  ktv.o [2]
Ktv_ProcessProfile       0x800'4255  0x22c  Code  Lc  ktv.o [2]
Ktv_Start                0x800'3f5d   0x2a  Code  Lc  ktv.o [2]
Ktv_TickISR              0x800'3f8d  0x14e  Code  Gb  ktv.o [2]
MX_GPIO_Init             0x800'3171  0x216  Code  Lc  main.o [2]
MX_I2C1_Init             0x800'2fcb   0x3e  Code  Lc  main.o [2]
MX_TIM1_Init             0x800'3019   0x80  Code  Lc  main.o [2]
MX_TIM2_Init             0x800'30a1   0x7c  Code  Lc  main.o [2]
MX_USART2_UART_Init      0x800'3121   0x38  Code  Lc  main.o [2]
MemManage_Handler        0x800'74dd    0x2  Code  Gb  stm32f1xx_it.o [2]
Modbus_ApplyConfig       0x800'2707   0xae  Code  Gb  main.o [2]
Modbus_ApplyManualPins   0x800'27b5   0x3c  Code  Gb  main.o [2]
Modbus_ApplyWriteRegister
                         0x800'27f1  0x17c  Code  Gb  main.o [2]
Modbus_BuildReadRegister
                         0x800'2675   0x92  Code  Gb  main.o [2]
Modbus_CheckUartRestart
                         0x800'2e21   0x36  Code  Gb  main.o [2]
Modbus_HandleError       0x800'2a53    0x8  Code  Gb  main.o [2]
Modbus_ProcessPendingRequest
                         0x800'2af9  0x320  Code  Gb  main.o [2]
Modbus_ReadRegister      0x800'296d   0x50  Code  Gb  main.o [2]
Modbus_ReadRegisters     0x800'29db   0x78  Code  Gb  main.o [2]
Modbus_SendException     0x800'2a5b   0x64  Code  Lc  main.o [2]
Modbus_WriteRegister     0x800'29bd   0x1e  Code  Gb  main.o [2]
NMI_Handler              0x800'74d9    0x2  Code  Gb  stm32f1xx_it.o [2]
NVIC_EncodePriority      0x800'6bad   0x40  Code  Lc  stm32f1xx_hal_cortex.o [4]
Optron_ProcessFrame      0x800'214f  0x37a  Code  Lc  main.o [2]
PVD_IRQHandler           0x800'777d         Code  Wk  startup_stm32f103xb.o [3]
PendSV_Handler           0x800'74e7    0x2  Code  Gb  stm32f1xx_it.o [2]
PrepareExpanderTx        0x800'25dd   0x6c  Code  Lc  main.o [2]
RCC_Delay                0x800'6a23   0x26  Code  Lc  stm32f1xx_hal_rcc.o [4]
RCC_IRQHandler           0x800'778d         Code  Wk  startup_stm32f103xb.o [3]
RTC_Alarm_IRQHandler     0x800'77f9         Code  Wk  startup_stm32f103xb.o [3]
RTC_IRQHandler           0x800'7785         Code  Wk  startup_stm32f103xb.o [3]
Region$$Table$$Base      0x800'76f0          --   Gb  - Linker created -
Region$$Table$$Limit     0x800'7714          --   Gb  - Linker created -
Reset_Handler            0x800'7755         Code  Wk  startup_stm32f103xb.o [3]
SPI1_IRQHandler          0x800'77e9         Code  Wk  startup_stm32f103xb.o [3]
SPI2_IRQHandler          0x800'77ed         Code  Wk  startup_stm32f103xb.o [3]
SVC_Handler              0x800'74e3    0x2  Code  Gb  stm32f1xx_it.o [2]
SetPcfIntLevel           0x800'2649   0x14  Code  Lc  main.o [2]
SysTick_Config           0x800'6bed   0x30  Code  Lc  stm32f1xx_hal_cortex.o [4]
SysTick_Handler          0x800'74e9    0x8  Code  Gb  stm32f1xx_it.o [2]
SystemClock_Config       0x800'2f59   0x72  Code  Gb  main.o [2]
SystemCoreClock         0x2000'0004    0x4  Data  Gb  system_stm32f1xx.o [1]
SystemInit               0x800'7801    0x2  Code  Gb  system_stm32f1xx.o [1]
TAMPER_IRQHandler        0x800'7781         Code  Wk  startup_stm32f103xb.o [3]
TIM1_BRK_IRQHandler      0x800'77cd         Code  Wk  startup_stm32f103xb.o [3]
TIM1_CC_IRQHandler       0x800'77d5         Code  Wk  startup_stm32f103xb.o [3]
TIM1_TRG_COM_IRQHandler
                         0x800'77d1         Code  Wk  startup_stm32f103xb.o [3]
TIM1_UP_IRQHandler       0x800'7511    0xa  Code  Gb  stm32f1xx_it.o [2]
TIM2_IRQHandler          0x800'751b    0xa  Code  Gb  stm32f1xx_it.o [2]
TIM3_IRQHandler          0x800'77d9         Code  Wk  startup_stm32f103xb.o [3]
TIM4_IRQHandler          0x800'77dd         Code  Wk  startup_stm32f103xb.o [3]
TIM_Base_SetConfig       0x800'3a4f   0x76  Code  Gb  stm32f1xx_hal_tim.o [4]
TIM_ETR_SetConfig        0x800'3b2b   0x16  Code  Gb  stm32f1xx_hal_tim.o [4]
TIM_ITRx_SetConfig       0x800'3b1b   0x10  Code  Lc  stm32f1xx_hal_tim.o [4]
TIM_TI1_ConfigInputStage
                         0x800'3ad1   0x24  Code  Lc  stm32f1xx_hal_tim.o [4]
TIM_TI2_ConfigInputStage
                         0x800'3af5   0x26  Code  Lc  stm32f1xx_hal_tim.o [4]
UART_DMAAbortOnError     0x800'4bf5   0x16  Code  Lc  stm32f1xx_hal_uart.o [4]
UART_EndRxTransfer       0x800'4b8d   0x66  Code  Lc  stm32f1xx_hal_uart.o [4]
UART_EndTransmit_IT      0x800'4c73   0x20  Code  Lc  stm32f1xx_hal_uart.o [4]
UART_Receive_IT          0x800'4c93   0xf6  Code  Lc  stm32f1xx_hal_uart.o [4]
UART_SetConfig           0x800'4d89   0xd8  Code  Lc  stm32f1xx_hal_uart.o [4]
UART_Start_Receive_IT    0x800'4b49   0x44  Code  Gb  stm32f1xx_hal_uart.o [4]
UART_Transmit_IT         0x800'4c0d   0x66  Code  Lc  stm32f1xx_hal_uart.o [4]
UART_WaitOnFlagUntilTimeout
                         0x800'4ac5   0x84  Code  Lc  stm32f1xx_hal_uart.o [4]
USART1_IRQHandler        0x800'77f1         Code  Wk  startup_stm32f103xb.o [3]
USART2_IRQHandler        0x800'7539    0xa  Code  Gb  stm32f1xx_it.o [2]
USART3_IRQHandler        0x800'77f5         Code  Wk  startup_stm32f103xb.o [3]
USBWakeUp_IRQHandler     0x800'77fd         Code  Wk  startup_stm32f103xb.o [3]
USB_HP_CAN1_TX_IRQHandler
                         0x800'77bd         Code  Wk  startup_stm32f103xb.o [3]
USB_LP_CAN1_RX0_IRQHandler
                         0x800'77c1         Code  Wk  startup_stm32f103xb.o [3]
UpdateKtvTimerState      0x800'210d   0x42  Code  Lc  main.o [2]
UsageFault_Handler       0x800'74e1    0x2  Code  Gb  stm32f1xx_it.o [2]
VectorRelocateToAppFlash
                         0x800'20ed   0x20  Code  Gb  main.o [2]
WWDG_IRQHandler          0x800'7779         Code  Wk  startup_stm32f103xb.o [3]
__NVIC_DisableIRQ        0x800'6b5b   0x26  Code  Lc  stm32f1xx_hal_cortex.o [4]
__NVIC_EnableIRQ         0x800'6b3d   0x1e  Code  Lc  stm32f1xx_hal_cortex.o [4]
__NVIC_GetPriorityGrouping
                         0x800'6b33    0xa  Code  Lc  stm32f1xx_hal_cortex.o [4]
__NVIC_SetPriority       0x800'6b81   0x2c  Code  Lc  stm32f1xx_hal_cortex.o [4]
__NVIC_SetPriorityGrouping
                         0x800'6b15   0x1e  Code  Lc  stm32f1xx_hal_cortex.o [4]
__aeabi_ldiv0            0x800'72d5         Code  Gb  I64DivZer.o [6]
__aeabi_ldivmod          0x800'6e89         Code  Gb  I64DivMod.o [6]
__aeabi_llsl             0x800'70fd         Code  Gb  I64Shl.o [6]
__aeabi_llsr             0x800'7121         Code  Gb  U64Shr.o [6]
__aeabi_memcpy           0x800'4e69         Code  Gb  ABImemcpy.o [6]
__aeabi_memcpy4          0x800'4e89         Code  Gb  ABImemcpy.o [6]
__aeabi_memcpy8          0x800'4e89         Code  Gb  ABImemcpy.o [6]
__aeabi_memset           0x800'63e1         Code  Gb  ABImemset.o [6]
__aeabi_uldivmod         0x800'6ecd         Code  Gb  I64DivMod.o [6]
__cmain                  0x800'76a1         Code  Gb  cmain.o [6]
__exit                   0x800'76dd   0x14  Code  Gb  exit.o [7]
__iar_Memset             0x800'63e1         Code  Gb  ABImemset.o [6]
__iar_Memset_word        0x800'63e9         Code  Gb  ABImemset.o [6]
__iar_copy_init3         0x800'4f0f   0x2a  Code  Gb  copy_init3.o [6]
__iar_data_init3         0x800'7679   0x28  Code  Gb  data_init.o [6]
__iar_program_start      0x800'7715         Code  Gb  cstartup_M.o [6]
__iar_zero_init3         0x800'7641   0x38  Code  Gb  zero_init3.o [6]
__low_level_init         0x800'76c3    0x4  Code  Gb  low_level_init.o [5]
__vector_table           0x800'2000         Data  Gb  startup_stm32f103xb.o [3]
_call_main               0x800'76ad         Code  Gb  cmain.o [6]
_exit                    0x800'76cd         Code  Gb  cexit.o [6]
_exit_2                  0x800'76d1         Code  Gb  cexit_2.o [6]
active_i2c_address      0x2000'05eb    0x1  Data  Lc  main.o [2]
active_rx_size          0x2000'05ff    0x1  Data  Lc  main.o [2]
crc16table               0x800'72d8  0x200  Data  Lc  mbcrc.o [2]
door                    0x2000'05ef    0x1  Data  Gb  main.o [2]
error_sv                0x2000'05f0    0x1  Data  Gb  main.o [2]
exit                     0x800'76c7    0x4  Code  Gb  exit.o [5]
expander16_input_mask    0x800'6446    0x2  Data  Lc  main.o [2]
expander16_map           0x800'7580   0x80  Data  Lc  main.o [2]
expander16_state        0x2000'05e0    0x2  Data  Lc  main.o [2]
expander8_map            0x800'7600   0x40  Data  Lc  main.o [2]
expander8_state         0x2000'05ea    0x1  Data  Lc  main.o [2]
flash_cfg_storage        0x800'fc00    0x2  Data  Gb  main.o [2]
g_ktv                   0x2000'0010  0x1f8  Data  Lc  ktv.o [2]
g_result                0x2000'0404   0x64  Data  Lc  ktv.o [2]
hi2c1                   0x2000'0468   0x54  Data  Gb  main.o [2]
htim1                   0x2000'04bc   0x48  Data  Gb  main.o [2]
htim2                   0x2000'0504   0x48  Data  Gb  main.o [2]
huart2                  0x2000'054c   0x48  Data  Gb  main.o [2]
i2c_rx_buffer           0x2000'05dc    0x2  Data  Lc  main.o [2]
i2c_tx_buffer           0x2000'05de    0x2  Data  Lc  main.o [2]
kontur1_diod            0x2000'0609    0x1  Data  Gb  main.o [2]
kontur1_kz              0x2000'0608    0x1  Data  Gb  main.o [2]
kontur1_obryv           0x2000'060a    0x1  Data  Gb  main.o [2]
kontur2_diod            0x2000'060c    0x1  Data  Gb  main.o [2]
kontur2_kz              0x2000'060b    0x1  Data  Gb  main.o [2]
kontur2_obryv           0x2000'060d    0x1  Data  Gb  main.o [2]
main                     0x800'2eb9   0x92  Code  Gb  main.o [2]
mbcrc                    0x800'4495   0x4c  Code  Gb  mbcrc.o [2]
modbus_break_k_p        0x2000'05fd    0x1  Data  Gb  main.o [2]
modbus_cfg1             0x2000'05f3    0x1  Data  Gb  main.o [2]
modbus_cfg2             0x2000'05f4    0x1  Data  Gb  main.o [2]
modbus_cfg3             0x2000'05f5    0x1  Data  Gb  main.o [2]
modbus_cfg4             0x2000'05f6    0x1  Data  Gb  main.o [2]
modbus_cfg5             0x2000'05f7    0x1  Data  Gb  main.o [2]
modbus_cfg6             0x2000'05f8    0x1  Data  Gb  main.o [2]
modbus_cfg7             0x2000'05f9    0x1  Data  Gb  main.o [2]
modbus_cfg8             0x2000'05fa    0x1  Data  Gb  main.o [2]
modbus_exec_config      0x2000'05fb    0x1  Data  Gb  main.o [2]
modbus_last_error       0x2000'0602    0x1  Data  Lc  main.o [2]
modbus_on_3v3           0x2000'05fc    0x1  Data  Gb  main.o [2]
modbus_rx_buffer        0x2000'0594   0x20  Data  Lc  main.o [2]
modbus_rx_frame         0x2000'05b4   0x20  Data  Lc  main.o [2]
modbus_rx_frame_len     0x2000'05e4    0x2  Data  Lc  main.o [2]
modbus_rx_ready         0x2000'0601    0x1  Data  Lc  main.o [2]
modbus_sv_kont_p        0x2000'05fe    0x1  Data  Gb  main.o [2]
modbus_tx_buffer        0x2000'0208  0x100  Data  Lc  main.o [2]
modbus_write_register   0x2000'05e2    0x2  Data  Gb  main.o [2]
on_3v3_enabled          0x2000'0600    0x1  Data  Lc  main.o [2]
on_bkk_k1               0x2000'05f1    0x1  Data  Gb  main.o [2]
on_bkk_k2               0x2000'05f2    0x1  Data  Gb  main.o [2]
optron1_1_state         0x2000'0604    0x1  Data  Gb  main.o [2]
optron1_2_state         0x2000'0605    0x1  Data  Gb  main.o [2]
optron2_1_state         0x2000'0606    0x1  Data  Gb  main.o [2]
optron2_2_state         0x2000'0607    0x1  Data  Gb  main.o [2]
optron_cycle_tick       0x2000'05e8    0x2  Data  Lc  main.o [2]
optron_eval_pending     0x2000'0603    0x1  Data  Lc  main.o [2]
optron_sample_index     0x2000'05e6    0x2  Data  Lc  main.o [2]
optron_samples          0x2000'0308   0xfc  Data  Lc  main.o [2]
pcf_int_latched         0x2000'05ee    0x1  Data  Lc  main.o [2]
pwr_ktv_last_state      0x2000'0008    0x1  Data  Lc  main.o [2]
sd_sw_last_state        0x2000'05ec    0x1  Data  Lc  main.o [2]
sd_sw_return_state      0x2000'05ed    0x1  Data  Lc  main.o [2]
tim2_running            0x2000'060f    0x1  Data  Lc  main.o [2]
tim2_tick_count         0x2000'05d4    0x4  Data  Lc  main.o [2]
uwTick                  0x2000'05d8    0x4  Data  Gb  stm32f1xx_hal.o [4]
uwTickFreq              0x2000'0009    0x1  Data  Gb  stm32f1xx_hal.o [4]
uwTickPrio              0x2000'0000    0x4  Data  Gb  stm32f1xx_hal.o [4]


[1] = C:\Users\User\Desktop\Активные проекты\CBU_F103\CBU_3_0_F103_APP\EWARM\ЦБУ_слейв МК (2)\Obj\CMSIS_6603591812247902717.dir
[2] = C:\Users\User\Desktop\Активные проекты\CBU_F103\CBU_3_0_F103_APP\EWARM\ЦБУ_слейв МК (2)\Obj\Core_13247989168731456611.dir
[3] = C:\Users\User\Desktop\Активные проекты\CBU_F103\CBU_3_0_F103_APP\EWARM\ЦБУ_слейв МК (2)\Obj\EWARM_18443280873093131863.dir
[4] = C:\Users\User\Desktop\Активные проекты\CBU_F103\CBU_3_0_F103_APP\EWARM\ЦБУ_слейв МК (2)\Obj\STM32F1xx_HAL_Driver_9701002599162248031.dir
[5] = dl7M_tln.a
[6] = rt7M_tl.a
[7] = shb_l.a

  21'730 bytes of readonly  code memory
     802 bytes of readonly  data memory
   2'575 bytes of readwrite data memory

Errors: none
Warnings: none
