###############################################################################
#
# IAR ELF Linker V9.70.1.475/W64 for ARM                  27/Jan/2026  16:25:57
# Copyright 2007-2025 IAR Systems AB.
#
#    Output file  =
#        C:\Users\User\Desktop\CBU_3.0\EWARM\ײֱ׃_סכויג ּÊ (2)\Exe\ײֱ׃_סכויג ּÊ
#        (2).out
#    Map file     =
#        C:\Users\User\Desktop\CBU_3.0\EWARM\ײֱ׃_סכויג ּÊ (2)\List\ײֱ׃_סכויג ּÊ
#        (2).map
#    Command line =
#        -f "C:\Users\User\Desktop\CBU_3.0\EWARM\ײֱ׃_סכויג ּÊ (2)\Exe\ײֱ׃_סכויג
#        ּÊ (2).out.rsp" ("C:\Users\User\Desktop\CBU_3.0\EWARM\ײֱ׃_סכויג ּÊ
#        (2)\Obj\Core_13247989168731456611.dir\ktv.o"
#        "C:\Users\User\Desktop\CBU_3.0\EWARM\ײֱ׃_סכויג ּÊ
#        (2)\Obj\Core_13247989168731456611.dir\main.o"
#        "C:\Users\User\Desktop\CBU_3.0\EWARM\ײֱ׃_סכויג ּÊ
#        (2)\Obj\EWARM_18443280873093131863.dir\startup_stm32f103xb.o"
#        "C:\Users\User\Desktop\CBU_3.0\EWARM\ײֱ׃_סכויג ּÊ
#        (2)\Obj\STM32F1xx_HAL_Driver_9701002599162248031.dir\stm32f1xx_hal.o"
#        "C:\Users\User\Desktop\CBU_3.0\EWARM\ײֱ׃_סכויג ּÊ
#        (2)\Obj\STM32F1xx_HAL_Driver_9701002599162248031.dir\stm32f1xx_hal_cortex.o"
#        "C:\Users\User\Desktop\CBU_3.0\EWARM\ײֱ׃_סכויג ּÊ
#        (2)\Obj\STM32F1xx_HAL_Driver_9701002599162248031.dir\stm32f1xx_hal_dma.o"
#        "C:\Users\User\Desktop\CBU_3.0\EWARM\ײֱ׃_סכויג ּÊ
#        (2)\Obj\STM32F1xx_HAL_Driver_9701002599162248031.dir\stm32f1xx_hal_exti.o"
#        "C:\Users\User\Desktop\CBU_3.0\EWARM\ײֱ׃_סכויג ּÊ
#        (2)\Obj\STM32F1xx_HAL_Driver_9701002599162248031.dir\stm32f1xx_hal_flash.o"
#        "C:\Users\User\Desktop\CBU_3.0\EWARM\ײֱ׃_סכויג ּÊ
#        (2)\Obj\STM32F1xx_HAL_Driver_9701002599162248031.dir\stm32f1xx_hal_flash_ex.o"
#        "C:\Users\User\Desktop\CBU_3.0\EWARM\ײֱ׃_סכויג ּÊ
#        (2)\Obj\STM32F1xx_HAL_Driver_9701002599162248031.dir\stm32f1xx_hal_gpio.o"
#        "C:\Users\User\Desktop\CBU_3.0\EWARM\ײֱ׃_סכויג ּÊ
#        (2)\Obj\STM32F1xx_HAL_Driver_9701002599162248031.dir\stm32f1xx_hal_gpio_ex.o"
#        "C:\Users\User\Desktop\CBU_3.0\EWARM\ײֱ׃_סכויג ּÊ
#        (2)\Obj\STM32F1xx_HAL_Driver_9701002599162248031.dir\stm32f1xx_hal_i2c.o"
#        "C:\Users\User\Desktop\CBU_3.0\EWARM\ײֱ׃_סכויג ּÊ
#        (2)\Obj\Core_13247989168731456611.dir\stm32f1xx_hal_msp.o"
#        "C:\Users\User\Desktop\CBU_3.0\EWARM\ײֱ׃_סכויג ּÊ
#        (2)\Obj\STM32F1xx_HAL_Driver_9701002599162248031.dir\stm32f1xx_hal_pwr.o"
#        "C:\Users\User\Desktop\CBU_3.0\EWARM\ײֱ׃_סכויג ּÊ
#        (2)\Obj\STM32F1xx_HAL_Driver_9701002599162248031.dir\stm32f1xx_hal_rcc.o"
#        "C:\Users\User\Desktop\CBU_3.0\EWARM\ײֱ׃_סכויג ּÊ
#        (2)\Obj\STM32F1xx_HAL_Driver_9701002599162248031.dir\stm32f1xx_hal_rcc_ex.o"
#        "C:\Users\User\Desktop\CBU_3.0\EWARM\ײֱ׃_סכויג ּÊ
#        (2)\Obj\STM32F1xx_HAL_Driver_9701002599162248031.dir\stm32f1xx_hal_tim.o"
#        "C:\Users\User\Desktop\CBU_3.0\EWARM\ײֱ׃_סכויג ּÊ
#        (2)\Obj\STM32F1xx_HAL_Driver_9701002599162248031.dir\stm32f1xx_hal_tim_ex.o"
#        "C:\Users\User\Desktop\CBU_3.0\EWARM\ײֱ׃_סכויג ּÊ
#        (2)\Obj\STM32F1xx_HAL_Driver_9701002599162248031.dir\stm32f1xx_hal_usart.o"
#        "C:\Users\User\Desktop\CBU_3.0\EWARM\ײֱ׃_סכויג ּÊ
#        (2)\Obj\Core_13247989168731456611.dir\stm32f1xx_it.o"
#        "C:\Users\User\Desktop\CBU_3.0\EWARM\ײֱ׃_סכויג ּÊ
#        (2)\Obj\CMSIS_6603591812247902717.dir\system_stm32f1xx.o"
#        --no_out_extension -o "C:\Users\User\Desktop\CBU_3.0\EWARM\ײֱ׃_סכויג
#        ּÊ (2)\Exe\ײֱ׃_סכויג ּÊ (2).out" --redirect _Printf=_PrintfFullNoMb
#        --redirect _Scanf=_ScanfFullNoMb --map
#        "C:\Users\User\Desktop\CBU_3.0\EWARM\ײֱ׃_סכויג ּÊ (2)\List\ײֱ׃_סכויג
#        ּÊ (2).map" --config
#        C:\Users\User\Desktop\CBU_3.0\EWARM/stm32f103xb_flash.icf
#        --semihosting --entry __iar_program_start --vfe --text_out locale
#        --cpu=Cortex-M3 --fpu=None) --diagnostics_format=sarif_stdout
#        --dependencies=n "C:\Users\User\Desktop\CBU_3.0\EWARM\ײֱ׃_סכויג ּÊ
#        (2)\Exe\ײֱ׃_סכויג ּÊ (2).out.iar_deps" --dynamic_output
#        "C:\Users\User\Desktop\CBU_3.0\EWARM\ײֱ׃_סכויג ּÊ (2)\Exe\ײֱ׃_סכויג ּÊ
#        (2).out.iar_dynout"
#
###############################################################################

*******************************************************************************
*** RUNTIME MODEL ATTRIBUTES
***

CppFlavor       = *
__CPP_Runtime   = 1
__SystemLibrary = DLib
__dlib_version  = 6


*******************************************************************************
*** HEAP SELECTION
***

The basic heap was selected because --advanced_heap
was not specified and the application did not appear to
be primarily optimized for speed.


*******************************************************************************
*** PLACEMENT SUMMARY
***

"A0":  place at address 0x800'0000 {  ro section .intvec };
"P1":  place in [from 0x800'0000 to 0x801'ffff] {  ro };
define block CSTACK with size = 1K, alignment = 8 { };
define block HEAP with size = 512, alignment = 8 { };
"P2":  place in [from 0x2000'0000 to 0x2000'4fff] {
           rw,  block CSTACK,  block HEAP };
initialize by copy {  rw };

  Section            Kind         Address  Alignment    Size  Object
  -------            ----         -------  ---------    ----  ------
"A0":                                                   0xec
  .intvec            ro code   0x800'0000          4    0xec  startup_stm32f103xb.o [3]
                             - 0x800'00ec               0xec

"P1":                                                 0x3ba2
  .text              ro code   0x800'00ec          4  0x1484  stm32f1xx_hal_i2c.o [4]
  .text              ro code   0x800'1570          4   0x170  stm32f1xx_hal_msp.o [2]
  .text              ro code   0x800'16e0          4   0x64c  stm32f1xx_hal_rcc.o [4]
  .text              ro code   0x800'1d2c          2     0x2  stm32f1xx_hal_i2c.o [4]
  .text              ro code   0x800'1d2e          2     0x2  stm32f1xx_hal_i2c.o [4]
  .text              ro code   0x800'1d30          2     0x2  stm32f1xx_hal_i2c.o [4]
  .text              ro code   0x800'1d32          2     0x2  stm32f1xx_hal_i2c.o [4]
  .text              ro code   0x800'1d34          4   0x7c0  main.o [2]
  .text              ro code   0x800'24f4          2     0x2  stm32f1xx_hal_i2c.o [4]
  .text              ro code   0x800'24f6          2    0x2a  copy_init3.o [6]
  .text              ro code   0x800'2520          4    0xd6  stm32f1xx_hal_dma.o [4]
  .text              ro code   0x800'25f6          2     0x2  stm32f1xx_hal_i2c.o [4]
  .text              ro code   0x800'25f8          4    0x66  ABImemset.o [6]
  .rodata            const     0x800'265e          2     0x2  main.o [2]
  .text              ro code   0x800'2660          4   0x2b4  stm32f1xx_hal_gpio.o [4]
  .text              ro code   0x800'2914          4   0x154  stm32f1xx_hal_cortex.o [4]
  .text              ro code   0x800'2a68          4     0xc  stm32f1xx_hal.o [4]
  .text              ro code   0x800'2a74          4    0x4c  stm32f1xx_hal.o [4]
  .text              ro code   0x800'2ac0          4    0x24  stm32f1xx_hal.o [4]
  .text              ro code   0x800'2ae4          4   0x544  ktv.o [2]
  .text              ro code   0x800'3028          4   0x410  stm32f1xx_hal_tim.o [4]
  .text              ro code   0x800'3438          4    0x80  stm32f1xx_hal_tim_ex.o [4]
  .text              ro code   0x800'34b8          4   0x1e8  stm32f1xx_hal_usart.o [4]
  .text              ro code   0x800'36a0          4   0x274  I64DivMod.o [6]
  .text              ro code   0x800'3914          4    0x22  I64Shl.o [6]
  .rodata            const     0x800'3936          2     0x2  stm32f1xx_hal_rcc.o [4]
  .text              ro code   0x800'3938          4    0x1e  U64Shr.o [6]
  .text              ro code   0x800'3956          2     0x2  stm32f1xx_hal_tim.o [4]
  .text              ro code   0x800'3958          2     0x2  stm32f1xx_hal_tim.o [4]
  .text              ro code   0x800'395a          2     0x2  stm32f1xx_hal_tim.o [4]
  .text              ro code   0x800'395c          2     0x2  stm32f1xx_hal_tim_ex.o [4]
  .text              ro code   0x800'395e          2     0x2  stm32f1xx_hal_tim.o [4]
  .text              ro code   0x800'3960          2     0x2  stm32f1xx_hal_tim_ex.o [4]
  .text              ro code   0x800'3964          4     0x2  I64DivZer.o [6]
  .text              ro code   0x800'3968          4    0x84  stm32f1xx_it.o [2]
  .text              ro code   0x800'39ec          4    0x18  stm32f1xx_hal.o [4]
  .rodata            const     0x800'3a04          4    0x80  main.o [2]
  .rodata            const     0x800'3a84          4    0x40  main.o [2]
  .text              ro code   0x800'3ac4          2    0x38  zero_init3.o [6]
  .text              ro code   0x800'3afc          4    0x28  data_init.o [6]
  .text              ro code   0x800'3b24          4    0x22  cmain.o [6]
  .text              ro code   0x800'3b46          2     0x4  low_level_init.o [5]
  .text              ro code   0x800'3b4a          2     0x4  exit.o [5]
  .text              ro code   0x800'3b50          4     0x4  cexit.o [6]
  .text              ro code   0x800'3b54          4     0xa  cexit_2.o [6]
  .text              ro code   0x800'3b60          4    0x14  exit.o [7]
  .iar.init_table    const     0x800'3b74          4    0x24  - Linker created -
  .text              ro code   0x800'3b98          4    0x1e  cstartup_M.o [6]
  .rodata            const     0x800'3bb8          4    0x10  stm32f1xx_hal_rcc.o [4]
  .rodata            const     0x800'3bc8          4    0x10  system_stm32f1xx.o [1]
  .text              ro code   0x800'3bd8          4    0x10  startup_stm32f103xb.o [3]
  Initializer bytes  const     0x800'3be8          4     0xc  <for P2-1>
  .rodata            const     0x800'3bf4          4     0x8  system_stm32f1xx.o [1]
  .text              ro code   0x800'3bfc          2     0x4  startup_stm32f103xb.o [3]
  .text              ro code   0x800'3c00          2     0x4  startup_stm32f103xb.o [3]
  .text              ro code   0x800'3c04          2     0x4  startup_stm32f103xb.o [3]
  .text              ro code   0x800'3c08          2     0x4  startup_stm32f103xb.o [3]
  .text              ro code   0x800'3c0c          2     0x4  startup_stm32f103xb.o [3]
  .text              ro code   0x800'3c10          2     0x4  startup_stm32f103xb.o [3]
  .text              ro code   0x800'3c14          2     0x4  startup_stm32f103xb.o [3]
  .text              ro code   0x800'3c18          2     0x4  startup_stm32f103xb.o [3]
  .text              ro code   0x800'3c1c          2     0x4  startup_stm32f103xb.o [3]
  .text              ro code   0x800'3c20          2     0x4  startup_stm32f103xb.o [3]
  .text              ro code   0x800'3c24          2     0x4  startup_stm32f103xb.o [3]
  .text              ro code   0x800'3c28          2     0x4  startup_stm32f103xb.o [3]
  .text              ro code   0x800'3c2c          2     0x4  startup_stm32f103xb.o [3]
  .text              ro code   0x800'3c30          2     0x4  startup_stm32f103xb.o [3]
  .text              ro code   0x800'3c34          2     0x4  startup_stm32f103xb.o [3]
  .text              ro code   0x800'3c38          2     0x4  startup_stm32f103xb.o [3]
  .text              ro code   0x800'3c3c          2     0x4  startup_stm32f103xb.o [3]
  .text              ro code   0x800'3c40          2     0x4  startup_stm32f103xb.o [3]
  .text              ro code   0x800'3c44          2     0x4  startup_stm32f103xb.o [3]
  .text              ro code   0x800'3c48          2     0x4  startup_stm32f103xb.o [3]
  .text              ro code   0x800'3c4c          2     0x4  startup_stm32f103xb.o [3]
  .text              ro code   0x800'3c50          2     0x4  startup_stm32f103xb.o [3]
  .text              ro code   0x800'3c54          2     0x4  startup_stm32f103xb.o [3]
  .text              ro code   0x800'3c58          2     0x4  startup_stm32f103xb.o [3]
  .text              ro code   0x800'3c5c          2     0x4  startup_stm32f103xb.o [3]
  .text              ro code   0x800'3c60          2     0x4  startup_stm32f103xb.o [3]
  .text              ro code   0x800'3c64          2     0x4  startup_stm32f103xb.o [3]
  .text              ro code   0x800'3c68          2     0x4  startup_stm32f103xb.o [3]
  .text              ro code   0x800'3c6c          2     0x4  startup_stm32f103xb.o [3]
  .text              ro code   0x800'3c70          2     0x4  startup_stm32f103xb.o [3]
  .text              ro code   0x800'3c74          2     0x4  startup_stm32f103xb.o [3]
  .text              ro code   0x800'3c78          2     0x4  startup_stm32f103xb.o [3]
  .text              ro code   0x800'3c7c          2     0x4  startup_stm32f103xb.o [3]
  .text              ro code   0x800'3c80          2     0x4  startup_stm32f103xb.o [3]
  .text              ro code   0x800'3c84          2     0x4  startup_stm32f103xb.o [3]
  .text              ro code   0x800'3c88          2     0x4  startup_stm32f103xb.o [3]
  .text              ro code   0x800'3c8c          4     0x2  system_stm32f1xx.o [1]
  .rodata            const     0x800'3c8e                0x0  zero_init3.o [6]
  .rodata            const     0x800'3c8e                0x0  copy_init3.o [6]
                             - 0x800'3c8e             0x3ba2

"P2", part 1 of 3:                                       0xc
  P2-1                        0x2000'0000          4     0x9  <Init block>
    .data            inited   0x2000'0000          4     0x4  stm32f1xx_hal.o [4]
    .data            inited   0x2000'0004          4     0x4  system_stm32f1xx.o [1]
    .data            inited   0x2000'0008                0x1  stm32f1xx_hal.o [4]
                            - 0x2000'0009                0x9

"P2", part 2 of 3:                                     0x35c
  .bss               zero     0x2000'0010          8   0x1f8  ktv.o [2]
  .bss               zero     0x2000'0208          4    0x64  ktv.o [2]
  .bss               zero     0x2000'026c          4    0x54  main.o [2]
  .bss               zero     0x2000'02c0          4    0x48  main.o [2]
  .bss               zero     0x2000'0308          4    0x44  main.o [2]
  .bss               zero     0x2000'034c          4     0x4  main.o [2]
  .bss               zero     0x2000'0350          4     0x4  stm32f1xx_hal.o [4]
  .bss               zero     0x2000'0354          2     0x2  main.o [2]
  .bss               zero     0x2000'0356          2     0x2  main.o [2]
  .bss               zero     0x2000'0358          2     0x2  main.o [2]
  .bss               zero     0x2000'035a                0x1  main.o [2]
  .bss               zero     0x2000'035b                0x1  main.o [2]
  .bss               zero     0x2000'035c                0x1  main.o [2]
  .bss               zero     0x2000'035d                0x1  main.o [2]
  .bss               zero     0x2000'035e                0x1  main.o [2]
  .bss               zero     0x2000'035f                0x1  main.o [2]
  .bss               zero     0x2000'0360                0x1  main.o [2]
  .bss               zero     0x2000'0361                0x1  main.o [2]
  .bss               zero     0x2000'0362                0x1  main.o [2]
  .bss               zero     0x2000'0363                0x1  main.o [2]
  .bss               zero     0x2000'0364                0x1  main.o [2]
  .bss               zero     0x2000'0365                0x1  main.o [2]
                            - 0x2000'0366              0x35a

"P2", part 3 of 3:                                     0x400
  CSTACK                      0x2000'0368          8   0x400  <Block>
    CSTACK           uninit   0x2000'0368              0x400  <Block tail>
                            - 0x2000'0768              0x400

Unused ranges:

         From           To      Size
         ----           --      ----
   0x800'3c8e   0x801'ffff  0x1'c372
  0x2000'0768  0x2000'4fff    0x4898


*******************************************************************************
*** INIT TABLE
***

          Address      Size
          -------      ----
Zero (__iar_zero_init3)
    1 destination range, total size 0x356:
          0x2000'0010  0x356

Copy (__iar_copy_init3)
    1 source range, total size 0xc (133% of destination):
           0x800'3be8    0xc
    1 destination range, total size 0x9:
          0x2000'0000    0x9



*******************************************************************************
*** MODULE SUMMARY
***

    Module                  ro code  ro data  rw data
    ------                  -------  -------  -------
command line/config:
    -------------------------------------------------
    Total:

C:\Users\User\Desktop\CBU_3.0\EWARM\ײֱ׃_סכויג ּÊ (2)\Obj\CMSIS_6603591812247902717.dir: [1]
    system_stm32f1xx.o            2       28        4
    -------------------------------------------------
    Total:                        2       28        4

C:\Users\User\Desktop\CBU_3.0\EWARM\ײֱ׃_סכויג ּÊ (2)\Obj\Core_13247989168731456611.dir: [2]
    ktv.o                     1'348               604
    main.o                    1'984      194      246
    stm32f1xx_hal_msp.o         368
    stm32f1xx_it.o              132
    -------------------------------------------------
    Total:                    3'832      194      850

C:\Users\User\Desktop\CBU_3.0\EWARM\ײֱ׃_סכויג ּÊ (2)\Obj\EWARM_18443280873093131863.dir: [3]
    startup_stm32f103xb.o       396
    -------------------------------------------------
    Total:                      396

C:\Users\User\Desktop\CBU_3.0\EWARM\ײֱ׃_סכויג ּÊ (2)\Obj\STM32F1xx_HAL_Driver_9701002599162248031.dir: [4]
    stm32f1xx_hal.o             148        5        9
    stm32f1xx_hal_cortex.o      340
    stm32f1xx_hal_dma.o         214
    stm32f1xx_hal_gpio.o        692
    stm32f1xx_hal_i2c.o       5'264
    stm32f1xx_hal_rcc.o       1'612       18
    stm32f1xx_hal_tim.o       1'048
    stm32f1xx_hal_tim_ex.o      132
    stm32f1xx_hal_usart.o       488
    -------------------------------------------------
    Total:                    9'938       23        9

dl7M_tln.a: [5]
    exit.o                        4
    low_level_init.o              4
    -------------------------------------------------
    Total:                        8

rt7M_tl.a: [6]
    ABImemset.o                 102
    I64DivMod.o                 628
    I64DivZer.o                   2
    I64Shl.o                     34
    U64Shr.o                     30
    cexit.o                       4
    cexit_2.o                    10
    cmain.o                      34
    copy_init3.o                 42
    cstartup_M.o                 30
    data_init.o                  40
    zero_init3.o                 56
    -------------------------------------------------
    Total:                    1'012

shb_l.a: [7]
    exit.o                       20
    -------------------------------------------------
    Total:                       20

    Gaps                          8        2        4
    Linker created                        39    1'024
-----------------------------------------------------
    Grand Total:             15'216      286    1'891


*******************************************************************************
*** ENTRY LIST
***

Entry                       Address   Size  Type      Object
-----                       -------   ----  ----      ------
.iar.init_table$$Base    0x800'3b74          --   Gb  - Linker created -
.iar.init_table$$Limit   0x800'3b98          --   Gb  - Linker created -
?main                    0x800'3b25         Code  Gb  cmain.o [6]
ADC1_2_IRQHandler        0x800'3c3d         Code  Wk  startup_stm32f103xb.o [3]
AHBPrescTable            0x800'3bc8   0x10  Data  Gb  system_stm32f1xx.o [1]
APBPrescTable            0x800'3bf4    0x8  Data  Gb  system_stm32f1xx.o [1]
ApplyExpander16State     0x800'1d65   0x6e  Code  Lc  main.o [2]
ApplyExpander8State      0x800'1dd3   0x3c  Code  Lc  main.o [2]
BusFault_Handler         0x800'396f    0x2  Code  Gb  stm32f1xx_it.o [2]
CAN1_RX1_IRQHandler      0x800'3c49         Code  Wk  startup_stm32f103xb.o [3]
CAN1_SCE_IRQHandler      0x800'3c4d         Code  Wk  startup_stm32f103xb.o [3]
CSTACK$$Base            0x2000'0368          --   Gb  - Linker created -
CSTACK$$Limit           0x2000'0768          --   Gb  - Linker created -
ClearPcfIntLatch         0x800'1e8f   0x18  Code  Lc  main.o [2]
DMA1_Channel1_IRQHandler
                         0x800'3c21         Code  Wk  startup_stm32f103xb.o [3]
DMA1_Channel2_IRQHandler
                         0x800'3c25         Code  Wk  startup_stm32f103xb.o [3]
DMA1_Channel3_IRQHandler
                         0x800'3c29         Code  Wk  startup_stm32f103xb.o [3]
DMA1_Channel4_IRQHandler
                         0x800'3c2d         Code  Wk  startup_stm32f103xb.o [3]
DMA1_Channel5_IRQHandler
                         0x800'3c31         Code  Wk  startup_stm32f103xb.o [3]
DMA1_Channel6_IRQHandler
                         0x800'3c35         Code  Wk  startup_stm32f103xb.o [3]
DMA1_Channel7_IRQHandler
                         0x800'3c39         Code  Wk  startup_stm32f103xb.o [3]
DebugMon_Handler         0x800'3975    0x2  Code  Gb  stm32f1xx_it.o [2]
EXTI0_IRQHandler         0x800'3981    0xa  Code  Gb  stm32f1xx_it.o [2]
EXTI15_10_IRQHandler     0x800'39c9   0x24  Code  Gb  stm32f1xx_it.o [2]
EXTI1_IRQHandler         0x800'398b    0xa  Code  Gb  stm32f1xx_it.o [2]
EXTI2_IRQHandler         0x800'3c15         Code  Wk  startup_stm32f103xb.o [3]
EXTI3_IRQHandler         0x800'3c19         Code  Wk  startup_stm32f103xb.o [3]
EXTI4_IRQHandler         0x800'3c1d         Code  Wk  startup_stm32f103xb.o [3]
EXTI9_5_IRQHandler       0x800'3995    0xc  Code  Gb  stm32f1xx_it.o [2]
Error_Handler            0x800'24f1    0x4  Code  Gb  main.o [2]
Expander_WritePin        0x800'1d35   0x30  Code  Lc  main.o [2]
FLASH_IRQHandler         0x800'3c0d         Code  Wk  startup_stm32f103xb.o [3]
HAL_DMA_Abort_IT         0x800'2521   0xb4  Code  Gb  stm32f1xx_hal_dma.o [4]
HAL_DMA_GetState         0x800'25f1    0x6  Code  Gb  stm32f1xx_hal_dma.o [4]
HAL_GPIO_EXTI_Callback   0x800'23b9   0xba  Code  Gb  main.o [2]
HAL_GPIO_EXTI_IRQHandler
                         0x800'28af   0x20  Code  Gb  stm32f1xx_hal_gpio.o [4]
HAL_GPIO_Init            0x800'2661  0x21e  Code  Gb  stm32f1xx_hal_gpio.o [4]
HAL_GPIO_ReadPin         0x800'287f   0x16  Code  Gb  stm32f1xx_hal_gpio.o [4]
HAL_GPIO_WritePin        0x800'2895   0x1a  Code  Gb  stm32f1xx_hal_gpio.o [4]
HAL_GetTick              0x800'2a69    0xc  Code  Wk  stm32f1xx_hal.o [4]
HAL_I2C_AbortCpltCallback
                         0x800'25f7    0x2  Code  Wk  stm32f1xx_hal_i2c.o [4]
HAL_I2C_AddrCallback     0x800'22af   0x9c  Code  Gb  main.o [2]
HAL_I2C_ER_IRQHandler    0x800'0627   0xf8  Code  Gb  stm32f1xx_hal_i2c.o [4]
HAL_I2C_EV_IRQHandler    0x800'0461  0x1c6  Code  Gb  stm32f1xx_hal_i2c.o [4]
HAL_I2C_EnableListen_IT
                         0x800'041d   0x44  Code  Gb  stm32f1xx_hal_i2c.o [4]
HAL_I2C_ErrorCallback    0x800'23a5   0x14  Code  Gb  main.o [2]
HAL_I2C_Init             0x800'00ed  0x1d2  Code  Gb  stm32f1xx_hal_i2c.o [4]
HAL_I2C_ListenCpltCallback
                         0x800'2391   0x14  Code  Gb  main.o [2]
HAL_I2C_MasterRxCpltCallback
                         0x800'1d33    0x2  Code  Wk  stm32f1xx_hal_i2c.o [4]
HAL_I2C_MasterTxCpltCallback
                         0x800'1d2d    0x2  Code  Wk  stm32f1xx_hal_i2c.o [4]
HAL_I2C_MemRxCpltCallback
                         0x800'1d31    0x2  Code  Wk  stm32f1xx_hal_i2c.o [4]
HAL_I2C_MemTxCpltCallback
                         0x800'1d2f    0x2  Code  Wk  stm32f1xx_hal_i2c.o [4]
HAL_I2C_MspInit          0x800'15ad   0x78  Code  Gb  stm32f1xx_hal_msp.o [2]
HAL_I2C_SlaveRxCpltCallback
                         0x800'234b   0x46  Code  Gb  main.o [2]
HAL_I2C_SlaveTxCpltCallback
                         0x800'24f5    0x2  Code  Wk  stm32f1xx_hal_i2c.o [4]
HAL_I2C_Slave_Seq_Receive_IT
                         0x800'0383   0x9a  Code  Gb  stm32f1xx_hal_i2c.o [4]
HAL_I2C_Slave_Seq_Transmit_IT
                         0x800'02e9   0x9a  Code  Gb  stm32f1xx_hal_i2c.o [4]
HAL_IncTick              0x800'39ed   0x18  Code  Wk  stm32f1xx_hal.o [4]
HAL_Init                 0x800'2ac1   0x20  Code  Gb  stm32f1xx_hal.o [4]
HAL_InitTick             0x800'2a75   0x4c  Code  Wk  stm32f1xx_hal.o [4]
HAL_MspInit              0x800'1571   0x3c  Code  Gb  stm32f1xx_hal_msp.o [2]
HAL_NVIC_EnableIRQ       0x800'2a2d    0xe  Code  Gb  stm32f1xx_hal_cortex.o [4]
HAL_NVIC_SetPriority     0x800'2a03   0x2a  Code  Gb  stm32f1xx_hal_cortex.o [4]
HAL_NVIC_SetPriorityGrouping
                         0x800'29f7    0xc  Code  Gb  stm32f1xx_hal_cortex.o [4]
HAL_RCC_ClockConfig      0x800'1ae1  0x14c  Code  Gb  stm32f1xx_hal_rcc.o [4]
HAL_RCC_GetHCLKFreq      0x800'1c89    0x6  Code  Gb  stm32f1xx_hal_rcc.o [4]
HAL_RCC_GetPCLK1Freq     0x800'1c8f   0x16  Code  Gb  stm32f1xx_hal_rcc.o [4]
HAL_RCC_GetPCLK2Freq     0x800'1ca5   0x16  Code  Gb  stm32f1xx_hal_rcc.o [4]
HAL_RCC_GetSysClockFreq
                         0x800'1c2d   0x5c  Code  Gb  stm32f1xx_hal_rcc.o [4]
HAL_RCC_GetSysClockFreq::aPLLMULFactorTable
                         0x800'3bb8   0x10  Data  Lc  stm32f1xx_hal_rcc.o [4]
HAL_RCC_GetSysClockFreq::aPredivFactorTable
                         0x800'3936    0x2  Data  Lc  stm32f1xx_hal_rcc.o [4]
HAL_RCC_OscConfig        0x800'16e1  0x400  Code  Gb  stm32f1xx_hal_rcc.o [4]
HAL_SYSTICK_Config       0x800'2a3b    0xc  Code  Gb  stm32f1xx_hal_cortex.o [4]
HAL_TIMEx_BreakCallback
                         0x800'395d    0x2  Code  Wk  stm32f1xx_hal_tim_ex.o [4]
HAL_TIMEx_CommutCallback
                         0x800'3961    0x2  Code  Wk  stm32f1xx_hal_tim_ex.o [4]
HAL_TIMEx_MasterConfigSynchronization
                         0x800'3439   0x70  Code  Gb  stm32f1xx_hal_tim_ex.o [4]
HAL_TIM_Base_Init        0x800'3029   0x6e  Code  Gb  stm32f1xx_hal_tim.o [4]
HAL_TIM_Base_MspInit     0x800'1625   0x32  Code  Gb  stm32f1xx_hal_msp.o [2]
HAL_TIM_Base_Start_IT    0x800'3097   0x72  Code  Gb  stm32f1xx_hal_tim.o [4]
HAL_TIM_ConfigClockSource
                         0x800'3253   0xf4  Code  Gb  stm32f1xx_hal_tim.o [4]
HAL_TIM_IC_CaptureCallback
                         0x800'3957    0x2  Code  Wk  stm32f1xx_hal_tim.o [4]
HAL_TIM_IRQHandler       0x800'3115  0x13e  Code  Gb  stm32f1xx_hal_tim.o [4]
HAL_TIM_OC_DelayElapsedCallback
                         0x800'3959    0x2  Code  Wk  stm32f1xx_hal_tim.o [4]
HAL_TIM_PWM_PulseFinishedCallback
                         0x800'395b    0x2  Code  Wk  stm32f1xx_hal_tim.o [4]
HAL_TIM_PeriodElapsedCallback
                         0x800'2267   0x48  Code  Gb  main.o [2]
HAL_TIM_PeriodElapsedCallback::on3_3_ones
                        0x2000'0365    0x1  Data  Lc  main.o [2]
HAL_TIM_TriggerCallback
                         0x800'395f    0x2  Code  Wk  stm32f1xx_hal_tim.o [4]
HAL_USART_Init           0x800'34b9   0x5e  Code  Gb  stm32f1xx_hal_usart.o [4]
HAL_USART_MspInit        0x800'1657   0x6e  Code  Gb  stm32f1xx_hal_msp.o [2]
HardFault_Handler        0x800'396b    0x2  Code  Gb  stm32f1xx_it.o [2]
I2C1_ER_IRQHandler       0x800'39b5    0xa  Code  Gb  stm32f1xx_it.o [2]
I2C1_EV_IRQHandler       0x800'39ab    0xa  Code  Gb  stm32f1xx_it.o [2]
I2C2_ER_IRQHandler       0x800'3c6d         Code  Wk  startup_stm32f103xb.o [3]
I2C2_EV_IRQHandler       0x800'3c69         Code  Wk  startup_stm32f103xb.o [3]
I2C_ConvertOtherXferOptions
                         0x800'1555   0x1c  Code  Lc  stm32f1xx_hal_i2c.o [4]
I2C_DMAAbort             0x800'1411   0xf6  Code  Lc  stm32f1xx_hal_i2c.o [4]
I2C_Flush_DR             0x800'02bf   0x10  Code  Lc  stm32f1xx_hal_i2c.o [4]
I2C_ITError              0x800'1275  0x196  Code  Lc  stm32f1xx_hal_i2c.o [4]
I2C_MasterReceive_BTF    0x800'0a87  0x132  Code  Lc  stm32f1xx_hal_i2c.o [4]
I2C_MasterReceive_RXNE   0x800'0985  0x102  Code  Lc  stm32f1xx_hal_i2c.o [4]
I2C_MasterTransmit_BTF   0x800'0807   0xa4  Code  Lc  stm32f1xx_hal_i2c.o [4]
I2C_MasterTransmit_TXE   0x800'071f   0xe8  Code  Lc  stm32f1xx_hal_i2c.o [4]
I2C_Master_ADD10         0x800'0c6b   0x32  Code  Lc  stm32f1xx_hal_i2c.o [4]
I2C_Master_ADDR          0x800'0c9d  0x258  Code  Lc  stm32f1xx_hal_i2c.o [4]
I2C_Master_SB            0x800'0bb9   0xb2  Code  Lc  stm32f1xx_hal_i2c.o [4]
I2C_MemoryTransmit_TXE_BTF
                         0x800'08ab   0xda  Code  Lc  stm32f1xx_hal_i2c.o [4]
I2C_SlaveReceive_BTF     0x800'0faf   0x1c  Code  Lc  stm32f1xx_hal_i2c.o [4]
I2C_SlaveReceive_RXNE    0x800'0f61   0x4e  Code  Lc  stm32f1xx_hal_i2c.o [4]
I2C_SlaveTransmit_BTF    0x800'0f45   0x1c  Code  Lc  stm32f1xx_hal_i2c.o [4]
I2C_SlaveTransmit_TXE    0x800'0ef7   0x4e  Code  Lc  stm32f1xx_hal_i2c.o [4]
I2C_Slave_ADDR           0x800'0fcb   0x66  Code  Lc  stm32f1xx_hal_i2c.o [4]
I2C_Slave_AF             0x800'11cb   0xaa  Code  Lc  stm32f1xx_hal_i2c.o [4]
I2C_Slave_STOPF          0x800'1031  0x19a  Code  Lc  stm32f1xx_hal_i2c.o [4]
I2C_WaitOnSTOPRequestThroughIT
                         0x800'1507   0x46  Code  Lc  stm32f1xx_hal_i2c.o [4]
Ktv_ClearResults         0x800'2da5   0x46  Code  Lc  ktv.o [2]
Ktv_GetProfile           0x800'2ccf   0xd6  Code  Lc  ktv.o [2]
Ktv_Init                 0x800'2ae5   0x48  Code  Gb  ktv.o [2]
Ktv_Process              0x800'2c91   0x3e  Code  Gb  ktv.o [2]
Ktv_ProcessProfile       0x800'2deb  0x22c  Code  Lc  ktv.o [2]
Ktv_Start                0x800'2b2d   0x36  Code  Lc  ktv.o [2]
Ktv_TickISR              0x800'2b63  0x12e  Code  Gb  ktv.o [2]
MX_GPIO_Init             0x800'206f  0x1f8  Code  Lc  main.o [2]
MX_I2C1_Init             0x800'1f7d   0x3e  Code  Lc  main.o [2]
MX_TIM2_Init             0x800'1fbb   0x78  Code  Lc  main.o [2]
MX_USART2_Init           0x800'2033   0x3c  Code  Lc  main.o [2]
MemManage_Handler        0x800'396d    0x2  Code  Gb  stm32f1xx_it.o [2]
NMI_Handler              0x800'3969    0x2  Code  Gb  stm32f1xx_it.o [2]
NVIC_EncodePriority      0x800'2987   0x40  Code  Lc  stm32f1xx_hal_cortex.o [4]
PVD_IRQHandler           0x800'3c01         Code  Wk  startup_stm32f103xb.o [3]
PendSV_Handler           0x800'3977    0x2  Code  Gb  stm32f1xx_it.o [2]
PrepareExpanderTx        0x800'1e0f   0x6c  Code  Lc  main.o [2]
RCC_Delay                0x800'1cbb   0x26  Code  Lc  stm32f1xx_hal_rcc.o [4]
RCC_IRQHandler           0x800'3c11         Code  Wk  startup_stm32f103xb.o [3]
RTC_Alarm_IRQHandler     0x800'3c85         Code  Wk  startup_stm32f103xb.o [3]
RTC_IRQHandler           0x800'3c09         Code  Wk  startup_stm32f103xb.o [3]
Region$$Table$$Base      0x800'3b74          --   Gb  - Linker created -
Region$$Table$$Limit     0x800'3b98          --   Gb  - Linker created -
Reset_Handler            0x800'3bd9         Code  Wk  startup_stm32f103xb.o [3]
SPI1_IRQHandler          0x800'3c71         Code  Wk  startup_stm32f103xb.o [3]
SPI2_IRQHandler          0x800'3c75         Code  Wk  startup_stm32f103xb.o [3]
SVC_Handler              0x800'3973    0x2  Code  Gb  stm32f1xx_it.o [2]
SetPcfIntLevel           0x800'1e7b   0x14  Code  Lc  main.o [2]
SysTick_Config           0x800'29c7   0x30  Code  Lc  stm32f1xx_hal_cortex.o [4]
SysTick_Handler          0x800'3979    0x8  Code  Gb  stm32f1xx_it.o [2]
SystemClock_Config       0x800'1f0f   0x6e  Code  Gb  main.o [2]
SystemCoreClock         0x2000'0004    0x4  Data  Gb  system_stm32f1xx.o [1]
SystemInit               0x800'3c8d    0x2  Code  Gb  system_stm32f1xx.o [1]
TAMPER_IRQHandler        0x800'3c05         Code  Wk  startup_stm32f103xb.o [3]
TIM1_BRK_IRQHandler      0x800'3c51         Code  Wk  startup_stm32f103xb.o [3]
TIM1_CC_IRQHandler       0x800'3c5d         Code  Wk  startup_stm32f103xb.o [3]
TIM1_TRG_COM_IRQHandler
                         0x800'3c59         Code  Wk  startup_stm32f103xb.o [3]
TIM1_UP_IRQHandler       0x800'3c55         Code  Wk  startup_stm32f103xb.o [3]
TIM2_IRQHandler          0x800'39a1    0xa  Code  Gb  stm32f1xx_it.o [2]
TIM3_IRQHandler          0x800'3c61         Code  Wk  startup_stm32f103xb.o [3]
TIM4_IRQHandler          0x800'3c65         Code  Wk  startup_stm32f103xb.o [3]
TIM_Base_SetConfig       0x800'3347   0x76  Code  Gb  stm32f1xx_hal_tim.o [4]
TIM_ETR_SetConfig        0x800'3423   0x16  Code  Gb  stm32f1xx_hal_tim.o [4]
TIM_ITRx_SetConfig       0x800'3413   0x10  Code  Lc  stm32f1xx_hal_tim.o [4]
TIM_TI1_ConfigInputStage
                         0x800'33c9   0x24  Code  Lc  stm32f1xx_hal_tim.o [4]
TIM_TI2_ConfigInputStage
                         0x800'33ed   0x26  Code  Lc  stm32f1xx_hal_tim.o [4]
USART1_IRQHandler        0x800'3c79         Code  Wk  startup_stm32f103xb.o [3]
USART2_IRQHandler        0x800'3c7d         Code  Wk  startup_stm32f103xb.o [3]
USART3_IRQHandler        0x800'3c81         Code  Wk  startup_stm32f103xb.o [3]
USART_SetConfig          0x800'3517  0x17e  Code  Lc  stm32f1xx_hal_usart.o [4]
USBWakeUp_IRQHandler     0x800'3c89         Code  Wk  startup_stm32f103xb.o [3]
USB_HP_CAN1_TX_IRQHandler
                         0x800'3c41         Code  Wk  startup_stm32f103xb.o [3]
USB_LP_CAN1_RX0_IRQHandler
                         0x800'3c45         Code  Wk  startup_stm32f103xb.o [3]
UsageFault_Handler       0x800'3971    0x2  Code  Gb  stm32f1xx_it.o [2]
WWDG_IRQHandler          0x800'3bfd         Code  Wk  startup_stm32f103xb.o [3]
__NVIC_EnableIRQ         0x800'293d   0x1e  Code  Lc  stm32f1xx_hal_cortex.o [4]
__NVIC_GetPriorityGrouping
                         0x800'2933    0xa  Code  Lc  stm32f1xx_hal_cortex.o [4]
__NVIC_SetPriority       0x800'295b   0x2c  Code  Lc  stm32f1xx_hal_cortex.o [4]
__NVIC_SetPriorityGrouping
                         0x800'2915   0x1e  Code  Lc  stm32f1xx_hal_cortex.o [4]
__aeabi_ldiv0            0x800'3965         Code  Gb  I64DivZer.o [6]
__aeabi_ldivmod          0x800'36a1         Code  Gb  I64DivMod.o [6]
__aeabi_llsl             0x800'3915         Code  Gb  I64Shl.o [6]
__aeabi_llsr             0x800'3939         Code  Gb  U64Shr.o [6]
__aeabi_memset           0x800'25f9         Code  Gb  ABImemset.o [6]
__aeabi_uldivmod         0x800'36e5         Code  Gb  I64DivMod.o [6]
__cmain                  0x800'3b25         Code  Gb  cmain.o [6]
__exit                   0x800'3b61   0x14  Code  Gb  exit.o [7]
__iar_Memset             0x800'25f9         Code  Gb  ABImemset.o [6]
__iar_Memset_word        0x800'2601         Code  Gb  ABImemset.o [6]
__iar_copy_init3         0x800'24f7   0x2a  Code  Gb  copy_init3.o [6]
__iar_data_init3         0x800'3afd   0x28  Code  Gb  data_init.o [6]
__iar_program_start      0x800'3b99         Code  Gb  cstartup_M.o [6]
__iar_zero_init3         0x800'3ac5   0x38  Code  Gb  zero_init3.o [6]
__low_level_init         0x800'3b47    0x4  Code  Gb  low_level_init.o [5]
__vector_table           0x800'0000         Data  Gb  startup_stm32f103xb.o [3]
_call_main               0x800'3b31         Code  Gb  cmain.o [6]
_exit                    0x800'3b51         Code  Gb  cexit.o [6]
_exit_2                  0x800'3b55         Code  Gb  cexit_2.o [6]
active_i2c_address      0x2000'035b    0x1  Data  Lc  main.o [2]
active_rx_size          0x2000'0363    0x1  Data  Lc  main.o [2]
door                    0x2000'035f    0x1  Data  Gb  main.o [2]
error_sv                0x2000'0360    0x1  Data  Gb  main.o [2]
exit                     0x800'3b4b    0x4  Code  Gb  exit.o [5]
expander16_input_mask    0x800'265e    0x2  Data  Lc  main.o [2]
expander16_map           0x800'3a04   0x80  Data  Lc  main.o [2]
expander16_state        0x2000'0358    0x2  Data  Lc  main.o [2]
expander8_map            0x800'3a84   0x40  Data  Lc  main.o [2]
expander8_state         0x2000'035a    0x1  Data  Lc  main.o [2]
g_ktv                   0x2000'0010  0x1f8  Data  Lc  ktv.o [2]
g_result                0x2000'0208   0x64  Data  Lc  ktv.o [2]
hi2c1                   0x2000'026c   0x54  Data  Gb  main.o [2]
htim2                   0x2000'02c0   0x48  Data  Gb  main.o [2]
husart2                 0x2000'0308   0x44  Data  Gb  main.o [2]
i2c_rx_buffer           0x2000'0354    0x2  Data  Lc  main.o [2]
i2c_tx_buffer           0x2000'0356    0x2  Data  Lc  main.o [2]
main                     0x800'1ea7   0x68  Code  Gb  main.o [2]
on_3v3_enabled          0x2000'0364    0x1  Data  Lc  main.o [2]
on_bkk_k1               0x2000'0361    0x1  Data  Gb  main.o [2]
on_bkk_k2               0x2000'0362    0x1  Data  Gb  main.o [2]
pcf_int_latched         0x2000'035e    0x1  Data  Lc  main.o [2]
sd_sw_last_state        0x2000'035c    0x1  Data  Lc  main.o [2]
sd_sw_return_state      0x2000'035d    0x1  Data  Lc  main.o [2]
tim2_tick_count         0x2000'034c    0x4  Data  Lc  main.o [2]
uwTick                  0x2000'0350    0x4  Data  Gb  stm32f1xx_hal.o [4]
uwTickFreq              0x2000'0008    0x1  Data  Gb  stm32f1xx_hal.o [4]
uwTickPrio              0x2000'0000    0x4  Data  Gb  stm32f1xx_hal.o [4]


[1] = C:\Users\User\Desktop\CBU_3.0\EWARM\ײֱ׃_סכויג ּÊ (2)\Obj\CMSIS_6603591812247902717.dir
[2] = C:\Users\User\Desktop\CBU_3.0\EWARM\ײֱ׃_סכויג ּÊ (2)\Obj\Core_13247989168731456611.dir
[3] = C:\Users\User\Desktop\CBU_3.0\EWARM\ײֱ׃_סכויג ּÊ (2)\Obj\EWARM_18443280873093131863.dir
[4] = C:\Users\User\Desktop\CBU_3.0\EWARM\ײֱ׃_סכויג ּÊ (2)\Obj\STM32F1xx_HAL_Driver_9701002599162248031.dir
[5] = dl7M_tln.a
[6] = rt7M_tl.a
[7] = shb_l.a

  15'216 bytes of readonly  code memory
     286 bytes of readonly  data memory
   1'891 bytes of readwrite data memory

Errors: none
Warnings: none
