###############################################################################
#
# IAR ELF Linker V9.70.1.475/W64 for ARM                  30/Jan/2026  17:49:38
# Copyright 2007-2025 IAR Systems AB.
#
#    Output file  =
#        C:\Users\User\Desktop\CBU_3.0\EWARM\ײֱ׃_סכויג ּÊ (2)\Exe\ײֱ׃_סכויג ּÊ
#        (2).out
#    Map file     =
#        C:\Users\User\Desktop\CBU_3.0\EWARM\ײֱ׃_סכויג ּÊ (2)\List\ײֱ׃_סכויג ּÊ
#        (2).map
#    Command line =
#        -f "C:\Users\User\Desktop\CBU_3.0\EWARM\ײֱ׃_סכויג ּÊ (2)\Exe\ײֱ׃_סכויג
#        ּÊ (2).out.rsp" ("C:\Users\User\Desktop\CBU_3.0\EWARM\ײֱ׃_סכויג ּÊ
#        (2)\Obj\Core_13247989168731456611.dir\ktv.o"
#        "C:\Users\User\Desktop\CBU_3.0\EWARM\ײֱ׃_סכויג ּÊ
#        (2)\Obj\Core_13247989168731456611.dir\main.o"
#        "C:\Users\User\Desktop\CBU_3.0\EWARM\ײֱ׃_סכויג ּÊ
#        (2)\Obj\Core_13247989168731456611.dir\mbcrc.o"
#        "C:\Users\User\Desktop\CBU_3.0\EWARM\ײֱ׃_סכויג ּÊ
#        (2)\Obj\EWARM_18443280873093131863.dir\startup_stm32f103xb.o"
#        "C:\Users\User\Desktop\CBU_3.0\EWARM\ײֱ׃_סכויג ּÊ
#        (2)\Obj\STM32F1xx_HAL_Driver_9701002599162248031.dir\stm32f1xx_hal.o"
#        "C:\Users\User\Desktop\CBU_3.0\EWARM\ײֱ׃_סכויג ּÊ
#        (2)\Obj\STM32F1xx_HAL_Driver_9701002599162248031.dir\stm32f1xx_hal_cortex.o"
#        "C:\Users\User\Desktop\CBU_3.0\EWARM\ײֱ׃_סכויג ּÊ
#        (2)\Obj\STM32F1xx_HAL_Driver_9701002599162248031.dir\stm32f1xx_hal_dma.o"
#        "C:\Users\User\Desktop\CBU_3.0\EWARM\ײֱ׃_סכויג ּÊ
#        (2)\Obj\STM32F1xx_HAL_Driver_9701002599162248031.dir\stm32f1xx_hal_exti.o"
#        "C:\Users\User\Desktop\CBU_3.0\EWARM\ײֱ׃_סכויג ּÊ
#        (2)\Obj\STM32F1xx_HAL_Driver_9701002599162248031.dir\stm32f1xx_hal_flash.o"
#        "C:\Users\User\Desktop\CBU_3.0\EWARM\ײֱ׃_סכויג ּÊ
#        (2)\Obj\STM32F1xx_HAL_Driver_9701002599162248031.dir\stm32f1xx_hal_flash_ex.o"
#        "C:\Users\User\Desktop\CBU_3.0\EWARM\ײֱ׃_סכויג ּÊ
#        (2)\Obj\STM32F1xx_HAL_Driver_9701002599162248031.dir\stm32f1xx_hal_gpio.o"
#        "C:\Users\User\Desktop\CBU_3.0\EWARM\ײֱ׃_סכויג ּÊ
#        (2)\Obj\STM32F1xx_HAL_Driver_9701002599162248031.dir\stm32f1xx_hal_gpio_ex.o"
#        "C:\Users\User\Desktop\CBU_3.0\EWARM\ײֱ׃_סכויג ּÊ
#        (2)\Obj\STM32F1xx_HAL_Driver_9701002599162248031.dir\stm32f1xx_hal_i2c.o"
#        "C:\Users\User\Desktop\CBU_3.0\EWARM\ײֱ׃_סכויג ּÊ
#        (2)\Obj\Core_13247989168731456611.dir\stm32f1xx_hal_msp.o"
#        "C:\Users\User\Desktop\CBU_3.0\EWARM\ײֱ׃_סכויג ּÊ
#        (2)\Obj\STM32F1xx_HAL_Driver_9701002599162248031.dir\stm32f1xx_hal_pwr.o"
#        "C:\Users\User\Desktop\CBU_3.0\EWARM\ײֱ׃_סכויג ּÊ
#        (2)\Obj\STM32F1xx_HAL_Driver_9701002599162248031.dir\stm32f1xx_hal_rcc.o"
#        "C:\Users\User\Desktop\CBU_3.0\EWARM\ײֱ׃_סכויג ּÊ
#        (2)\Obj\STM32F1xx_HAL_Driver_9701002599162248031.dir\stm32f1xx_hal_rcc_ex.o"
#        "C:\Users\User\Desktop\CBU_3.0\EWARM\ײֱ׃_סכויג ּÊ
#        (2)\Obj\STM32F1xx_HAL_Driver_9701002599162248031.dir\stm32f1xx_hal_tim.o"
#        "C:\Users\User\Desktop\CBU_3.0\EWARM\ײֱ׃_סכויג ּÊ
#        (2)\Obj\STM32F1xx_HAL_Driver_9701002599162248031.dir\stm32f1xx_hal_tim_ex.o"
#        "C:\Users\User\Desktop\CBU_3.0\EWARM\ײֱ׃_סכויג ּÊ
#        (2)\Obj\STM32F1xx_HAL_Driver_9701002599162248031.dir\stm32f1xx_hal_uart.o"
#        "C:\Users\User\Desktop\CBU_3.0\EWARM\ײֱ׃_סכויג ּÊ
#        (2)\Obj\Core_13247989168731456611.dir\stm32f1xx_it.o"
#        "C:\Users\User\Desktop\CBU_3.0\EWARM\ײֱ׃_סכויג ּÊ
#        (2)\Obj\CMSIS_6603591812247902717.dir\system_stm32f1xx.o"
#        --no_out_extension -o "C:\Users\User\Desktop\CBU_3.0\EWARM\ײֱ׃_סכויג
#        ּÊ (2)\Exe\ײֱ׃_סכויג ּÊ (2).out" --redirect _Printf=_PrintfFullNoMb
#        --redirect _Scanf=_ScanfFullNoMb --map
#        "C:\Users\User\Desktop\CBU_3.0\EWARM\ײֱ׃_סכויג ּÊ (2)\List\ײֱ׃_סכויג
#        ּÊ (2).map" --config
#        C:\Users\User\Desktop\CBU_3.0\EWARM/stm32f103xb_flash.icf
#        --semihosting --entry __iar_program_start --vfe --text_out locale
#        --cpu=Cortex-M3 --fpu=None) --diagnostics_format=sarif_stdout
#        --dependencies=n "C:\Users\User\Desktop\CBU_3.0\EWARM\ײֱ׃_סכויג ּÊ
#        (2)\Exe\ײֱ׃_סכויג ּÊ (2).out.iar_deps" --dynamic_output
#        "C:\Users\User\Desktop\CBU_3.0\EWARM\ײֱ׃_סכויג ּÊ (2)\Exe\ײֱ׃_סכויג ּÊ
#        (2).out.iar_dynout"
#
###############################################################################

*******************************************************************************
*** RUNTIME MODEL ATTRIBUTES
***

CppFlavor       = *
__CPP_Runtime   = 1
__SystemLibrary = DLib
__dlib_version  = 6


*******************************************************************************
*** HEAP SELECTION
***

The basic heap was selected because --advanced_heap
was not specified and the application did not appear to
be primarily optimized for speed.


*******************************************************************************
*** PLACEMENT SUMMARY
***

"A0":  place at address 0x800'0000 {  ro section .intvec };
"P1":  place in [from 0x800'0000 to 0x800'fbff] {  ro };
"P2":  place in [from 0x800'fc00 to 0x800'ffff] {  ro section .flash_cfg };
define block CSTACK with size = 1K, alignment = 8 { };
define block HEAP with size = 512, alignment = 8 { };
"P3":  place in [from 0x2000'0000 to 0x2000'4fff] {
           rw,  block CSTACK,  block HEAP };
initialize by copy {  rw };
keep {  section .flash_cfg };

  Section            Kind         Address  Alignment    Size  Object
  -------            ----         -------  ---------    ----  ------
"A0":                                                   0xec
  .intvec            ro code   0x800'0000          4    0xec  startup_stm32f103xb.o [3]
                             - 0x800'00ec               0xec

"P1":                                                 0x596a
  .text              ro code   0x800'00ec          4  0x160c  main.o [2]
  .text              ro code   0x800'16f8          4    0x66  ABImemset.o [6]
  .text              ro code   0x800'175e          2    0x2a  copy_init3.o [6]
  .text              ro code   0x800'1788          4   0x1c4  stm32f1xx_hal_flash.o [4]
  .text              ro code   0x800'194c          4   0x100  stm32f1xx_hal_flash_ex.o [4]
  .text              ro code   0x800'1a4c          4   0x3d4  stm32f1xx_hal_gpio.o [4]
  .text              ro code   0x800'1e20          4   0x548  ktv.o [2]
  .text              ro code   0x800'2368          4    0x4c  mbcrc.o [2]
  .text              ro code   0x800'23b4          4   0x988  stm32f1xx_hal_uart.o [4]
  .text              ro code   0x800'2d3c          4    0xa6  ABImemcpy.o [6]
  .rodata            const     0x800'2de2          2     0x2  main.o [2]
  .text              ro code   0x800'2de4          4    0x24  stm32f1xx_hal.o [4]
  .text              ro code   0x800'2e08          4  0x1484  stm32f1xx_hal_i2c.o [4]
  .text              ro code   0x800'428c          4   0x410  stm32f1xx_hal_tim.o [4]
  .text              ro code   0x800'469c          4   0x64c  stm32f1xx_hal_rcc.o [4]
  .text              ro code   0x800'4ce8          4    0x80  stm32f1xx_hal_tim_ex.o [4]
  .text              ro code   0x800'4d68          4   0x18c  stm32f1xx_hal_cortex.o [4]
  .text              ro code   0x800'4ef4          4    0x1e  U64Shr.o [6]
  .rodata            const     0x800'4f12          2     0x2  stm32f1xx_hal_rcc.o [4]
  .text              ro code   0x800'4f14          4     0xc  stm32f1xx_hal.o [4]
  .text              ro code   0x800'4f20          4   0x274  I64DivMod.o [6]
  .text              ro code   0x800'5194          4    0x22  I64Shl.o [6]
  .text              ro code   0x800'51b8          4   0x1dc  stm32f1xx_hal_msp.o [2]
  .text              ro code   0x800'5394          4   0x12a  stm32f1xx_hal_dma.o [4]
  .text              ro code   0x800'54be          2     0x2  stm32f1xx_hal_uart.o [4]
  .text              ro code   0x800'54c0          2     0x2  stm32f1xx_hal_uart.o [4]
  .text              ro code   0x800'54c2          2     0x2  stm32f1xx_hal_uart.o [4]
  .text              ro code   0x800'54c4          4    0x4c  stm32f1xx_hal.o [4]
  .text              ro code   0x800'5510          2     0x2  stm32f1xx_hal_i2c.o [4]
  .text              ro code   0x800'5512          2     0x2  stm32f1xx_hal_i2c.o [4]
  .text              ro code   0x800'5514          2     0x2  stm32f1xx_hal_i2c.o [4]
  .text              ro code   0x800'5516          2     0x2  stm32f1xx_hal_i2c.o [4]
  .text              ro code   0x800'5518          2     0x2  stm32f1xx_hal_i2c.o [4]
  .text              ro code   0x800'551a          2     0x2  stm32f1xx_hal_i2c.o [4]
  .text              ro code   0x800'551c          2     0x2  stm32f1xx_hal_tim.o [4]
  .text              ro code   0x800'551e          2     0x2  stm32f1xx_hal_tim.o [4]
  .text              ro code   0x800'5520          2     0x2  stm32f1xx_hal_tim.o [4]
  .text              ro code   0x800'5522          2     0x2  stm32f1xx_hal_tim_ex.o [4]
  .text              ro code   0x800'5524          2     0x2  stm32f1xx_hal_tim.o [4]
  .text              ro code   0x800'5526          2     0x2  stm32f1xx_hal_tim_ex.o [4]
  .text              ro code   0x800'5528          4     0x2  I64DivZer.o [6]
  .rodata            const     0x800'552c          4   0x200  mbcrc.o [2]
  .text              ro code   0x800'572c          4    0x90  stm32f1xx_it.o [2]
  .text              ro code   0x800'57bc          4    0x18  stm32f1xx_hal.o [4]
  .rodata            const     0x800'57d4          4    0x80  main.o [2]
  .rodata            const     0x800'5854          4    0x40  main.o [2]
  .text              ro code   0x800'5894          2    0x38  zero_init3.o [6]
  .text              ro code   0x800'58cc          4    0x28  data_init.o [6]
  .text              ro code   0x800'58f4          4    0x22  cmain.o [6]
  .text              ro code   0x800'5916          2     0x4  low_level_init.o [5]
  .text              ro code   0x800'591a          2     0x4  exit.o [5]
  .text              ro code   0x800'5920          4     0x4  cexit.o [6]
  .text              ro code   0x800'5924          4     0xa  cexit_2.o [6]
  .text              ro code   0x800'5930          4    0x14  exit.o [7]
  .iar.init_table    const     0x800'5944          4    0x24  - Linker created -
  .text              ro code   0x800'5968          4    0x1e  cstartup_M.o [6]
  .rodata            const     0x800'5988          4    0x10  stm32f1xx_hal_rcc.o [4]
  .rodata            const     0x800'5998          4    0x10  system_stm32f1xx.o [1]
  .text              ro code   0x800'59a8          4    0x10  startup_stm32f103xb.o [3]
  Initializer bytes  const     0x800'59b8          4     0xc  <for P3-1>
  .rodata            const     0x800'59c4          4     0x8  system_stm32f1xx.o [1]
  .text              ro code   0x800'59cc          2     0x4  startup_stm32f103xb.o [3]
  .text              ro code   0x800'59d0          2     0x4  startup_stm32f103xb.o [3]
  .text              ro code   0x800'59d4          2     0x4  startup_stm32f103xb.o [3]
  .text              ro code   0x800'59d8          2     0x4  startup_stm32f103xb.o [3]
  .text              ro code   0x800'59dc          2     0x4  startup_stm32f103xb.o [3]
  .text              ro code   0x800'59e0          2     0x4  startup_stm32f103xb.o [3]
  .text              ro code   0x800'59e4          2     0x4  startup_stm32f103xb.o [3]
  .text              ro code   0x800'59e8          2     0x4  startup_stm32f103xb.o [3]
  .text              ro code   0x800'59ec          2     0x4  startup_stm32f103xb.o [3]
  .text              ro code   0x800'59f0          2     0x4  startup_stm32f103xb.o [3]
  .text              ro code   0x800'59f4          2     0x4  startup_stm32f103xb.o [3]
  .text              ro code   0x800'59f8          2     0x4  startup_stm32f103xb.o [3]
  .text              ro code   0x800'59fc          2     0x4  startup_stm32f103xb.o [3]
  .text              ro code   0x800'5a00          2     0x4  startup_stm32f103xb.o [3]
  .text              ro code   0x800'5a04          2     0x4  startup_stm32f103xb.o [3]
  .text              ro code   0x800'5a08          2     0x4  startup_stm32f103xb.o [3]
  .text              ro code   0x800'5a0c          2     0x4  startup_stm32f103xb.o [3]
  .text              ro code   0x800'5a10          2     0x4  startup_stm32f103xb.o [3]
  .text              ro code   0x800'5a14          2     0x4  startup_stm32f103xb.o [3]
  .text              ro code   0x800'5a18          2     0x4  startup_stm32f103xb.o [3]
  .text              ro code   0x800'5a1c          2     0x4  startup_stm32f103xb.o [3]
  .text              ro code   0x800'5a20          2     0x4  startup_stm32f103xb.o [3]
  .text              ro code   0x800'5a24          2     0x4  startup_stm32f103xb.o [3]
  .text              ro code   0x800'5a28          2     0x4  startup_stm32f103xb.o [3]
  .text              ro code   0x800'5a2c          2     0x4  startup_stm32f103xb.o [3]
  .text              ro code   0x800'5a30          2     0x4  startup_stm32f103xb.o [3]
  .text              ro code   0x800'5a34          2     0x4  startup_stm32f103xb.o [3]
  .text              ro code   0x800'5a38          2     0x4  startup_stm32f103xb.o [3]
  .text              ro code   0x800'5a3c          2     0x4  startup_stm32f103xb.o [3]
  .text              ro code   0x800'5a40          2     0x4  startup_stm32f103xb.o [3]
  .text              ro code   0x800'5a44          2     0x4  startup_stm32f103xb.o [3]
  .text              ro code   0x800'5a48          2     0x4  startup_stm32f103xb.o [3]
  .text              ro code   0x800'5a4c          2     0x4  startup_stm32f103xb.o [3]
  .text              ro code   0x800'5a50          2     0x4  startup_stm32f103xb.o [3]
  .text              ro code   0x800'5a54          4     0x2  system_stm32f1xx.o [1]
  .rodata            const     0x800'5a56                0x0  zero_init3.o [6]
  .rodata            const     0x800'5a56                0x0  copy_init3.o [6]
                             - 0x800'5a56             0x596a

"P2":                                                    0x2
  .flash_cfg         const     0x800'fc00          2     0x2  main.o [2]
                             - 0x800'fc02                0x2

"P3", part 1 of 3:                                       0xc
  P3-1                        0x2000'0000          4     0x9  <Init block>
    .data            inited   0x2000'0000          4     0x4  stm32f1xx_hal.o [4]
    .data            inited   0x2000'0004          4     0x4  system_stm32f1xx.o [1]
    .data            inited   0x2000'0008                0x1  stm32f1xx_hal.o [4]
                            - 0x2000'0009                0x9

"P3", part 2 of 3:                                     0x624
  .bss               zero     0x2000'0010          8   0x1f8  ktv.o [2]
  .bss               zero     0x2000'0208          4   0x100  main.o [2]
  .bss               zero     0x2000'0308          4    0xfc  main.o [2]
  .bss               zero     0x2000'0404          4    0x64  ktv.o [2]
  .bss               zero     0x2000'0468          4    0x54  main.o [2]
  .bss               zero     0x2000'04bc          4    0x48  main.o [2]
  .bss               zero     0x2000'0504          4    0x48  main.o [2]
  .bss               zero     0x2000'054c          4    0x48  main.o [2]
  .bss               zero     0x2000'0594          4    0x20  main.o [2]
  .bss               zero     0x2000'05b4          4    0x20  main.o [2]
  .bss               zero     0x2000'05d4          4     0x4  main.o [2]
  .bss               zero     0x2000'05d8          8    0x20  stm32f1xx_hal_flash.o [4]
  .bss               zero     0x2000'05f8          4     0x4  stm32f1xx_hal.o [4]
  .bss               zero     0x2000'05fc          2     0x2  main.o [2]
  .bss               zero     0x2000'05fe          2     0x2  main.o [2]
  .bss               zero     0x2000'0600          2     0x2  main.o [2]
  .bss               zero     0x2000'0602          2     0x2  main.o [2]
  .bss               zero     0x2000'0604          2     0x2  main.o [2]
  .bss               zero     0x2000'0606          2     0x2  main.o [2]
  .bss               zero     0x2000'0608          2     0x2  main.o [2]
  .bss               zero     0x2000'060a                0x1  main.o [2]
  .bss               zero     0x2000'060b                0x1  main.o [2]
  .bss               zero     0x2000'060c                0x1  main.o [2]
  .bss               zero     0x2000'060d                0x1  main.o [2]
  .bss               zero     0x2000'060e                0x1  main.o [2]
  .bss               zero     0x2000'060f                0x1  main.o [2]
  .bss               zero     0x2000'0610                0x1  main.o [2]
  .bss               zero     0x2000'0611                0x1  main.o [2]
  .bss               zero     0x2000'0612                0x1  main.o [2]
  .bss               zero     0x2000'0613                0x1  main.o [2]
  .bss               zero     0x2000'0614                0x1  main.o [2]
  .bss               zero     0x2000'0615                0x1  main.o [2]
  .bss               zero     0x2000'0616                0x1  main.o [2]
  .bss               zero     0x2000'0617                0x1  main.o [2]
  .bss               zero     0x2000'0618                0x1  main.o [2]
  .bss               zero     0x2000'0619                0x1  main.o [2]
  .bss               zero     0x2000'061a                0x1  main.o [2]
  .bss               zero     0x2000'061b                0x1  main.o [2]
  .bss               zero     0x2000'061c                0x1  main.o [2]
  .bss               zero     0x2000'061d                0x1  main.o [2]
  .bss               zero     0x2000'061e                0x1  main.o [2]
  .bss               zero     0x2000'061f                0x1  main.o [2]
  .bss               zero     0x2000'0620                0x1  main.o [2]
  .bss               zero     0x2000'0621                0x1  main.o [2]
  .bss               zero     0x2000'0622                0x1  main.o [2]
  .bss               zero     0x2000'0623                0x1  main.o [2]
  .bss               zero     0x2000'0624                0x1  main.o [2]
  .bss               zero     0x2000'0625                0x1  main.o [2]
  .bss               zero     0x2000'0626                0x1  main.o [2]
  .bss               zero     0x2000'0627                0x1  main.o [2]
  .bss               zero     0x2000'0628                0x1  main.o [2]
  .bss               zero     0x2000'0629                0x1  main.o [2]
  .bss               zero     0x2000'062a                0x1  main.o [2]
  .bss               zero     0x2000'062b                0x1  main.o [2]
  .bss               zero     0x2000'062c                0x1  main.o [2]
  .bss               zero     0x2000'062d                0x1  main.o [2]
  .bss               zero     0x2000'062e                0x1  main.o [2]
                            - 0x2000'062f              0x623

"P3", part 3 of 3:                                     0x400
  CSTACK                      0x2000'0630          8   0x400  <Block>
    CSTACK           uninit   0x2000'0630              0x400  <Block tail>
                            - 0x2000'0a30              0x400

Unused ranges:

         From           To    Size
         ----           --    ----
   0x800'5a56   0x800'fbff  0xa1aa
   0x800'fc02   0x800'ffff   0x3fe
  0x2000'0a30  0x2000'4fff  0x45d0


*******************************************************************************
*** INIT TABLE
***

          Address      Size
          -------      ----
Zero (__iar_zero_init3)
    1 destination range, total size 0x61f:
          0x2000'0010  0x61f

Copy (__iar_copy_init3)
    1 source range, total size 0xc (133% of destination):
           0x800'59b8    0xc
    1 destination range, total size 0x9:
          0x2000'0000    0x9



*******************************************************************************
*** MODULE SUMMARY
***

    Module                    ro code  ro data  rw data
    ------                    -------  -------  -------
command line/config:
    ---------------------------------------------------
    Total:

C:\Users\User\Desktop\CBU_3.0\EWARM\ײֱ׃_סכויג ּÊ (2)\Obj\CMSIS_6603591812247902717.dir: [1]
    system_stm32f1xx.o              2       28        4
    ---------------------------------------------------
    Total:                          2       28        4

C:\Users\User\Desktop\CBU_3.0\EWARM\ײֱ׃_סכויג ּÊ (2)\Obj\Core_13247989168731456611.dir: [2]
    ktv.o                       1'352               604
    main.o                      5'644      196      927
    mbcrc.o                        76      512
    stm32f1xx_hal_msp.o           476
    stm32f1xx_it.o                144
    ---------------------------------------------------
    Total:                      7'692      708    1'531

C:\Users\User\Desktop\CBU_3.0\EWARM\ײֱ׃_סכויג ּÊ (2)\Obj\EWARM_18443280873093131863.dir: [3]
    startup_stm32f103xb.o         388
    ---------------------------------------------------
    Total:                        388

C:\Users\User\Desktop\CBU_3.0\EWARM\ײֱ׃_סכויג ּÊ (2)\Obj\STM32F1xx_HAL_Driver_9701002599162248031.dir: [4]
    stm32f1xx_hal.o               148        5        9
    stm32f1xx_hal_cortex.o        396
    stm32f1xx_hal_dma.o           298
    stm32f1xx_hal_flash.o         452                32
    stm32f1xx_hal_flash_ex.o      256
    stm32f1xx_hal_gpio.o          980
    stm32f1xx_hal_i2c.o         5'264
    stm32f1xx_hal_rcc.o         1'612       18
    stm32f1xx_hal_tim.o         1'048
    stm32f1xx_hal_tim_ex.o        132
    stm32f1xx_hal_uart.o        2'446
    ---------------------------------------------------
    Total:                     13'032       23       41

dl7M_tln.a: [5]
    exit.o                          4
    low_level_init.o                4
    ---------------------------------------------------
    Total:                          8

rt7M_tl.a: [6]
    ABImemcpy.o                   166
    ABImemset.o                   102
    I64DivMod.o                   628
    I64DivZer.o                     2
    I64Shl.o                       34
    U64Shr.o                       30
    cexit.o                         4
    cexit_2.o                      10
    cmain.o                        34
    copy_init3.o                   42
    cstartup_M.o                   30
    data_init.o                    40
    zero_init3.o                   56
    ---------------------------------------------------
    Total:                      1'178

shb_l.a: [7]
    exit.o                         20
    ---------------------------------------------------
    Total:                         20

    Gaps                            6        4        4
    Linker created                          39    1'024
-------------------------------------------------------
    Grand Total:               22'326      802    2'604


*******************************************************************************
*** ENTRY LIST
***

Entry                       Address   Size  Type      Object
-----                       -------   ----  ----      ------
.iar.init_table$$Base    0x800'5944          --   Gb  - Linker created -
.iar.init_table$$Limit   0x800'5968          --   Gb  - Linker created -
?main                    0x800'58f5         Code  Gb  cmain.o [6]
ADC1_2_IRQHandler        0x800'5a0d         Code  Wk  startup_stm32f103xb.o [3]
AHBPrescTable            0x800'5998   0x10  Data  Gb  system_stm32f1xx.o [1]
APBPrescTable            0x800'59c4    0x8  Data  Gb  system_stm32f1xx.o [1]
ApplyExpander16State     0x800'0545   0x6e  Code  Lc  main.o [2]
ApplyExpander8State      0x800'05b3   0x3c  Code  Lc  main.o [2]
BusFault_Handler         0x800'5733    0x2  Code  Gb  stm32f1xx_it.o [2]
CAN1_RX1_IRQHandler      0x800'5a19         Code  Wk  startup_stm32f103xb.o [3]
CAN1_SCE_IRQHandler      0x800'5a1d         Code  Wk  startup_stm32f103xb.o [3]
CSTACK$$Base            0x2000'0630          --   Gb  - Linker created -
CSTACK$$Limit           0x2000'0a30          --   Gb  - Linker created -
ClearPcfIntLatch         0x800'066f   0x18  Code  Lc  main.o [2]
DMA1_Channel1_IRQHandler
                         0x800'59f1         Code  Wk  startup_stm32f103xb.o [3]
DMA1_Channel2_IRQHandler
                         0x800'59f5         Code  Wk  startup_stm32f103xb.o [3]
DMA1_Channel3_IRQHandler
                         0x800'59f9         Code  Wk  startup_stm32f103xb.o [3]
DMA1_Channel4_IRQHandler
                         0x800'59fd         Code  Wk  startup_stm32f103xb.o [3]
DMA1_Channel5_IRQHandler
                         0x800'5a01         Code  Wk  startup_stm32f103xb.o [3]
DMA1_Channel6_IRQHandler
                         0x800'5a05         Code  Wk  startup_stm32f103xb.o [3]
DMA1_Channel7_IRQHandler
                         0x800'5a09         Code  Wk  startup_stm32f103xb.o [3]
DebugMon_Handler         0x800'5739    0x2  Code  Gb  stm32f1xx_it.o [2]
EXTI0_IRQHandler         0x800'5745    0xa  Code  Gb  stm32f1xx_it.o [2]
EXTI15_10_IRQHandler     0x800'57a9   0x14  Code  Gb  stm32f1xx_it.o [2]
EXTI1_IRQHandler         0x800'574f    0xa  Code  Gb  stm32f1xx_it.o [2]
EXTI2_IRQHandler         0x800'59e5         Code  Wk  startup_stm32f103xb.o [3]
EXTI3_IRQHandler         0x800'59e9         Code  Wk  startup_stm32f103xb.o [3]
EXTI4_IRQHandler         0x800'59ed         Code  Wk  startup_stm32f103xb.o [3]
EXTI9_5_IRQHandler       0x800'5759    0xc  Code  Gb  stm32f1xx_it.o [2]
Error_Handler            0x800'16f5    0x4  Code  Gb  main.o [2]
Expander_WritePin        0x800'0515   0x30  Code  Lc  main.o [2]
FLASH_IRQHandler         0x800'59dd         Code  Wk  startup_stm32f103xb.o [3]
FLASH_MassErase          0x800'1a01   0x1e  Code  Lc  stm32f1xx_hal_flash_ex.o [4]
FLASH_PageErase          0x800'1a1f   0x1e  Code  Gb  stm32f1xx_hal_flash_ex.o [4]
FLASH_Program_HalfWord   0x800'1867   0x14  Code  Lc  stm32f1xx_hal_flash.o [4]
FLASH_SetErrorCode       0x800'18cf   0x60  Code  Lc  stm32f1xx_hal_flash.o [4]
FLASH_WaitForLastOperation
                         0x800'187b   0x54  Code  Gb  stm32f1xx_hal_flash.o [4]
FlashConfig_ApplyOnBoot
                         0x800'017d   0x1e  Code  Lc  main.o [2]
FlashConfig_Read         0x800'00ed    0xa  Code  Lc  main.o [2]
FlashConfig_Write        0x800'00f7   0x86  Code  Lc  main.o [2]
HAL_DMA_Abort            0x800'5395   0x4e  Code  Gb  stm32f1xx_hal_dma.o [4]
HAL_DMA_Abort_IT         0x800'53e3   0xb4  Code  Gb  stm32f1xx_hal_dma.o [4]
HAL_DMA_GetError         0x800'54bb    0x4  Code  Gb  stm32f1xx_hal_dma.o [4]
HAL_DMA_GetState         0x800'54b5    0x6  Code  Gb  stm32f1xx_hal_dma.o [4]
HAL_FLASHEx_Erase        0x800'194d   0xb4  Code  Gb  stm32f1xx_hal_flash_ex.o [4]
HAL_FLASH_Lock           0x800'1859    0xe  Code  Gb  stm32f1xx_hal_flash.o [4]
HAL_FLASH_Program        0x800'1789   0xae  Code  Gb  stm32f1xx_hal_flash.o [4]
HAL_FLASH_Unlock         0x800'1837   0x22  Code  Gb  stm32f1xx_hal_flash.o [4]
HAL_GPIO_DeInit          0x800'1c6b  0x122  Code  Gb  stm32f1xx_hal_gpio.o [4]
HAL_GPIO_EXTI_Callback   0x800'15b1   0xba  Code  Gb  main.o [2]
HAL_GPIO_EXTI_IRQHandler
                         0x800'1dbd   0x20  Code  Gb  stm32f1xx_hal_gpio.o [4]
HAL_GPIO_Init            0x800'1a4d  0x21e  Code  Gb  stm32f1xx_hal_gpio.o [4]
HAL_GPIO_ReadPin         0x800'1d8d   0x16  Code  Gb  stm32f1xx_hal_gpio.o [4]
HAL_GPIO_WritePin        0x800'1da3   0x1a  Code  Gb  stm32f1xx_hal_gpio.o [4]
HAL_GetTick              0x800'4f15    0xc  Code  Wk  stm32f1xx_hal.o [4]
HAL_I2C_AbortCpltCallback
                         0x800'551b    0x2  Code  Wk  stm32f1xx_hal_i2c.o [4]
HAL_I2C_AddrCallback     0x800'1495   0x9c  Code  Gb  main.o [2]
HAL_I2C_ER_IRQHandler    0x800'3343   0xf8  Code  Gb  stm32f1xx_hal_i2c.o [4]
HAL_I2C_EV_IRQHandler    0x800'317d  0x1c6  Code  Gb  stm32f1xx_hal_i2c.o [4]
HAL_I2C_EnableListen_IT
                         0x800'3139   0x44  Code  Gb  stm32f1xx_hal_i2c.o [4]
HAL_I2C_ErrorCallback    0x800'1597   0x14  Code  Gb  main.o [2]
HAL_I2C_Init             0x800'2e09  0x1d2  Code  Gb  stm32f1xx_hal_i2c.o [4]
HAL_I2C_ListenCpltCallback
                         0x800'1583   0x14  Code  Gb  main.o [2]
HAL_I2C_MasterRxCpltCallback
                         0x800'5517    0x2  Code  Wk  stm32f1xx_hal_i2c.o [4]
HAL_I2C_MasterTxCpltCallback
                         0x800'5511    0x2  Code  Wk  stm32f1xx_hal_i2c.o [4]
HAL_I2C_MemRxCpltCallback
                         0x800'5515    0x2  Code  Wk  stm32f1xx_hal_i2c.o [4]
HAL_I2C_MemTxCpltCallback
                         0x800'5513    0x2  Code  Wk  stm32f1xx_hal_i2c.o [4]
HAL_I2C_MspInit          0x800'51f5   0x78  Code  Gb  stm32f1xx_hal_msp.o [2]
HAL_I2C_SlaveRxCpltCallback
                         0x800'153d   0x46  Code  Gb  main.o [2]
HAL_I2C_SlaveTxCpltCallback
                         0x800'5519    0x2  Code  Wk  stm32f1xx_hal_i2c.o [4]
HAL_I2C_Slave_Seq_Receive_IT
                         0x800'309f   0x9a  Code  Gb  stm32f1xx_hal_i2c.o [4]
HAL_I2C_Slave_Seq_Transmit_IT
                         0x800'3005   0x9a  Code  Gb  stm32f1xx_hal_i2c.o [4]
HAL_IncTick              0x800'57bd   0x18  Code  Wk  stm32f1xx_hal.o [4]
HAL_Init                 0x800'2de5   0x20  Code  Gb  stm32f1xx_hal.o [4]
HAL_InitTick             0x800'54c5   0x4c  Code  Wk  stm32f1xx_hal.o [4]
HAL_MspInit              0x800'51b9   0x3c  Code  Gb  stm32f1xx_hal_msp.o [2]
HAL_NVIC_DisableIRQ      0x800'4eb5    0xe  Code  Gb  stm32f1xx_hal_cortex.o [4]
HAL_NVIC_EnableIRQ       0x800'4ea7    0xe  Code  Gb  stm32f1xx_hal_cortex.o [4]
HAL_NVIC_SetPriority     0x800'4e7d   0x2a  Code  Gb  stm32f1xx_hal_cortex.o [4]
HAL_NVIC_SetPriorityGrouping
                         0x800'4e71    0xc  Code  Gb  stm32f1xx_hal_cortex.o [4]
HAL_RCC_ClockConfig      0x800'4a9d  0x14c  Code  Gb  stm32f1xx_hal_rcc.o [4]
HAL_RCC_GetHCLKFreq      0x800'4c45    0x6  Code  Gb  stm32f1xx_hal_rcc.o [4]
HAL_RCC_GetPCLK1Freq     0x800'4c4b   0x16  Code  Gb  stm32f1xx_hal_rcc.o [4]
HAL_RCC_GetPCLK2Freq     0x800'4c61   0x16  Code  Gb  stm32f1xx_hal_rcc.o [4]
HAL_RCC_GetSysClockFreq
                         0x800'4be9   0x5c  Code  Gb  stm32f1xx_hal_rcc.o [4]
HAL_RCC_GetSysClockFreq::aPLLMULFactorTable
                         0x800'5988   0x10  Data  Lc  stm32f1xx_hal_rcc.o [4]
HAL_RCC_GetSysClockFreq::aPredivFactorTable
                         0x800'4f12    0x2  Data  Lc  stm32f1xx_hal_rcc.o [4]
HAL_RCC_OscConfig        0x800'469d  0x400  Code  Gb  stm32f1xx_hal_rcc.o [4]
HAL_SYSTICK_Config       0x800'4ec3    0xc  Code  Gb  stm32f1xx_hal_cortex.o [4]
HAL_TIMEx_BreakCallback
                         0x800'5523    0x2  Code  Wk  stm32f1xx_hal_tim_ex.o [4]
HAL_TIMEx_CommutCallback
                         0x800'5527    0x2  Code  Wk  stm32f1xx_hal_tim_ex.o [4]
HAL_TIMEx_MasterConfigSynchronization
                         0x800'4ce9   0x70  Code  Gb  stm32f1xx_hal_tim_ex.o [4]
HAL_TIM_Base_Init        0x800'428d   0x6e  Code  Gb  stm32f1xx_hal_tim.o [4]
HAL_TIM_Base_MspInit     0x800'526d   0x60  Code  Gb  stm32f1xx_hal_msp.o [2]
HAL_TIM_Base_Start_IT    0x800'42fb   0x72  Code  Gb  stm32f1xx_hal_tim.o [4]
HAL_TIM_ConfigClockSource
                         0x800'44b7   0xf4  Code  Gb  stm32f1xx_hal_tim.o [4]
HAL_TIM_IC_CaptureCallback
                         0x800'551d    0x2  Code  Wk  stm32f1xx_hal_tim.o [4]
HAL_TIM_IRQHandler       0x800'4379  0x13e  Code  Gb  stm32f1xx_hal_tim.o [4]
HAL_TIM_OC_DelayElapsedCallback
                         0x800'551f    0x2  Code  Wk  stm32f1xx_hal_tim.o [4]
HAL_TIM_PWM_PulseFinishedCallback
                         0x800'5521    0x2  Code  Wk  stm32f1xx_hal_tim.o [4]
HAL_TIM_PeriodElapsedCallback
                         0x800'13b1   0xde  Code  Gb  main.o [2]
HAL_TIM_PeriodElapsedCallback::on3_3_ones
                        0x2000'062e    0x1  Data  Lc  main.o [2]
HAL_TIM_TriggerCallback
                         0x800'5525    0x2  Code  Wk  stm32f1xx_hal_tim.o [4]
HAL_UARTEx_ReceiveToIdle_IT
                         0x800'2541   0x82  Code  Gb  stm32f1xx_hal_uart.o [4]
HAL_UARTEx_RxEventCallback
                         0x800'0e61   0x5e  Code  Gb  main.o [2]
HAL_UART_Abort           0x800'25c3  0x116  Code  Gb  stm32f1xx_hal_uart.o [4]
HAL_UART_DeInit          0x800'242f   0x46  Code  Gb  stm32f1xx_hal_uart.o [4]
HAL_UART_ErrorCallback   0x800'54bf    0x2  Code  Wk  stm32f1xx_hal_uart.o [4]
HAL_UART_IRQHandler      0x800'26d9  0x2c0  Code  Gb  stm32f1xx_hal_uart.o [4]
HAL_UART_Init            0x800'23b5   0x7a  Code  Gb  stm32f1xx_hal_uart.o [4]
HAL_UART_MspDeInit       0x800'534b   0x26  Code  Gb  stm32f1xx_hal_msp.o [2]
HAL_UART_MspInit         0x800'52cd   0x7e  Code  Gb  stm32f1xx_hal_msp.o [2]
HAL_UART_RxCpltCallback
                         0x800'54c3    0x2  Code  Wk  stm32f1xx_hal_uart.o [4]
HAL_UART_Transmit        0x800'2475   0xcc  Code  Gb  stm32f1xx_hal_uart.o [4]
HAL_UART_TxCpltCallback
                         0x800'54c1    0x2  Code  Wk  stm32f1xx_hal_uart.o [4]
HardFault_Handler        0x800'572f    0x2  Code  Gb  stm32f1xx_it.o [2]
I2C1_ER_IRQHandler       0x800'5783    0xa  Code  Gb  stm32f1xx_it.o [2]
I2C1_EV_IRQHandler       0x800'5779    0xa  Code  Gb  stm32f1xx_it.o [2]
I2C2_ER_IRQHandler       0x800'5a39         Code  Wk  startup_stm32f103xb.o [3]
I2C2_EV_IRQHandler       0x800'5a35         Code  Wk  startup_stm32f103xb.o [3]
I2C_ConvertOtherXferOptions
                         0x800'4271   0x1c  Code  Lc  stm32f1xx_hal_i2c.o [4]
I2C_DMAAbort             0x800'412d   0xf6  Code  Lc  stm32f1xx_hal_i2c.o [4]
I2C_Flush_DR             0x800'2fdb   0x10  Code  Lc  stm32f1xx_hal_i2c.o [4]
I2C_ITError              0x800'3f91  0x196  Code  Lc  stm32f1xx_hal_i2c.o [4]
I2C_MasterReceive_BTF    0x800'37a3  0x132  Code  Lc  stm32f1xx_hal_i2c.o [4]
I2C_MasterReceive_RXNE   0x800'36a1  0x102  Code  Lc  stm32f1xx_hal_i2c.o [4]
I2C_MasterTransmit_BTF   0x800'3523   0xa4  Code  Lc  stm32f1xx_hal_i2c.o [4]
I2C_MasterTransmit_TXE   0x800'343b   0xe8  Code  Lc  stm32f1xx_hal_i2c.o [4]
I2C_Master_ADD10         0x800'3987   0x32  Code  Lc  stm32f1xx_hal_i2c.o [4]
I2C_Master_ADDR          0x800'39b9  0x258  Code  Lc  stm32f1xx_hal_i2c.o [4]
I2C_Master_SB            0x800'38d5   0xb2  Code  Lc  stm32f1xx_hal_i2c.o [4]
I2C_MemoryTransmit_TXE_BTF
                         0x800'35c7   0xda  Code  Lc  stm32f1xx_hal_i2c.o [4]
I2C_SlaveReceive_BTF     0x800'3ccb   0x1c  Code  Lc  stm32f1xx_hal_i2c.o [4]
I2C_SlaveReceive_RXNE    0x800'3c7d   0x4e  Code  Lc  stm32f1xx_hal_i2c.o [4]
I2C_SlaveTransmit_BTF    0x800'3c61   0x1c  Code  Lc  stm32f1xx_hal_i2c.o [4]
I2C_SlaveTransmit_TXE    0x800'3c13   0x4e  Code  Lc  stm32f1xx_hal_i2c.o [4]
I2C_Slave_ADDR           0x800'3ce7   0x66  Code  Lc  stm32f1xx_hal_i2c.o [4]
I2C_Slave_AF             0x800'3ee7   0xaa  Code  Lc  stm32f1xx_hal_i2c.o [4]
I2C_Slave_STOPF          0x800'3d4d  0x19a  Code  Lc  stm32f1xx_hal_i2c.o [4]
I2C_WaitOnSTOPRequestThroughIT
                         0x800'4223   0x46  Code  Lc  stm32f1xx_hal_i2c.o [4]
Ktv_ClearResults         0x800'20e7   0x46  Code  Lc  ktv.o [2]
Ktv_GetProfile           0x800'2011   0xd6  Code  Lc  ktv.o [2]
Ktv_GetResultBuffer      0x800'1e9f    0x6  Code  Gb  ktv.o [2]
Ktv_Init                 0x800'1e21   0x48  Code  Gb  ktv.o [2]
Ktv_Process              0x800'1fd3   0x3e  Code  Gb  ktv.o [2]
Ktv_ProcessProfile       0x800'212d  0x22c  Code  Lc  ktv.o [2]
Ktv_Start                0x800'1e69   0x36  Code  Lc  ktv.o [2]
Ktv_TickISR              0x800'1ea5  0x12e  Code  Gb  ktv.o [2]
MX_GPIO_Init             0x800'1175  0x216  Code  Lc  main.o [2]
MX_I2C1_Init             0x800'0fcb   0x3e  Code  Lc  main.o [2]
MX_TIM1_Init             0x800'1011   0x80  Code  Lc  main.o [2]
MX_TIM2_Init             0x800'109d   0x7c  Code  Lc  main.o [2]
MX_USART2_UART_Init      0x800'1121   0x38  Code  Lc  main.o [2]
MemManage_Handler        0x800'5731    0x2  Code  Gb  stm32f1xx_it.o [2]
Modbus_ApplyConfig       0x800'0719   0xae  Code  Gb  main.o [2]
Modbus_ApplyManualPins   0x800'07c7   0x3c  Code  Gb  main.o [2]
Modbus_ApplyWriteRegister
                         0x800'0803  0x184  Code  Gb  main.o [2]
Modbus_BuildReadRegister
                         0x800'0687   0x92  Code  Gb  main.o [2]
Modbus_CheckUartRestart
                         0x800'0e21   0x36  Code  Gb  main.o [2]
Modbus_HandleError       0x800'0a6d    0x8  Code  Gb  main.o [2]
Modbus_ProcessPendingRequest
                         0x800'0afd  0x320  Code  Gb  main.o [2]
Modbus_ReadRegister      0x800'0987   0x50  Code  Gb  main.o [2]
Modbus_ReadRegisters     0x800'09f5   0x78  Code  Gb  main.o [2]
Modbus_SendException     0x800'0a75   0x64  Code  Lc  main.o [2]
Modbus_WriteRegister     0x800'09d7   0x1e  Code  Gb  main.o [2]
NMI_Handler              0x800'572d    0x2  Code  Gb  stm32f1xx_it.o [2]
NVIC_EncodePriority      0x800'4e01   0x40  Code  Lc  stm32f1xx_hal_cortex.o [4]
Optron_ProcessFrame      0x800'019b  0x37a  Code  Lc  main.o [2]
PVD_IRQHandler           0x800'59d1         Code  Wk  startup_stm32f103xb.o [3]
PendSV_Handler           0x800'573b    0x2  Code  Gb  stm32f1xx_it.o [2]
PrepareExpanderTx        0x800'05ef   0x6c  Code  Lc  main.o [2]
RCC_Delay                0x800'4c77   0x26  Code  Lc  stm32f1xx_hal_rcc.o [4]
RCC_IRQHandler           0x800'59e1         Code  Wk  startup_stm32f103xb.o [3]
RTC_Alarm_IRQHandler     0x800'5a4d         Code  Wk  startup_stm32f103xb.o [3]
RTC_IRQHandler           0x800'59d9         Code  Wk  startup_stm32f103xb.o [3]
Region$$Table$$Base      0x800'5944          --   Gb  - Linker created -
Region$$Table$$Limit     0x800'5968          --   Gb  - Linker created -
Reset_Handler            0x800'59a9         Code  Wk  startup_stm32f103xb.o [3]
SPI1_IRQHandler          0x800'5a3d         Code  Wk  startup_stm32f103xb.o [3]
SPI2_IRQHandler          0x800'5a41         Code  Wk  startup_stm32f103xb.o [3]
SVC_Handler              0x800'5737    0x2  Code  Gb  stm32f1xx_it.o [2]
SetPcfIntLevel           0x800'065b   0x14  Code  Lc  main.o [2]
SysTick_Config           0x800'4e41   0x30  Code  Lc  stm32f1xx_hal_cortex.o [4]
SysTick_Handler          0x800'573d    0x8  Code  Gb  stm32f1xx_it.o [2]
SystemClock_Config       0x800'0f59   0x72  Code  Gb  main.o [2]
SystemCoreClock         0x2000'0004    0x4  Data  Gb  system_stm32f1xx.o [1]
SystemInit               0x800'5a55    0x2  Code  Gb  system_stm32f1xx.o [1]
TAMPER_IRQHandler        0x800'59d5         Code  Wk  startup_stm32f103xb.o [3]
TIM1_BRK_IRQHandler      0x800'5a21         Code  Wk  startup_stm32f103xb.o [3]
TIM1_CC_IRQHandler       0x800'5a29         Code  Wk  startup_stm32f103xb.o [3]
TIM1_TRG_COM_IRQHandler
                         0x800'5a25         Code  Wk  startup_stm32f103xb.o [3]
TIM1_UP_IRQHandler       0x800'5765    0xa  Code  Gb  stm32f1xx_it.o [2]
TIM2_IRQHandler          0x800'576f    0xa  Code  Gb  stm32f1xx_it.o [2]
TIM3_IRQHandler          0x800'5a2d         Code  Wk  startup_stm32f103xb.o [3]
TIM4_IRQHandler          0x800'5a31         Code  Wk  startup_stm32f103xb.o [3]
TIM_Base_SetConfig       0x800'45ab   0x76  Code  Gb  stm32f1xx_hal_tim.o [4]
TIM_ETR_SetConfig        0x800'4687   0x16  Code  Gb  stm32f1xx_hal_tim.o [4]
TIM_ITRx_SetConfig       0x800'4677   0x10  Code  Lc  stm32f1xx_hal_tim.o [4]
TIM_TI1_ConfigInputStage
                         0x800'462d   0x24  Code  Lc  stm32f1xx_hal_tim.o [4]
TIM_TI2_ConfigInputStage
                         0x800'4651   0x26  Code  Lc  stm32f1xx_hal_tim.o [4]
UART_DMAAbortOnError     0x800'2ac9   0x16  Code  Lc  stm32f1xx_hal_uart.o [4]
UART_EndRxTransfer       0x800'2a61   0x66  Code  Lc  stm32f1xx_hal_uart.o [4]
UART_EndTransmit_IT      0x800'2b47   0x20  Code  Lc  stm32f1xx_hal_uart.o [4]
UART_Receive_IT          0x800'2b67   0xf6  Code  Lc  stm32f1xx_hal_uart.o [4]
UART_SetConfig           0x800'2c5d   0xd8  Code  Lc  stm32f1xx_hal_uart.o [4]
UART_Start_Receive_IT    0x800'2a1d   0x44  Code  Gb  stm32f1xx_hal_uart.o [4]
UART_Transmit_IT         0x800'2ae1   0x66  Code  Lc  stm32f1xx_hal_uart.o [4]
UART_WaitOnFlagUntilTimeout
                         0x800'2999   0x84  Code  Lc  stm32f1xx_hal_uart.o [4]
USART1_IRQHandler        0x800'5a45         Code  Wk  startup_stm32f103xb.o [3]
USART2_IRQHandler        0x800'578d    0xa  Code  Gb  stm32f1xx_it.o [2]
USART3_IRQHandler        0x800'5a49         Code  Wk  startup_stm32f103xb.o [3]
USBWakeUp_IRQHandler     0x800'5a51         Code  Wk  startup_stm32f103xb.o [3]
USB_HP_CAN1_TX_IRQHandler
                         0x800'5a11         Code  Wk  startup_stm32f103xb.o [3]
USB_LP_CAN1_RX0_IRQHandler
                         0x800'5a15         Code  Wk  startup_stm32f103xb.o [3]
UsageFault_Handler       0x800'5735    0x2  Code  Gb  stm32f1xx_it.o [2]
WWDG_IRQHandler          0x800'59cd         Code  Wk  startup_stm32f103xb.o [3]
__NVIC_DisableIRQ        0x800'4daf   0x26  Code  Lc  stm32f1xx_hal_cortex.o [4]
__NVIC_EnableIRQ         0x800'4d91   0x1e  Code  Lc  stm32f1xx_hal_cortex.o [4]
__NVIC_GetPriorityGrouping
                         0x800'4d87    0xa  Code  Lc  stm32f1xx_hal_cortex.o [4]
__NVIC_SetPriority       0x800'4dd5   0x2c  Code  Lc  stm32f1xx_hal_cortex.o [4]
__NVIC_SetPriorityGrouping
                         0x800'4d69   0x1e  Code  Lc  stm32f1xx_hal_cortex.o [4]
__aeabi_ldiv0            0x800'5529         Code  Gb  I64DivZer.o [6]
__aeabi_ldivmod          0x800'4f21         Code  Gb  I64DivMod.o [6]
__aeabi_llsl             0x800'5195         Code  Gb  I64Shl.o [6]
__aeabi_llsr             0x800'4ef5         Code  Gb  U64Shr.o [6]
__aeabi_memcpy           0x800'2d3d         Code  Gb  ABImemcpy.o [6]
__aeabi_memcpy4          0x800'2d5d         Code  Gb  ABImemcpy.o [6]
__aeabi_memcpy8          0x800'2d5d         Code  Gb  ABImemcpy.o [6]
__aeabi_memset           0x800'16f9         Code  Gb  ABImemset.o [6]
__aeabi_uldivmod         0x800'4f65         Code  Gb  I64DivMod.o [6]
__cmain                  0x800'58f5         Code  Gb  cmain.o [6]
__exit                   0x800'5931   0x14  Code  Gb  exit.o [7]
__iar_Memset             0x800'16f9         Code  Gb  ABImemset.o [6]
__iar_Memset_word        0x800'1701         Code  Gb  ABImemset.o [6]
__iar_copy_init3         0x800'175f   0x2a  Code  Gb  copy_init3.o [6]
__iar_data_init3         0x800'58cd   0x28  Code  Gb  data_init.o [6]
__iar_program_start      0x800'5969         Code  Gb  cstartup_M.o [6]
__iar_zero_init3         0x800'5895   0x38  Code  Gb  zero_init3.o [6]
__low_level_init         0x800'5917    0x4  Code  Gb  low_level_init.o [5]
__vector_table           0x800'0000         Data  Gb  startup_stm32f103xb.o [3]
_call_main               0x800'5901         Code  Gb  cmain.o [6]
_exit                    0x800'5921         Code  Gb  cexit.o [6]
_exit_2                  0x800'5925         Code  Gb  cexit_2.o [6]
active_i2c_address      0x2000'060b    0x1  Data  Lc  main.o [2]
active_rx_size          0x2000'061f    0x1  Data  Lc  main.o [2]
crc16table               0x800'552c  0x200  Data  Lc  mbcrc.o [2]
door                    0x2000'060f    0x1  Data  Gb  main.o [2]
error_sv                0x2000'0610    0x1  Data  Gb  main.o [2]
exit                     0x800'591b    0x4  Code  Gb  exit.o [5]
expander16_input_mask    0x800'2de2    0x2  Data  Lc  main.o [2]
expander16_map           0x800'57d4   0x80  Data  Lc  main.o [2]
expander16_state        0x2000'0600    0x2  Data  Lc  main.o [2]
expander8_map            0x800'5854   0x40  Data  Lc  main.o [2]
expander8_state         0x2000'060a    0x1  Data  Lc  main.o [2]
flash_cfg_storage        0x800'fc00    0x2  Data  Gb  main.o [2]
g_ktv                   0x2000'0010  0x1f8  Data  Lc  ktv.o [2]
g_result                0x2000'0404   0x64  Data  Lc  ktv.o [2]
hi2c1                   0x2000'0468   0x54  Data  Gb  main.o [2]
htim1                   0x2000'04bc   0x48  Data  Gb  main.o [2]
htim2                   0x2000'0504   0x48  Data  Gb  main.o [2]
huart2                  0x2000'054c   0x48  Data  Gb  main.o [2]
i2c_rx_buffer           0x2000'05fc    0x2  Data  Lc  main.o [2]
i2c_tx_buffer           0x2000'05fe    0x2  Data  Lc  main.o [2]
kontur1_diod            0x2000'0629    0x1  Data  Gb  main.o [2]
kontur1_kz              0x2000'0628    0x1  Data  Gb  main.o [2]
kontur1_obryv           0x2000'062a    0x1  Data  Gb  main.o [2]
kontur2_diod            0x2000'062c    0x1  Data  Gb  main.o [2]
kontur2_kz              0x2000'062b    0x1  Data  Gb  main.o [2]
kontur2_obryv           0x2000'062d    0x1  Data  Gb  main.o [2]
main                     0x800'0ec5   0x8e  Code  Gb  main.o [2]
mbcrc                    0x800'2369   0x4c  Code  Gb  mbcrc.o [2]
modbus_break_k_p        0x2000'061d    0x1  Data  Gb  main.o [2]
modbus_cfg1             0x2000'0613    0x1  Data  Gb  main.o [2]
modbus_cfg2             0x2000'0614    0x1  Data  Gb  main.o [2]
modbus_cfg3             0x2000'0615    0x1  Data  Gb  main.o [2]
modbus_cfg4             0x2000'0616    0x1  Data  Gb  main.o [2]
modbus_cfg5             0x2000'0617    0x1  Data  Gb  main.o [2]
modbus_cfg6             0x2000'0618    0x1  Data  Gb  main.o [2]
modbus_cfg7             0x2000'0619    0x1  Data  Gb  main.o [2]
modbus_cfg8             0x2000'061a    0x1  Data  Gb  main.o [2]
modbus_exec_config      0x2000'061b    0x1  Data  Gb  main.o [2]
modbus_last_error       0x2000'0622    0x1  Data  Lc  main.o [2]
modbus_on_3v3           0x2000'061c    0x1  Data  Gb  main.o [2]
modbus_rx_buffer        0x2000'0594   0x20  Data  Lc  main.o [2]
modbus_rx_frame         0x2000'05b4   0x20  Data  Lc  main.o [2]
modbus_rx_frame_len     0x2000'0604    0x2  Data  Lc  main.o [2]
modbus_rx_ready         0x2000'0621    0x1  Data  Lc  main.o [2]
modbus_sv_kont_p        0x2000'061e    0x1  Data  Gb  main.o [2]
modbus_tx_buffer        0x2000'0208  0x100  Data  Lc  main.o [2]
modbus_write_register   0x2000'0602    0x2  Data  Gb  main.o [2]
on_3v3_enabled          0x2000'0620    0x1  Data  Lc  main.o [2]
on_bkk_k1               0x2000'0611    0x1  Data  Gb  main.o [2]
on_bkk_k2               0x2000'0612    0x1  Data  Gb  main.o [2]
optron1_1_state         0x2000'0624    0x1  Data  Gb  main.o [2]
optron1_2_state         0x2000'0625    0x1  Data  Gb  main.o [2]
optron2_1_state         0x2000'0626    0x1  Data  Gb  main.o [2]
optron2_2_state         0x2000'0627    0x1  Data  Gb  main.o [2]
optron_cycle_tick       0x2000'0608    0x2  Data  Lc  main.o [2]
optron_eval_pending     0x2000'0623    0x1  Data  Lc  main.o [2]
optron_sample_index     0x2000'0606    0x2  Data  Lc  main.o [2]
optron_samples          0x2000'0308   0xfc  Data  Lc  main.o [2]
pFlash                  0x2000'05d8   0x20  Data  Gb  stm32f1xx_hal_flash.o [4]
pcf_int_latched         0x2000'060e    0x1  Data  Lc  main.o [2]
sd_sw_last_state        0x2000'060c    0x1  Data  Lc  main.o [2]
sd_sw_return_state      0x2000'060d    0x1  Data  Lc  main.o [2]
tim2_tick_count         0x2000'05d4    0x4  Data  Lc  main.o [2]
uwTick                  0x2000'05f8    0x4  Data  Gb  stm32f1xx_hal.o [4]
uwTickFreq              0x2000'0008    0x1  Data  Gb  stm32f1xx_hal.o [4]
uwTickPrio              0x2000'0000    0x4  Data  Gb  stm32f1xx_hal.o [4]


[1] = C:\Users\User\Desktop\CBU_3.0\EWARM\ײֱ׃_סכויג ּÊ (2)\Obj\CMSIS_6603591812247902717.dir
[2] = C:\Users\User\Desktop\CBU_3.0\EWARM\ײֱ׃_סכויג ּÊ (2)\Obj\Core_13247989168731456611.dir
[3] = C:\Users\User\Desktop\CBU_3.0\EWARM\ײֱ׃_סכויג ּÊ (2)\Obj\EWARM_18443280873093131863.dir
[4] = C:\Users\User\Desktop\CBU_3.0\EWARM\ײֱ׃_סכויג ּÊ (2)\Obj\STM32F1xx_HAL_Driver_9701002599162248031.dir
[5] = dl7M_tln.a
[6] = rt7M_tl.a
[7] = shb_l.a

  22'326 bytes of readonly  code memory
     802 bytes of readonly  data memory
   2'604 bytes of readwrite data memory

Errors: none
Warnings: none
