###############################################################################
#
# IAR ELF Linker V9.70.1.475/W64 for ARM                  22/Jan/2026  13:49:04
# Copyright 2007-2025 IAR Systems AB.
#
#    Output file  =
#        C:\Users\User\Desktop\CBU_3.0\EWARM\ײֱ׃_סכויג ּÊ (2)\Exe\ײֱ׃_סכויג ּÊ
#        (2).out
#    Map file     =
#        C:\Users\User\Desktop\CBU_3.0\EWARM\ײֱ׃_סכויג ּÊ (2)\List\ײֱ׃_סכויג ּÊ
#        (2).map
#    Command line =
#        -f "C:\Users\User\Desktop\CBU_3.0\EWARM\ײֱ׃_סכויג ּÊ (2)\Exe\ײֱ׃_סכויג
#        ּÊ (2).out.rsp" ("C:\Users\User\Desktop\CBU_3.0\EWARM\ײֱ׃_סכויג ּÊ
#        (2)\Obj\Core_13247989168731456611.dir\main.o"
#        "C:\Users\User\Desktop\CBU_3.0\EWARM\ײֱ׃_סכויג ּÊ
#        (2)\Obj\EWARM_18443280873093131863.dir\startup_stm32f103xb.o"
#        "C:\Users\User\Desktop\CBU_3.0\EWARM\ײֱ׃_סכויג ּÊ
#        (2)\Obj\STM32F1xx_HAL_Driver_9701002599162248031.dir\stm32f1xx_hal.o"
#        "C:\Users\User\Desktop\CBU_3.0\EWARM\ײֱ׃_סכויג ּÊ
#        (2)\Obj\STM32F1xx_HAL_Driver_9701002599162248031.dir\stm32f1xx_hal_cortex.o"
#        "C:\Users\User\Desktop\CBU_3.0\EWARM\ײֱ׃_סכויג ּÊ
#        (2)\Obj\STM32F1xx_HAL_Driver_9701002599162248031.dir\stm32f1xx_hal_dma.o"
#        "C:\Users\User\Desktop\CBU_3.0\EWARM\ײֱ׃_סכויג ּÊ
#        (2)\Obj\STM32F1xx_HAL_Driver_9701002599162248031.dir\stm32f1xx_hal_exti.o"
#        "C:\Users\User\Desktop\CBU_3.0\EWARM\ײֱ׃_סכויג ּÊ
#        (2)\Obj\STM32F1xx_HAL_Driver_9701002599162248031.dir\stm32f1xx_hal_flash.o"
#        "C:\Users\User\Desktop\CBU_3.0\EWARM\ײֱ׃_סכויג ּÊ
#        (2)\Obj\STM32F1xx_HAL_Driver_9701002599162248031.dir\stm32f1xx_hal_flash_ex.o"
#        "C:\Users\User\Desktop\CBU_3.0\EWARM\ײֱ׃_סכויג ּÊ
#        (2)\Obj\STM32F1xx_HAL_Driver_9701002599162248031.dir\stm32f1xx_hal_gpio.o"
#        "C:\Users\User\Desktop\CBU_3.0\EWARM\ײֱ׃_סכויג ּÊ
#        (2)\Obj\STM32F1xx_HAL_Driver_9701002599162248031.dir\stm32f1xx_hal_gpio_ex.o"
#        "C:\Users\User\Desktop\CBU_3.0\EWARM\ײֱ׃_סכויג ּÊ
#        (2)\Obj\STM32F1xx_HAL_Driver_9701002599162248031.dir\stm32f1xx_hal_i2c.o"
#        "C:\Users\User\Desktop\CBU_3.0\EWARM\ײֱ׃_סכויג ּÊ
#        (2)\Obj\Core_13247989168731456611.dir\stm32f1xx_hal_msp.o"
#        "C:\Users\User\Desktop\CBU_3.0\EWARM\ײֱ׃_סכויג ּÊ
#        (2)\Obj\STM32F1xx_HAL_Driver_9701002599162248031.dir\stm32f1xx_hal_pwr.o"
#        "C:\Users\User\Desktop\CBU_3.0\EWARM\ײֱ׃_סכויג ּÊ
#        (2)\Obj\STM32F1xx_HAL_Driver_9701002599162248031.dir\stm32f1xx_hal_rcc.o"
#        "C:\Users\User\Desktop\CBU_3.0\EWARM\ײֱ׃_סכויג ּÊ
#        (2)\Obj\STM32F1xx_HAL_Driver_9701002599162248031.dir\stm32f1xx_hal_rcc_ex.o"
#        "C:\Users\User\Desktop\CBU_3.0\EWARM\ײֱ׃_סכויג ּÊ
#        (2)\Obj\STM32F1xx_HAL_Driver_9701002599162248031.dir\stm32f1xx_hal_tim.o"
#        "C:\Users\User\Desktop\CBU_3.0\EWARM\ײֱ׃_סכויג ּÊ
#        (2)\Obj\STM32F1xx_HAL_Driver_9701002599162248031.dir\stm32f1xx_hal_tim_ex.o"
#        "C:\Users\User\Desktop\CBU_3.0\EWARM\ײֱ׃_סכויג ּÊ
#        (2)\Obj\STM32F1xx_HAL_Driver_9701002599162248031.dir\stm32f1xx_hal_usart.o"
#        "C:\Users\User\Desktop\CBU_3.0\EWARM\ײֱ׃_סכויג ּÊ
#        (2)\Obj\Core_13247989168731456611.dir\stm32f1xx_it.o"
#        "C:\Users\User\Desktop\CBU_3.0\EWARM\ײֱ׃_סכויג ּÊ
#        (2)\Obj\CMSIS_6603591812247902717.dir\system_stm32f1xx.o"
#        --no_out_extension -o "C:\Users\User\Desktop\CBU_3.0\EWARM\ײֱ׃_סכויג
#        ּÊ (2)\Exe\ײֱ׃_סכויג ּÊ (2).out" --redirect _Printf=_PrintfFullNoMb
#        --redirect _Scanf=_ScanfFullNoMb --map
#        "C:\Users\User\Desktop\CBU_3.0\EWARM\ײֱ׃_סכויג ּÊ (2)\List\ײֱ׃_סכויג
#        ּÊ (2).map" --config
#        C:\Users\User\Desktop\CBU_3.0\EWARM/stm32f103xb_flash.icf
#        --semihosting --entry __iar_program_start --vfe --text_out locale
#        --cpu=Cortex-M3 --fpu=None) --diagnostics_format=sarif_stdout
#        --dependencies=n "C:\Users\User\Desktop\CBU_3.0\EWARM\ײֱ׃_סכויג ּÊ
#        (2)\Exe\ײֱ׃_סכויג ּÊ (2).out.iar_deps" --dynamic_output
#        "C:\Users\User\Desktop\CBU_3.0\EWARM\ײֱ׃_סכויג ּÊ (2)\Exe\ײֱ׃_סכויג ּÊ
#        (2).out.iar_dynout"
#
###############################################################################

*******************************************************************************
*** RUNTIME MODEL ATTRIBUTES
***

CppFlavor       = *
__CPP_Runtime   = 1
__SystemLibrary = DLib
__dlib_version  = 6


*******************************************************************************
*** HEAP SELECTION
***

The basic heap was selected because --advanced_heap
was not specified and the application did not appear to
be primarily optimized for speed.


*******************************************************************************
*** PLACEMENT SUMMARY
***

"A0":  place at address 0x800'0000 {  ro section .intvec };
"P1":  place in [from 0x800'0000 to 0x801'ffff] {  ro };
define block CSTACK with size = 1K, alignment = 8 { };
define block HEAP with size = 512, alignment = 8 { };
"P2":  place in [from 0x2000'0000 to 0x2000'4fff] {
           rw,  block CSTACK,  block HEAP };
initialize by copy {  rw };

  Section            Kind         Address  Alignment    Size  Object
  -------            ----         -------  ---------    ----  ------
"A0":                                                   0xec
  .intvec            ro code   0x800'0000          4    0xec  startup_stm32f103xb.o [3]
                             - 0x800'00ec               0xec

"P1":                                                 0x30ca
  .text              ro code   0x800'00ec          4  0x1484  stm32f1xx_hal_i2c.o [4]
  .text              ro code   0x800'1570          4   0x170  stm32f1xx_hal_msp.o [2]
  .text              ro code   0x800'16e0          4   0x64c  stm32f1xx_hal_rcc.o [4]
  .text              ro code   0x800'1d2c          2     0x2  stm32f1xx_hal_i2c.o [4]
  .text              ro code   0x800'1d2e          2     0x2  stm32f1xx_hal_i2c.o [4]
  .text              ro code   0x800'1d30          2     0x2  stm32f1xx_hal_i2c.o [4]
  .text              ro code   0x800'1d32          2     0x2  stm32f1xx_hal_i2c.o [4]
  .text              ro code   0x800'1d34          4   0x558  main.o [2]
  .text              ro code   0x800'228c          2     0x2  stm32f1xx_hal_i2c.o [4]
  .text              ro code   0x800'228e          2    0x2a  copy_init3.o [6]
  .text              ro code   0x800'22b8          4    0xd6  stm32f1xx_hal_dma.o [4]
  .text              ro code   0x800'238e          2     0x2  stm32f1xx_hal_i2c.o [4]
  .text              ro code   0x800'2390          4    0x66  ABImemset.o [6]
  .rodata            const     0x800'23f6          2     0x2  stm32f1xx_hal_rcc.o [4]
  .text              ro code   0x800'23f8          4   0x278  stm32f1xx_hal_gpio.o [4]
  .text              ro code   0x800'2670          4   0x154  stm32f1xx_hal_cortex.o [4]
  .text              ro code   0x800'27c4          4     0xc  stm32f1xx_hal.o [4]
  .text              ro code   0x800'27d0          4    0x4c  stm32f1xx_hal.o [4]
  .text              ro code   0x800'281c          4    0x24  stm32f1xx_hal.o [4]
  .text              ro code   0x800'2840          4   0x410  stm32f1xx_hal_tim.o [4]
  .text              ro code   0x800'2c50          4    0x80  stm32f1xx_hal_tim_ex.o [4]
  .text              ro code   0x800'2cd0          4   0x1e8  stm32f1xx_hal_usart.o [4]
  .text              ro code   0x800'2eb8          2     0x2  stm32f1xx_hal_tim.o [4]
  .text              ro code   0x800'2eba          2     0x2  stm32f1xx_hal_tim.o [4]
  .text              ro code   0x800'2ebc          2     0x2  stm32f1xx_hal_tim.o [4]
  .text              ro code   0x800'2ebe          2     0x2  stm32f1xx_hal_tim_ex.o [4]
  .text              ro code   0x800'2ec0          2     0x2  stm32f1xx_hal_tim.o [4]
  .text              ro code   0x800'2ec2          2     0x2  stm32f1xx_hal_tim_ex.o [4]
  .rodata            const     0x800'2ec4          4    0x80  main.o [2]
  .rodata            const     0x800'2f44          4    0x40  main.o [2]
  .text              ro code   0x800'2f84          4    0x40  stm32f1xx_it.o [2]
  .text              ro code   0x800'2fc4          4    0x18  stm32f1xx_hal.o [4]
  .text              ro code   0x800'2fdc          2    0x38  zero_init3.o [6]
  .text              ro code   0x800'3014          4    0x28  data_init.o [6]
  .text              ro code   0x800'303c          4    0x22  cmain.o [6]
  .text              ro code   0x800'305e          2     0x4  low_level_init.o [5]
  .text              ro code   0x800'3062          2     0x4  exit.o [5]
  .text              ro code   0x800'3068          4     0x4  cexit.o [6]
  .text              ro code   0x800'306c          4     0xa  cexit_2.o [6]
  .text              ro code   0x800'3078          4    0x14  exit.o [7]
  .iar.init_table    const     0x800'308c          4    0x24  - Linker created -
  .text              ro code   0x800'30b0          4    0x1e  cstartup_M.o [6]
  .rodata            const     0x800'30d0          4    0x10  stm32f1xx_hal_rcc.o [4]
  .rodata            const     0x800'30e0          4    0x10  system_stm32f1xx.o [1]
  .text              ro code   0x800'30f0          4    0x10  startup_stm32f103xb.o [3]
  Initializer bytes  const     0x800'3100          4     0xc  <for P2-1>
  .rodata            const     0x800'310c          4     0x8  system_stm32f1xx.o [1]
  .text              ro code   0x800'3114          2     0x4  startup_stm32f103xb.o [3]
  .text              ro code   0x800'3118          2     0x4  startup_stm32f103xb.o [3]
  .text              ro code   0x800'311c          2     0x4  startup_stm32f103xb.o [3]
  .text              ro code   0x800'3120          2     0x4  startup_stm32f103xb.o [3]
  .text              ro code   0x800'3124          2     0x4  startup_stm32f103xb.o [3]
  .text              ro code   0x800'3128          2     0x4  startup_stm32f103xb.o [3]
  .text              ro code   0x800'312c          2     0x4  startup_stm32f103xb.o [3]
  .text              ro code   0x800'3130          2     0x4  startup_stm32f103xb.o [3]
  .text              ro code   0x800'3134          2     0x4  startup_stm32f103xb.o [3]
  .text              ro code   0x800'3138          2     0x4  startup_stm32f103xb.o [3]
  .text              ro code   0x800'313c          2     0x4  startup_stm32f103xb.o [3]
  .text              ro code   0x800'3140          2     0x4  startup_stm32f103xb.o [3]
  .text              ro code   0x800'3144          2     0x4  startup_stm32f103xb.o [3]
  .text              ro code   0x800'3148          2     0x4  startup_stm32f103xb.o [3]
  .text              ro code   0x800'314c          2     0x4  startup_stm32f103xb.o [3]
  .text              ro code   0x800'3150          2     0x4  startup_stm32f103xb.o [3]
  .text              ro code   0x800'3154          2     0x4  startup_stm32f103xb.o [3]
  .text              ro code   0x800'3158          2     0x4  startup_stm32f103xb.o [3]
  .text              ro code   0x800'315c          2     0x4  startup_stm32f103xb.o [3]
  .text              ro code   0x800'3160          2     0x4  startup_stm32f103xb.o [3]
  .text              ro code   0x800'3164          2     0x4  startup_stm32f103xb.o [3]
  .text              ro code   0x800'3168          2     0x4  startup_stm32f103xb.o [3]
  .text              ro code   0x800'316c          2     0x4  startup_stm32f103xb.o [3]
  .text              ro code   0x800'3170          2     0x4  startup_stm32f103xb.o [3]
  .text              ro code   0x800'3174          2     0x4  startup_stm32f103xb.o [3]
  .text              ro code   0x800'3178          2     0x4  startup_stm32f103xb.o [3]
  .text              ro code   0x800'317c          2     0x4  startup_stm32f103xb.o [3]
  .text              ro code   0x800'3180          2     0x4  startup_stm32f103xb.o [3]
  .text              ro code   0x800'3184          2     0x4  startup_stm32f103xb.o [3]
  .text              ro code   0x800'3188          2     0x4  startup_stm32f103xb.o [3]
  .text              ro code   0x800'318c          2     0x4  startup_stm32f103xb.o [3]
  .text              ro code   0x800'3190          2     0x4  startup_stm32f103xb.o [3]
  .text              ro code   0x800'3194          2     0x4  startup_stm32f103xb.o [3]
  .text              ro code   0x800'3198          2     0x4  startup_stm32f103xb.o [3]
  .text              ro code   0x800'319c          2     0x4  startup_stm32f103xb.o [3]
  .text              ro code   0x800'31a0          2     0x4  startup_stm32f103xb.o [3]
  .text              ro code   0x800'31a4          2     0x4  startup_stm32f103xb.o [3]
  .text              ro code   0x800'31a8          2     0x4  startup_stm32f103xb.o [3]
  .text              ro code   0x800'31ac          2     0x4  startup_stm32f103xb.o [3]
  .text              ro code   0x800'31b0          2     0x4  startup_stm32f103xb.o [3]
  .text              ro code   0x800'31b4          4     0x2  system_stm32f1xx.o [1]
  .rodata            const     0x800'31b6                0x0  zero_init3.o [6]
  .rodata            const     0x800'31b6                0x0  copy_init3.o [6]
                             - 0x800'31b6             0x30ca

"P2", part 1 of 3:                                       0xc
  P2-1                        0x2000'0000          4     0x9  <Init block>
    .data            inited   0x2000'0000          4     0x4  stm32f1xx_hal.o [4]
    .data            inited   0x2000'0004          4     0x4  system_stm32f1xx.o [1]
    .data            inited   0x2000'0008                0x1  stm32f1xx_hal.o [4]
                            - 0x2000'0009                0x9

"P2", part 2 of 3:                                      0xf0
  .bss               zero     0x2000'000c          4    0x54  main.o [2]
  .bss               zero     0x2000'0060          4    0x48  main.o [2]
  .bss               zero     0x2000'00a8          4    0x44  main.o [2]
  .bss               zero     0x2000'00ec          4     0x4  stm32f1xx_hal.o [4]
  .bss               zero     0x2000'00f0          2     0x2  main.o [2]
  .bss               zero     0x2000'00f2          2     0x2  main.o [2]
  .bss               zero     0x2000'00f4          2     0x2  main.o [2]
  .bss               zero     0x2000'00f6                0x1  main.o [2]
  .bss               zero     0x2000'00f7                0x1  main.o [2]
  .bss               zero     0x2000'00f8                0x1  main.o [2]
                            - 0x2000'00f9               0xed

"P2", part 3 of 3:                                     0x400
  CSTACK                      0x2000'0100          8   0x400  <Block>
    CSTACK           uninit   0x2000'0100              0x400  <Block tail>
                            - 0x2000'0500              0x400

Unused ranges:

         From           To      Size
         ----           --      ----
   0x800'31b6   0x801'ffff  0x1'ce4a
  0x2000'00fc  0x2000'00ff       0x4
  0x2000'0500  0x2000'4fff    0x4b00


*******************************************************************************
*** INIT TABLE
***

          Address      Size
          -------      ----
Zero (__iar_zero_init3)
    1 destination range, total size 0xed:
          0x2000'000c  0xed

Copy (__iar_copy_init3)
    1 source range, total size 0xc (133% of destination):
           0x800'3100   0xc
    1 destination range, total size 0x9:
          0x2000'0000   0x9



*******************************************************************************
*** MODULE SUMMARY
***

    Module                  ro code  ro data  rw data
    ------                  -------  -------  -------
command line/config:
    -------------------------------------------------
    Total:

C:\Users\User\Desktop\CBU_3.0\EWARM\ײֱ׃_סכויג ּÊ (2)\Obj\CMSIS_6603591812247902717.dir: [1]
    system_stm32f1xx.o            2       28        4
    -------------------------------------------------
    Total:                        2       28        4

C:\Users\User\Desktop\CBU_3.0\EWARM\ײֱ׃_סכויג ּÊ (2)\Obj\Core_13247989168731456611.dir: [2]
    main.o                    1'368      192      233
    stm32f1xx_hal_msp.o         368
    stm32f1xx_it.o               64
    -------------------------------------------------
    Total:                    1'800      192      233

C:\Users\User\Desktop\CBU_3.0\EWARM\ײֱ׃_סכויג ּÊ (2)\Obj\EWARM_18443280873093131863.dir: [3]
    startup_stm32f103xb.o       412
    -------------------------------------------------
    Total:                      412

C:\Users\User\Desktop\CBU_3.0\EWARM\ײֱ׃_סכויג ּÊ (2)\Obj\STM32F1xx_HAL_Driver_9701002599162248031.dir: [4]
    stm32f1xx_hal.o             148        5        9
    stm32f1xx_hal_cortex.o      340
    stm32f1xx_hal_dma.o         214
    stm32f1xx_hal_gpio.o        632
    stm32f1xx_hal_i2c.o       5'264
    stm32f1xx_hal_rcc.o       1'612       18
    stm32f1xx_hal_tim.o       1'048
    stm32f1xx_hal_tim_ex.o      132
    stm32f1xx_hal_usart.o       488
    -------------------------------------------------
    Total:                    9'878       23        9

dl7M_tln.a: [5]
    exit.o                        4
    low_level_init.o              4
    -------------------------------------------------
    Total:                        8

rt7M_tl.a: [6]
    ABImemset.o                 102
    cexit.o                       4
    cexit_2.o                    10
    cmain.o                      34
    copy_init3.o                 42
    cstartup_M.o                 30
    data_init.o                  40
    zero_init3.o                 56
    -------------------------------------------------
    Total:                      318

shb_l.a: [7]
    exit.o                       20
    -------------------------------------------------
    Total:                       20

    Gaps                          4        2
    Linker created                        39    1'024
-----------------------------------------------------
    Grand Total:             12'442      284    1'270


*******************************************************************************
*** ENTRY LIST
***

Entry                       Address   Size  Type      Object
-----                       -------   ----  ----      ------
.iar.init_table$$Base    0x800'308c          --   Gb  - Linker created -
.iar.init_table$$Limit   0x800'30b0          --   Gb  - Linker created -
?main                    0x800'303d         Code  Gb  cmain.o [6]
ADC1_2_IRQHandler        0x800'315d         Code  Wk  startup_stm32f103xb.o [3]
AHBPrescTable            0x800'30e0   0x10  Data  Gb  system_stm32f1xx.o [1]
APBPrescTable            0x800'310c    0x8  Data  Gb  system_stm32f1xx.o [1]
ApplyExpander16State     0x800'1d65   0x52  Code  Lc  main.o [2]
ApplyExpander8State      0x800'1db7   0x3c  Code  Lc  main.o [2]
BusFault_Handler         0x800'2f8b    0x2  Code  Gb  stm32f1xx_it.o [2]
CAN1_RX1_IRQHandler      0x800'3169         Code  Wk  startup_stm32f103xb.o [3]
CAN1_SCE_IRQHandler      0x800'316d         Code  Wk  startup_stm32f103xb.o [3]
CSTACK$$Base            0x2000'0100          --   Gb  - Linker created -
CSTACK$$Limit           0x2000'0500          --   Gb  - Linker created -
DMA1_Channel1_IRQHandler
                         0x800'3141         Code  Wk  startup_stm32f103xb.o [3]
DMA1_Channel2_IRQHandler
                         0x800'3145         Code  Wk  startup_stm32f103xb.o [3]
DMA1_Channel3_IRQHandler
                         0x800'3149         Code  Wk  startup_stm32f103xb.o [3]
DMA1_Channel4_IRQHandler
                         0x800'314d         Code  Wk  startup_stm32f103xb.o [3]
DMA1_Channel5_IRQHandler
                         0x800'3151         Code  Wk  startup_stm32f103xb.o [3]
DMA1_Channel6_IRQHandler
                         0x800'3155         Code  Wk  startup_stm32f103xb.o [3]
DMA1_Channel7_IRQHandler
                         0x800'3159         Code  Wk  startup_stm32f103xb.o [3]
DebugMon_Handler         0x800'2f91    0x2  Code  Gb  stm32f1xx_it.o [2]
EXTI0_IRQHandler         0x800'312d         Code  Wk  startup_stm32f103xb.o [3]
EXTI15_10_IRQHandler     0x800'31a9         Code  Wk  startup_stm32f103xb.o [3]
EXTI1_IRQHandler         0x800'3131         Code  Wk  startup_stm32f103xb.o [3]
EXTI2_IRQHandler         0x800'3135         Code  Wk  startup_stm32f103xb.o [3]
EXTI3_IRQHandler         0x800'3139         Code  Wk  startup_stm32f103xb.o [3]
EXTI4_IRQHandler         0x800'313d         Code  Wk  startup_stm32f103xb.o [3]
EXTI9_5_IRQHandler       0x800'3171         Code  Wk  startup_stm32f103xb.o [3]
Error_Handler            0x800'2289    0x4  Code  Gb  main.o [2]
Expander_WritePin        0x800'1d35   0x30  Code  Lc  main.o [2]
FLASH_IRQHandler         0x800'3125         Code  Wk  startup_stm32f103xb.o [3]
HAL_DMA_Abort_IT         0x800'22b9   0xb4  Code  Gb  stm32f1xx_hal_dma.o [4]
HAL_DMA_GetState         0x800'2389    0x6  Code  Gb  stm32f1xx_hal_dma.o [4]
HAL_GPIO_Init            0x800'23f9  0x21e  Code  Gb  stm32f1xx_hal_gpio.o [4]
HAL_GPIO_WritePin        0x800'2617   0x1a  Code  Gb  stm32f1xx_hal_gpio.o [4]
HAL_GetTick              0x800'27c5    0xc  Code  Wk  stm32f1xx_hal.o [4]
HAL_I2C_AbortCpltCallback
                         0x800'238f    0x2  Code  Wk  stm32f1xx_hal_i2c.o [4]
HAL_I2C_AddrCallback     0x800'2141   0x92  Code  Gb  main.o [2]
HAL_I2C_ER_IRQHandler    0x800'0627   0xf8  Code  Gb  stm32f1xx_hal_i2c.o [4]
HAL_I2C_EV_IRQHandler    0x800'0461  0x1c6  Code  Gb  stm32f1xx_hal_i2c.o [4]
HAL_I2C_EnableListen_IT
                         0x800'041d   0x44  Code  Gb  stm32f1xx_hal_i2c.o [4]
HAL_I2C_ErrorCallback    0x800'222d   0x14  Code  Gb  main.o [2]
HAL_I2C_Init             0x800'00ed  0x1d2  Code  Gb  stm32f1xx_hal_i2c.o [4]
HAL_I2C_ListenCpltCallback
                         0x800'2219   0x14  Code  Gb  main.o [2]
HAL_I2C_MasterRxCpltCallback
                         0x800'1d33    0x2  Code  Wk  stm32f1xx_hal_i2c.o [4]
HAL_I2C_MasterTxCpltCallback
                         0x800'1d2d    0x2  Code  Wk  stm32f1xx_hal_i2c.o [4]
HAL_I2C_MemRxCpltCallback
                         0x800'1d31    0x2  Code  Wk  stm32f1xx_hal_i2c.o [4]
HAL_I2C_MemTxCpltCallback
                         0x800'1d2f    0x2  Code  Wk  stm32f1xx_hal_i2c.o [4]
HAL_I2C_MspInit          0x800'15ad   0x78  Code  Gb  stm32f1xx_hal_msp.o [2]
HAL_I2C_SlaveRxCpltCallback
                         0x800'21d3   0x46  Code  Gb  main.o [2]
HAL_I2C_SlaveTxCpltCallback
                         0x800'228d    0x2  Code  Wk  stm32f1xx_hal_i2c.o [4]
HAL_I2C_Slave_Seq_Receive_IT
                         0x800'0383   0x9a  Code  Gb  stm32f1xx_hal_i2c.o [4]
HAL_I2C_Slave_Seq_Transmit_IT
                         0x800'02e9   0x9a  Code  Gb  stm32f1xx_hal_i2c.o [4]
HAL_IncTick              0x800'2fc5   0x18  Code  Wk  stm32f1xx_hal.o [4]
HAL_Init                 0x800'281d   0x20  Code  Gb  stm32f1xx_hal.o [4]
HAL_InitTick             0x800'27d1   0x4c  Code  Wk  stm32f1xx_hal.o [4]
HAL_MspInit              0x800'1571   0x3c  Code  Gb  stm32f1xx_hal_msp.o [2]
HAL_NVIC_EnableIRQ       0x800'2789    0xe  Code  Gb  stm32f1xx_hal_cortex.o [4]
HAL_NVIC_SetPriority     0x800'275f   0x2a  Code  Gb  stm32f1xx_hal_cortex.o [4]
HAL_NVIC_SetPriorityGrouping
                         0x800'2753    0xc  Code  Gb  stm32f1xx_hal_cortex.o [4]
HAL_RCC_ClockConfig      0x800'1ae1  0x14c  Code  Gb  stm32f1xx_hal_rcc.o [4]
HAL_RCC_GetHCLKFreq      0x800'1c89    0x6  Code  Gb  stm32f1xx_hal_rcc.o [4]
HAL_RCC_GetPCLK1Freq     0x800'1c8f   0x16  Code  Gb  stm32f1xx_hal_rcc.o [4]
HAL_RCC_GetPCLK2Freq     0x800'1ca5   0x16  Code  Gb  stm32f1xx_hal_rcc.o [4]
HAL_RCC_GetSysClockFreq
                         0x800'1c2d   0x5c  Code  Gb  stm32f1xx_hal_rcc.o [4]
HAL_RCC_GetSysClockFreq::aPLLMULFactorTable
                         0x800'30d0   0x10  Data  Lc  stm32f1xx_hal_rcc.o [4]
HAL_RCC_GetSysClockFreq::aPredivFactorTable
                         0x800'23f6    0x2  Data  Lc  stm32f1xx_hal_rcc.o [4]
HAL_RCC_OscConfig        0x800'16e1  0x400  Code  Gb  stm32f1xx_hal_rcc.o [4]
HAL_SYSTICK_Config       0x800'2797    0xc  Code  Gb  stm32f1xx_hal_cortex.o [4]
HAL_TIMEx_BreakCallback
                         0x800'2ebf    0x2  Code  Wk  stm32f1xx_hal_tim_ex.o [4]
HAL_TIMEx_CommutCallback
                         0x800'2ec3    0x2  Code  Wk  stm32f1xx_hal_tim_ex.o [4]
HAL_TIMEx_MasterConfigSynchronization
                         0x800'2c51   0x70  Code  Gb  stm32f1xx_hal_tim_ex.o [4]
HAL_TIM_Base_Init        0x800'2841   0x6e  Code  Gb  stm32f1xx_hal_tim.o [4]
HAL_TIM_Base_MspInit     0x800'1625   0x32  Code  Gb  stm32f1xx_hal_msp.o [2]
HAL_TIM_Base_Start_IT    0x800'28af   0x72  Code  Gb  stm32f1xx_hal_tim.o [4]
HAL_TIM_ConfigClockSource
                         0x800'2a6b   0xf4  Code  Gb  stm32f1xx_hal_tim.o [4]
HAL_TIM_IC_CaptureCallback
                         0x800'2eb9    0x2  Code  Wk  stm32f1xx_hal_tim.o [4]
HAL_TIM_IRQHandler       0x800'292d  0x13e  Code  Gb  stm32f1xx_hal_tim.o [4]
HAL_TIM_OC_DelayElapsedCallback
                         0x800'2ebb    0x2  Code  Wk  stm32f1xx_hal_tim.o [4]
HAL_TIM_PWM_PulseFinishedCallback
                         0x800'2ebd    0x2  Code  Wk  stm32f1xx_hal_tim.o [4]
HAL_TIM_PeriodElapsedCallback
                         0x800'213f    0x2  Code  Gb  main.o [2]
HAL_TIM_TriggerCallback
                         0x800'2ec1    0x2  Code  Wk  stm32f1xx_hal_tim.o [4]
HAL_USART_Init           0x800'2cd1   0x5e  Code  Gb  stm32f1xx_hal_usart.o [4]
HAL_USART_MspInit        0x800'1657   0x6e  Code  Gb  stm32f1xx_hal_msp.o [2]
HardFault_Handler        0x800'2f87    0x2  Code  Gb  stm32f1xx_it.o [2]
I2C1_ER_IRQHandler       0x800'2fb1    0xa  Code  Gb  stm32f1xx_it.o [2]
I2C1_EV_IRQHandler       0x800'2fa7    0xa  Code  Gb  stm32f1xx_it.o [2]
I2C2_ER_IRQHandler       0x800'3191         Code  Wk  startup_stm32f103xb.o [3]
I2C2_EV_IRQHandler       0x800'318d         Code  Wk  startup_stm32f103xb.o [3]
I2C_ConvertOtherXferOptions
                         0x800'1555   0x1c  Code  Lc  stm32f1xx_hal_i2c.o [4]
I2C_DMAAbort             0x800'1411   0xf6  Code  Lc  stm32f1xx_hal_i2c.o [4]
I2C_Flush_DR             0x800'02bf   0x10  Code  Lc  stm32f1xx_hal_i2c.o [4]
I2C_ITError              0x800'1275  0x196  Code  Lc  stm32f1xx_hal_i2c.o [4]
I2C_MasterReceive_BTF    0x800'0a87  0x132  Code  Lc  stm32f1xx_hal_i2c.o [4]
I2C_MasterReceive_RXNE   0x800'0985  0x102  Code  Lc  stm32f1xx_hal_i2c.o [4]
I2C_MasterTransmit_BTF   0x800'0807   0xa4  Code  Lc  stm32f1xx_hal_i2c.o [4]
I2C_MasterTransmit_TXE   0x800'071f   0xe8  Code  Lc  stm32f1xx_hal_i2c.o [4]
I2C_Master_ADD10         0x800'0c6b   0x32  Code  Lc  stm32f1xx_hal_i2c.o [4]
I2C_Master_ADDR          0x800'0c9d  0x258  Code  Lc  stm32f1xx_hal_i2c.o [4]
I2C_Master_SB            0x800'0bb9   0xb2  Code  Lc  stm32f1xx_hal_i2c.o [4]
I2C_MemoryTransmit_TXE_BTF
                         0x800'08ab   0xda  Code  Lc  stm32f1xx_hal_i2c.o [4]
I2C_SlaveReceive_BTF     0x800'0faf   0x1c  Code  Lc  stm32f1xx_hal_i2c.o [4]
I2C_SlaveReceive_RXNE    0x800'0f61   0x4e  Code  Lc  stm32f1xx_hal_i2c.o [4]
I2C_SlaveTransmit_BTF    0x800'0f45   0x1c  Code  Lc  stm32f1xx_hal_i2c.o [4]
I2C_SlaveTransmit_TXE    0x800'0ef7   0x4e  Code  Lc  stm32f1xx_hal_i2c.o [4]
I2C_Slave_ADDR           0x800'0fcb   0x66  Code  Lc  stm32f1xx_hal_i2c.o [4]
I2C_Slave_AF             0x800'11cb   0xaa  Code  Lc  stm32f1xx_hal_i2c.o [4]
I2C_Slave_STOPF          0x800'1031  0x19a  Code  Lc  stm32f1xx_hal_i2c.o [4]
I2C_WaitOnSTOPRequestThroughIT
                         0x800'1507   0x46  Code  Lc  stm32f1xx_hal_i2c.o [4]
MX_GPIO_Init             0x800'1fb9  0x186  Code  Lc  main.o [2]
MX_I2C1_Init             0x800'1ecd   0x3e  Code  Lc  main.o [2]
MX_TIM2_Init             0x800'1f0b   0x76  Code  Lc  main.o [2]
MX_USART2_Init           0x800'1f81   0x38  Code  Lc  main.o [2]
MemManage_Handler        0x800'2f89    0x2  Code  Gb  stm32f1xx_it.o [2]
NMI_Handler              0x800'2f85    0x2  Code  Gb  stm32f1xx_it.o [2]
NVIC_EncodePriority      0x800'26e3   0x40  Code  Lc  stm32f1xx_hal_cortex.o [4]
PVD_IRQHandler           0x800'3119         Code  Wk  startup_stm32f103xb.o [3]
PendSV_Handler           0x800'2f93    0x2  Code  Gb  stm32f1xx_it.o [2]
PrepareExpanderTx        0x800'1df3   0x34  Code  Lc  main.o [2]
RCC_Delay                0x800'1cbb   0x26  Code  Lc  stm32f1xx_hal_rcc.o [4]
RCC_IRQHandler           0x800'3129         Code  Wk  startup_stm32f103xb.o [3]
RTC_Alarm_IRQHandler     0x800'31ad         Code  Wk  startup_stm32f103xb.o [3]
RTC_IRQHandler           0x800'3121         Code  Wk  startup_stm32f103xb.o [3]
Region$$Table$$Base      0x800'308c          --   Gb  - Linker created -
Region$$Table$$Limit     0x800'30b0          --   Gb  - Linker created -
Reset_Handler            0x800'30f1         Code  Wk  startup_stm32f103xb.o [3]
SPI1_IRQHandler          0x800'3195         Code  Wk  startup_stm32f103xb.o [3]
SPI2_IRQHandler          0x800'3199         Code  Wk  startup_stm32f103xb.o [3]
SVC_Handler              0x800'2f8f    0x2  Code  Gb  stm32f1xx_it.o [2]
SysTick_Config           0x800'2723   0x30  Code  Lc  stm32f1xx_hal_cortex.o [4]
SysTick_Handler          0x800'2f95    0x8  Code  Gb  stm32f1xx_it.o [2]
SystemClock_Config       0x800'1e5f   0x6e  Code  Gb  main.o [2]
SystemCoreClock         0x2000'0004    0x4  Data  Gb  system_stm32f1xx.o [1]
SystemInit               0x800'31b5    0x2  Code  Gb  system_stm32f1xx.o [1]
TAMPER_IRQHandler        0x800'311d         Code  Wk  startup_stm32f103xb.o [3]
TIM1_BRK_IRQHandler      0x800'3175         Code  Wk  startup_stm32f103xb.o [3]
TIM1_CC_IRQHandler       0x800'3181         Code  Wk  startup_stm32f103xb.o [3]
TIM1_TRG_COM_IRQHandler
                         0x800'317d         Code  Wk  startup_stm32f103xb.o [3]
TIM1_UP_IRQHandler       0x800'3179         Code  Wk  startup_stm32f103xb.o [3]
TIM2_IRQHandler          0x800'2f9d    0xa  Code  Gb  stm32f1xx_it.o [2]
TIM3_IRQHandler          0x800'3185         Code  Wk  startup_stm32f103xb.o [3]
TIM4_IRQHandler          0x800'3189         Code  Wk  startup_stm32f103xb.o [3]
TIM_Base_SetConfig       0x800'2b5f   0x76  Code  Gb  stm32f1xx_hal_tim.o [4]
TIM_ETR_SetConfig        0x800'2c3b   0x16  Code  Gb  stm32f1xx_hal_tim.o [4]
TIM_ITRx_SetConfig       0x800'2c2b   0x10  Code  Lc  stm32f1xx_hal_tim.o [4]
TIM_TI1_ConfigInputStage
                         0x800'2be1   0x24  Code  Lc  stm32f1xx_hal_tim.o [4]
TIM_TI2_ConfigInputStage
                         0x800'2c05   0x26  Code  Lc  stm32f1xx_hal_tim.o [4]
USART1_IRQHandler        0x800'319d         Code  Wk  startup_stm32f103xb.o [3]
USART2_IRQHandler        0x800'31a1         Code  Wk  startup_stm32f103xb.o [3]
USART3_IRQHandler        0x800'31a5         Code  Wk  startup_stm32f103xb.o [3]
USART_SetConfig          0x800'2d2f  0x17e  Code  Lc  stm32f1xx_hal_usart.o [4]
USBWakeUp_IRQHandler     0x800'31b1         Code  Wk  startup_stm32f103xb.o [3]
USB_HP_CAN1_TX_IRQHandler
                         0x800'3161         Code  Wk  startup_stm32f103xb.o [3]
USB_LP_CAN1_RX0_IRQHandler
                         0x800'3165         Code  Wk  startup_stm32f103xb.o [3]
UsageFault_Handler       0x800'2f8d    0x2  Code  Gb  stm32f1xx_it.o [2]
WWDG_IRQHandler          0x800'3115         Code  Wk  startup_stm32f103xb.o [3]
__NVIC_EnableIRQ         0x800'2699   0x1e  Code  Lc  stm32f1xx_hal_cortex.o [4]
__NVIC_GetPriorityGrouping
                         0x800'268f    0xa  Code  Lc  stm32f1xx_hal_cortex.o [4]
__NVIC_SetPriority       0x800'26b7   0x2c  Code  Lc  stm32f1xx_hal_cortex.o [4]
__NVIC_SetPriorityGrouping
                         0x800'2671   0x1e  Code  Lc  stm32f1xx_hal_cortex.o [4]
__aeabi_memset           0x800'2391         Code  Gb  ABImemset.o [6]
__cmain                  0x800'303d         Code  Gb  cmain.o [6]
__exit                   0x800'3079   0x14  Code  Gb  exit.o [7]
__iar_Memset             0x800'2391         Code  Gb  ABImemset.o [6]
__iar_Memset_word        0x800'2399         Code  Gb  ABImemset.o [6]
__iar_copy_init3         0x800'228f   0x2a  Code  Gb  copy_init3.o [6]
__iar_data_init3         0x800'3015   0x28  Code  Gb  data_init.o [6]
__iar_program_start      0x800'30b1         Code  Gb  cstartup_M.o [6]
__iar_zero_init3         0x800'2fdd   0x38  Code  Gb  zero_init3.o [6]
__low_level_init         0x800'305f    0x4  Code  Gb  low_level_init.o [5]
__vector_table           0x800'0000         Data  Gb  startup_stm32f103xb.o [3]
_call_main               0x800'3049         Code  Gb  cmain.o [6]
_exit                    0x800'3069         Code  Gb  cexit.o [6]
_exit_2                  0x800'306d         Code  Gb  cexit_2.o [6]
active_i2c_address      0x2000'00f7    0x1  Data  Lc  main.o [2]
active_rx_size          0x2000'00f8    0x1  Data  Lc  main.o [2]
exit                     0x800'3063    0x4  Code  Gb  exit.o [5]
expander16_map           0x800'2ec4   0x80  Data  Lc  main.o [2]
expander16_state        0x2000'00f4    0x2  Data  Lc  main.o [2]
expander8_map            0x800'2f44   0x40  Data  Lc  main.o [2]
expander8_state         0x2000'00f6    0x1  Data  Lc  main.o [2]
hi2c1                   0x2000'000c   0x54  Data  Gb  main.o [2]
htim2                   0x2000'0060   0x48  Data  Gb  main.o [2]
husart2                 0x2000'00a8   0x44  Data  Gb  main.o [2]
i2c_rx_buffer           0x2000'00f0    0x2  Data  Lc  main.o [2]
i2c_tx_buffer           0x2000'00f2    0x2  Data  Lc  main.o [2]
main                     0x800'1e27   0x38  Code  Gb  main.o [2]
uwTick                  0x2000'00ec    0x4  Data  Gb  stm32f1xx_hal.o [4]
uwTickFreq              0x2000'0008    0x1  Data  Gb  stm32f1xx_hal.o [4]
uwTickPrio              0x2000'0000    0x4  Data  Gb  stm32f1xx_hal.o [4]


[1] = C:\Users\User\Desktop\CBU_3.0\EWARM\ײֱ׃_סכויג ּÊ (2)\Obj\CMSIS_6603591812247902717.dir
[2] = C:\Users\User\Desktop\CBU_3.0\EWARM\ײֱ׃_סכויג ּÊ (2)\Obj\Core_13247989168731456611.dir
[3] = C:\Users\User\Desktop\CBU_3.0\EWARM\ײֱ׃_סכויג ּÊ (2)\Obj\EWARM_18443280873093131863.dir
[4] = C:\Users\User\Desktop\CBU_3.0\EWARM\ײֱ׃_סכויג ּÊ (2)\Obj\STM32F1xx_HAL_Driver_9701002599162248031.dir
[5] = dl7M_tln.a
[6] = rt7M_tl.a
[7] = shb_l.a

  12'442 bytes of readonly  code memory
     284 bytes of readonly  data memory
   1'270 bytes of readwrite data memory

Errors: none
Warnings: none
