###############################################################################
#
# IAR ELF Linker V9.70.1.475/W64 for ARM                  27/Jan/2026  12:58:16
# Copyright 2007-2025 IAR Systems AB.
#
#    Output file  =
#        C:\Users\User\Desktop\CBU_3.0\EWARM\ײֱ׃_סכויג ּÊ (2)\Exe\ײֱ׃_סכויג ּÊ
#        (2).out
#    Map file     =
#        C:\Users\User\Desktop\CBU_3.0\EWARM\ײֱ׃_סכויג ּÊ (2)\List\ײֱ׃_סכויג ּÊ
#        (2).map
#    Command line =
#        -f "C:\Users\User\Desktop\CBU_3.0\EWARM\ײֱ׃_סכויג ּÊ (2)\Exe\ײֱ׃_סכויג
#        ּÊ (2).out.rsp" ("C:\Users\User\Desktop\CBU_3.0\EWARM\ײֱ׃_סכויג ּÊ
#        (2)\Obj\Core_13247989168731456611.dir\ktv.o"
#        "C:\Users\User\Desktop\CBU_3.0\EWARM\ײֱ׃_סכויג ּÊ
#        (2)\Obj\Core_13247989168731456611.dir\main.o"
#        "C:\Users\User\Desktop\CBU_3.0\EWARM\ײֱ׃_סכויג ּÊ
#        (2)\Obj\EWARM_18443280873093131863.dir\startup_stm32f103xb.o"
#        "C:\Users\User\Desktop\CBU_3.0\EWARM\ײֱ׃_סכויג ּÊ
#        (2)\Obj\STM32F1xx_HAL_Driver_9701002599162248031.dir\stm32f1xx_hal.o"
#        "C:\Users\User\Desktop\CBU_3.0\EWARM\ײֱ׃_סכויג ּÊ
#        (2)\Obj\STM32F1xx_HAL_Driver_9701002599162248031.dir\stm32f1xx_hal_cortex.o"
#        "C:\Users\User\Desktop\CBU_3.0\EWARM\ײֱ׃_סכויג ּÊ
#        (2)\Obj\STM32F1xx_HAL_Driver_9701002599162248031.dir\stm32f1xx_hal_dma.o"
#        "C:\Users\User\Desktop\CBU_3.0\EWARM\ײֱ׃_סכויג ּÊ
#        (2)\Obj\STM32F1xx_HAL_Driver_9701002599162248031.dir\stm32f1xx_hal_exti.o"
#        "C:\Users\User\Desktop\CBU_3.0\EWARM\ײֱ׃_סכויג ּÊ
#        (2)\Obj\STM32F1xx_HAL_Driver_9701002599162248031.dir\stm32f1xx_hal_flash.o"
#        "C:\Users\User\Desktop\CBU_3.0\EWARM\ײֱ׃_סכויג ּÊ
#        (2)\Obj\STM32F1xx_HAL_Driver_9701002599162248031.dir\stm32f1xx_hal_flash_ex.o"
#        "C:\Users\User\Desktop\CBU_3.0\EWARM\ײֱ׃_סכויג ּÊ
#        (2)\Obj\STM32F1xx_HAL_Driver_9701002599162248031.dir\stm32f1xx_hal_gpio.o"
#        "C:\Users\User\Desktop\CBU_3.0\EWARM\ײֱ׃_סכויג ּÊ
#        (2)\Obj\STM32F1xx_HAL_Driver_9701002599162248031.dir\stm32f1xx_hal_gpio_ex.o"
#        "C:\Users\User\Desktop\CBU_3.0\EWARM\ײֱ׃_סכויג ּÊ
#        (2)\Obj\STM32F1xx_HAL_Driver_9701002599162248031.dir\stm32f1xx_hal_i2c.o"
#        "C:\Users\User\Desktop\CBU_3.0\EWARM\ײֱ׃_סכויג ּÊ
#        (2)\Obj\Core_13247989168731456611.dir\stm32f1xx_hal_msp.o"
#        "C:\Users\User\Desktop\CBU_3.0\EWARM\ײֱ׃_סכויג ּÊ
#        (2)\Obj\STM32F1xx_HAL_Driver_9701002599162248031.dir\stm32f1xx_hal_pwr.o"
#        "C:\Users\User\Desktop\CBU_3.0\EWARM\ײֱ׃_סכויג ּÊ
#        (2)\Obj\STM32F1xx_HAL_Driver_9701002599162248031.dir\stm32f1xx_hal_rcc.o"
#        "C:\Users\User\Desktop\CBU_3.0\EWARM\ײֱ׃_סכויג ּÊ
#        (2)\Obj\STM32F1xx_HAL_Driver_9701002599162248031.dir\stm32f1xx_hal_rcc_ex.o"
#        "C:\Users\User\Desktop\CBU_3.0\EWARM\ײֱ׃_סכויג ּÊ
#        (2)\Obj\STM32F1xx_HAL_Driver_9701002599162248031.dir\stm32f1xx_hal_tim.o"
#        "C:\Users\User\Desktop\CBU_3.0\EWARM\ײֱ׃_סכויג ּÊ
#        (2)\Obj\STM32F1xx_HAL_Driver_9701002599162248031.dir\stm32f1xx_hal_tim_ex.o"
#        "C:\Users\User\Desktop\CBU_3.0\EWARM\ײֱ׃_סכויג ּÊ
#        (2)\Obj\STM32F1xx_HAL_Driver_9701002599162248031.dir\stm32f1xx_hal_usart.o"
#        "C:\Users\User\Desktop\CBU_3.0\EWARM\ײֱ׃_סכויג ּÊ
#        (2)\Obj\Core_13247989168731456611.dir\stm32f1xx_it.o"
#        "C:\Users\User\Desktop\CBU_3.0\EWARM\ײֱ׃_סכויג ּÊ
#        (2)\Obj\CMSIS_6603591812247902717.dir\system_stm32f1xx.o"
#        --no_out_extension -o "C:\Users\User\Desktop\CBU_3.0\EWARM\ײֱ׃_סכויג
#        ּÊ (2)\Exe\ײֱ׃_סכויג ּÊ (2).out" --redirect _Printf=_PrintfFullNoMb
#        --redirect _Scanf=_ScanfFullNoMb --map
#        "C:\Users\User\Desktop\CBU_3.0\EWARM\ײֱ׃_סכויג ּÊ (2)\List\ײֱ׃_סכויג
#        ּÊ (2).map" --config
#        C:\Users\User\Desktop\CBU_3.0\EWARM/stm32f103xb_flash.icf
#        --semihosting --entry __iar_program_start --vfe --text_out locale
#        --cpu=Cortex-M3 --fpu=None) --diagnostics_format=sarif_stdout
#        --dependencies=n "C:\Users\User\Desktop\CBU_3.0\EWARM\ײֱ׃_סכויג ּÊ
#        (2)\Exe\ײֱ׃_סכויג ּÊ (2).out.iar_deps" --dynamic_output
#        "C:\Users\User\Desktop\CBU_3.0\EWARM\ײֱ׃_סכויג ּÊ (2)\Exe\ײֱ׃_סכויג ּÊ
#        (2).out.iar_dynout"
#
###############################################################################

*******************************************************************************
*** RUNTIME MODEL ATTRIBUTES
***

CppFlavor       = *
__CPP_Runtime   = 1
__SystemLibrary = DLib
__dlib_version  = 6


*******************************************************************************
*** HEAP SELECTION
***

The basic heap was selected because --advanced_heap
was not specified and the application did not appear to
be primarily optimized for speed.


*******************************************************************************
*** PLACEMENT SUMMARY
***

"A0":  place at address 0x800'0000 {  ro section .intvec };
"P1":  place in [from 0x800'0000 to 0x801'ffff] {  ro };
define block CSTACK with size = 1K, alignment = 8 { };
define block HEAP with size = 512, alignment = 8 { };
"P2":  place in [from 0x2000'0000 to 0x2000'4fff] {
           rw,  block CSTACK,  block HEAP };
initialize by copy {  rw };

  Section            Kind         Address  Alignment    Size  Object
  -------            ----         -------  ---------    ----  ------
"A0":                                                   0xec
  .intvec            ro code   0x800'0000          4    0xec  startup_stm32f103xb.o [3]
                             - 0x800'00ec               0xec

"P1":                                                 0x3afa
  .text              ro code   0x800'00ec          4  0x1484  stm32f1xx_hal_i2c.o [4]
  .text              ro code   0x800'1570          4   0x170  stm32f1xx_hal_msp.o [2]
  .text              ro code   0x800'16e0          4   0x64c  stm32f1xx_hal_rcc.o [4]
  .text              ro code   0x800'1d2c          2     0x2  stm32f1xx_hal_i2c.o [4]
  .text              ro code   0x800'1d2e          2     0x2  stm32f1xx_hal_i2c.o [4]
  .text              ro code   0x800'1d30          2     0x2  stm32f1xx_hal_i2c.o [4]
  .text              ro code   0x800'1d32          2     0x2  stm32f1xx_hal_i2c.o [4]
  .text              ro code   0x800'1d34          4   0x728  main.o [2]
  .text              ro code   0x800'245c          2     0x2  stm32f1xx_hal_i2c.o [4]
  .text              ro code   0x800'245e          2    0x2a  copy_init3.o [6]
  .text              ro code   0x800'2488          4    0xd6  stm32f1xx_hal_dma.o [4]
  .text              ro code   0x800'255e          2     0x2  stm32f1xx_hal_i2c.o [4]
  .text              ro code   0x800'2560          4    0x66  ABImemset.o [6]
  .rodata            const     0x800'25c6          2     0x2  main.o [2]
  .text              ro code   0x800'25c8          4   0x2b4  stm32f1xx_hal_gpio.o [4]
  .text              ro code   0x800'287c          4   0x154  stm32f1xx_hal_cortex.o [4]
  .text              ro code   0x800'29d0          4     0xc  stm32f1xx_hal.o [4]
  .text              ro code   0x800'29dc          4    0x4c  stm32f1xx_hal.o [4]
  .text              ro code   0x800'2a28          4    0x24  stm32f1xx_hal.o [4]
  .text              ro code   0x800'2a4c          4   0x544  ktv.o [2]
  .text              ro code   0x800'2f90          4   0x410  stm32f1xx_hal_tim.o [4]
  .text              ro code   0x800'33a0          4    0x80  stm32f1xx_hal_tim_ex.o [4]
  .text              ro code   0x800'3420          4   0x1e8  stm32f1xx_hal_usart.o [4]
  .text              ro code   0x800'3608          4   0x274  I64DivMod.o [6]
  .text              ro code   0x800'387c          4    0x22  I64Shl.o [6]
  .rodata            const     0x800'389e          2     0x2  stm32f1xx_hal_rcc.o [4]
  .text              ro code   0x800'38a0          4    0x1e  U64Shr.o [6]
  .text              ro code   0x800'38be          2     0x2  stm32f1xx_hal_tim.o [4]
  .text              ro code   0x800'38c0          2     0x2  stm32f1xx_hal_tim.o [4]
  .text              ro code   0x800'38c2          2     0x2  stm32f1xx_hal_tim.o [4]
  .text              ro code   0x800'38c4          2     0x2  stm32f1xx_hal_tim_ex.o [4]
  .text              ro code   0x800'38c6          2     0x2  stm32f1xx_hal_tim.o [4]
  .text              ro code   0x800'38c8          2     0x2  stm32f1xx_hal_tim_ex.o [4]
  .text              ro code   0x800'38cc          4     0x2  I64DivZer.o [6]
  .rodata            const     0x800'38d0          4    0x80  main.o [2]
  .text              ro code   0x800'3950          4    0x74  stm32f1xx_it.o [2]
  .text              ro code   0x800'39c4          4    0x18  stm32f1xx_hal.o [4]
  .rodata            const     0x800'39dc          4    0x40  main.o [2]
  .text              ro code   0x800'3a1c          2    0x38  zero_init3.o [6]
  .text              ro code   0x800'3a54          4    0x28  data_init.o [6]
  .text              ro code   0x800'3a7c          4    0x22  cmain.o [6]
  .text              ro code   0x800'3a9e          2     0x4  low_level_init.o [5]
  .text              ro code   0x800'3aa2          2     0x4  exit.o [5]
  .text              ro code   0x800'3aa8          4     0x4  cexit.o [6]
  .text              ro code   0x800'3aac          4     0xa  cexit_2.o [6]
  .text              ro code   0x800'3ab8          4    0x14  exit.o [7]
  .iar.init_table    const     0x800'3acc          4    0x24  - Linker created -
  .text              ro code   0x800'3af0          4    0x1e  cstartup_M.o [6]
  .rodata            const     0x800'3b10          4    0x10  stm32f1xx_hal_rcc.o [4]
  .rodata            const     0x800'3b20          4    0x10  system_stm32f1xx.o [1]
  .text              ro code   0x800'3b30          4    0x10  startup_stm32f103xb.o [3]
  Initializer bytes  const     0x800'3b40          4     0xc  <for P2-1>
  .rodata            const     0x800'3b4c          4     0x8  system_stm32f1xx.o [1]
  .text              ro code   0x800'3b54          2     0x4  startup_stm32f103xb.o [3]
  .text              ro code   0x800'3b58          2     0x4  startup_stm32f103xb.o [3]
  .text              ro code   0x800'3b5c          2     0x4  startup_stm32f103xb.o [3]
  .text              ro code   0x800'3b60          2     0x4  startup_stm32f103xb.o [3]
  .text              ro code   0x800'3b64          2     0x4  startup_stm32f103xb.o [3]
  .text              ro code   0x800'3b68          2     0x4  startup_stm32f103xb.o [3]
  .text              ro code   0x800'3b6c          2     0x4  startup_stm32f103xb.o [3]
  .text              ro code   0x800'3b70          2     0x4  startup_stm32f103xb.o [3]
  .text              ro code   0x800'3b74          2     0x4  startup_stm32f103xb.o [3]
  .text              ro code   0x800'3b78          2     0x4  startup_stm32f103xb.o [3]
  .text              ro code   0x800'3b7c          2     0x4  startup_stm32f103xb.o [3]
  .text              ro code   0x800'3b80          2     0x4  startup_stm32f103xb.o [3]
  .text              ro code   0x800'3b84          2     0x4  startup_stm32f103xb.o [3]
  .text              ro code   0x800'3b88          2     0x4  startup_stm32f103xb.o [3]
  .text              ro code   0x800'3b8c          2     0x4  startup_stm32f103xb.o [3]
  .text              ro code   0x800'3b90          2     0x4  startup_stm32f103xb.o [3]
  .text              ro code   0x800'3b94          2     0x4  startup_stm32f103xb.o [3]
  .text              ro code   0x800'3b98          2     0x4  startup_stm32f103xb.o [3]
  .text              ro code   0x800'3b9c          2     0x4  startup_stm32f103xb.o [3]
  .text              ro code   0x800'3ba0          2     0x4  startup_stm32f103xb.o [3]
  .text              ro code   0x800'3ba4          2     0x4  startup_stm32f103xb.o [3]
  .text              ro code   0x800'3ba8          2     0x4  startup_stm32f103xb.o [3]
  .text              ro code   0x800'3bac          2     0x4  startup_stm32f103xb.o [3]
  .text              ro code   0x800'3bb0          2     0x4  startup_stm32f103xb.o [3]
  .text              ro code   0x800'3bb4          2     0x4  startup_stm32f103xb.o [3]
  .text              ro code   0x800'3bb8          2     0x4  startup_stm32f103xb.o [3]
  .text              ro code   0x800'3bbc          2     0x4  startup_stm32f103xb.o [3]
  .text              ro code   0x800'3bc0          2     0x4  startup_stm32f103xb.o [3]
  .text              ro code   0x800'3bc4          2     0x4  startup_stm32f103xb.o [3]
  .text              ro code   0x800'3bc8          2     0x4  startup_stm32f103xb.o [3]
  .text              ro code   0x800'3bcc          2     0x4  startup_stm32f103xb.o [3]
  .text              ro code   0x800'3bd0          2     0x4  startup_stm32f103xb.o [3]
  .text              ro code   0x800'3bd4          2     0x4  startup_stm32f103xb.o [3]
  .text              ro code   0x800'3bd8          2     0x4  startup_stm32f103xb.o [3]
  .text              ro code   0x800'3bdc          2     0x4  startup_stm32f103xb.o [3]
  .text              ro code   0x800'3be0          2     0x4  startup_stm32f103xb.o [3]
  .text              ro code   0x800'3be4          4     0x2  system_stm32f1xx.o [1]
  .rodata            const     0x800'3be6                0x0  zero_init3.o [6]
  .rodata            const     0x800'3be6                0x0  copy_init3.o [6]
                             - 0x800'3be6             0x3afa

"P2", part 1 of 3:                                       0xc
  P2-1                        0x2000'0000          4     0x9  <Init block>
    .data            inited   0x2000'0000          4     0x4  stm32f1xx_hal.o [4]
    .data            inited   0x2000'0004          4     0x4  system_stm32f1xx.o [1]
    .data            inited   0x2000'0008                0x1  stm32f1xx_hal.o [4]
                            - 0x2000'0009                0x9

"P2", part 2 of 3:                                     0x350
  .bss               zero     0x2000'0010          8   0x1f8  ktv.o [2]
  .bss               zero     0x2000'0208          4    0x64  ktv.o [2]
  .bss               zero     0x2000'026c          4    0x54  main.o [2]
  .bss               zero     0x2000'02c0          4    0x48  main.o [2]
  .bss               zero     0x2000'0308          4    0x44  main.o [2]
  .bss               zero     0x2000'034c          4     0x4  stm32f1xx_hal.o [4]
  .bss               zero     0x2000'0350          2     0x2  main.o [2]
  .bss               zero     0x2000'0352          2     0x2  main.o [2]
  .bss               zero     0x2000'0354          2     0x2  main.o [2]
  .bss               zero     0x2000'0356                0x1  main.o [2]
  .bss               zero     0x2000'0357                0x1  main.o [2]
  .bss               zero     0x2000'0358                0x1  main.o [2]
  .bss               zero     0x2000'0359                0x1  main.o [2]
  .bss               zero     0x2000'035a                0x1  main.o [2]
  .bss               zero     0x2000'035b                0x1  main.o [2]
                            - 0x2000'035c              0x350

"P2", part 3 of 3:                                     0x400
  CSTACK                      0x2000'0360          8   0x400  <Block>
    CSTACK           uninit   0x2000'0360              0x400  <Block tail>
                            - 0x2000'0760              0x400

Unused ranges:

         From           To      Size
         ----           --      ----
   0x800'3be6   0x801'ffff  0x1'c41a
  0x2000'035c  0x2000'035f       0x4
  0x2000'0760  0x2000'4fff    0x48a0


*******************************************************************************
*** INIT TABLE
***

          Address      Size
          -------      ----
Zero (__iar_zero_init3)
    1 destination range, total size 0x34c:
          0x2000'0010  0x34c

Copy (__iar_copy_init3)
    1 source range, total size 0xc (133% of destination):
           0x800'3b40    0xc
    1 destination range, total size 0x9:
          0x2000'0000    0x9



*******************************************************************************
*** MODULE SUMMARY
***

    Module                  ro code  ro data  rw data
    ------                  -------  -------  -------
command line/config:
    -------------------------------------------------
    Total:

C:\Users\User\Desktop\CBU_3.0\EWARM\ײֱ׃_סכויג ּÊ (2)\Obj\CMSIS_6603591812247902717.dir: [1]
    system_stm32f1xx.o            2       28        4
    -------------------------------------------------
    Total:                        2       28        4

C:\Users\User\Desktop\CBU_3.0\EWARM\ײֱ׃_סכויג ּÊ (2)\Obj\Core_13247989168731456611.dir: [2]
    ktv.o                     1'348               604
    main.o                    1'832      194      236
    stm32f1xx_hal_msp.o         368
    stm32f1xx_it.o              116
    -------------------------------------------------
    Total:                    3'664      194      840

C:\Users\User\Desktop\CBU_3.0\EWARM\ײֱ׃_סכויג ּÊ (2)\Obj\EWARM_18443280873093131863.dir: [3]
    startup_stm32f103xb.o       396
    -------------------------------------------------
    Total:                      396

C:\Users\User\Desktop\CBU_3.0\EWARM\ײֱ׃_סכויג ּÊ (2)\Obj\STM32F1xx_HAL_Driver_9701002599162248031.dir: [4]
    stm32f1xx_hal.o             148        5        9
    stm32f1xx_hal_cortex.o      340
    stm32f1xx_hal_dma.o         214
    stm32f1xx_hal_gpio.o        692
    stm32f1xx_hal_i2c.o       5'264
    stm32f1xx_hal_rcc.o       1'612       18
    stm32f1xx_hal_tim.o       1'048
    stm32f1xx_hal_tim_ex.o      132
    stm32f1xx_hal_usart.o       488
    -------------------------------------------------
    Total:                    9'938       23        9

dl7M_tln.a: [5]
    exit.o                        4
    low_level_init.o              4
    -------------------------------------------------
    Total:                        8

rt7M_tl.a: [6]
    ABImemset.o                 102
    I64DivMod.o                 628
    I64DivZer.o                   2
    I64Shl.o                     34
    U64Shr.o                     30
    cexit.o                       4
    cexit_2.o                    10
    cmain.o                      34
    copy_init3.o                 42
    cstartup_M.o                 30
    data_init.o                  40
    zero_init3.o                 56
    -------------------------------------------------
    Total:                    1'012

shb_l.a: [7]
    exit.o                       20
    -------------------------------------------------
    Total:                       20

    Gaps                          6        4        4
    Linker created                        39    1'024
-----------------------------------------------------
    Grand Total:             15'046      288    1'881


*******************************************************************************
*** ENTRY LIST
***

Entry                       Address   Size  Type      Object
-----                       -------   ----  ----      ------
.iar.init_table$$Base    0x800'3acc          --   Gb  - Linker created -
.iar.init_table$$Limit   0x800'3af0          --   Gb  - Linker created -
?main                    0x800'3a7d         Code  Gb  cmain.o [6]
ADC1_2_IRQHandler        0x800'3b95         Code  Wk  startup_stm32f103xb.o [3]
AHBPrescTable            0x800'3b20   0x10  Data  Gb  system_stm32f1xx.o [1]
APBPrescTable            0x800'3b4c    0x8  Data  Gb  system_stm32f1xx.o [1]
ApplyExpander16State     0x800'1d65   0x6e  Code  Lc  main.o [2]
ApplyExpander8State      0x800'1dd3   0x3c  Code  Lc  main.o [2]
BusFault_Handler         0x800'3957    0x2  Code  Gb  stm32f1xx_it.o [2]
CAN1_RX1_IRQHandler      0x800'3ba1         Code  Wk  startup_stm32f103xb.o [3]
CAN1_SCE_IRQHandler      0x800'3ba5         Code  Wk  startup_stm32f103xb.o [3]
CSTACK$$Base            0x2000'0360          --   Gb  - Linker created -
CSTACK$$Limit           0x2000'0760          --   Gb  - Linker created -
ClearPcfIntLatch         0x800'1e8f   0x18  Code  Lc  main.o [2]
DMA1_Channel1_IRQHandler
                         0x800'3b79         Code  Wk  startup_stm32f103xb.o [3]
DMA1_Channel2_IRQHandler
                         0x800'3b7d         Code  Wk  startup_stm32f103xb.o [3]
DMA1_Channel3_IRQHandler
                         0x800'3b81         Code  Wk  startup_stm32f103xb.o [3]
DMA1_Channel4_IRQHandler
                         0x800'3b85         Code  Wk  startup_stm32f103xb.o [3]
DMA1_Channel5_IRQHandler
                         0x800'3b89         Code  Wk  startup_stm32f103xb.o [3]
DMA1_Channel6_IRQHandler
                         0x800'3b8d         Code  Wk  startup_stm32f103xb.o [3]
DMA1_Channel7_IRQHandler
                         0x800'3b91         Code  Wk  startup_stm32f103xb.o [3]
DebugMon_Handler         0x800'395d    0x2  Code  Gb  stm32f1xx_it.o [2]
EXTI0_IRQHandler         0x800'3969    0xa  Code  Gb  stm32f1xx_it.o [2]
EXTI15_10_IRQHandler     0x800'39b1   0x14  Code  Gb  stm32f1xx_it.o [2]
EXTI1_IRQHandler         0x800'3973    0xa  Code  Gb  stm32f1xx_it.o [2]
EXTI2_IRQHandler         0x800'3b6d         Code  Wk  startup_stm32f103xb.o [3]
EXTI3_IRQHandler         0x800'3b71         Code  Wk  startup_stm32f103xb.o [3]
EXTI4_IRQHandler         0x800'3b75         Code  Wk  startup_stm32f103xb.o [3]
EXTI9_5_IRQHandler       0x800'397d    0xc  Code  Gb  stm32f1xx_it.o [2]
Error_Handler            0x800'2459    0x4  Code  Gb  main.o [2]
Expander_WritePin        0x800'1d35   0x30  Code  Lc  main.o [2]
FLASH_IRQHandler         0x800'3b65         Code  Wk  startup_stm32f103xb.o [3]
HAL_DMA_Abort_IT         0x800'2489   0xb4  Code  Gb  stm32f1xx_hal_dma.o [4]
HAL_DMA_GetState         0x800'2559    0x6  Code  Gb  stm32f1xx_hal_dma.o [4]
HAL_GPIO_EXTI_Callback   0x800'239d   0x5a  Code  Gb  main.o [2]
HAL_GPIO_EXTI_IRQHandler
                         0x800'2817   0x20  Code  Gb  stm32f1xx_hal_gpio.o [4]
HAL_GPIO_Init            0x800'25c9  0x21e  Code  Gb  stm32f1xx_hal_gpio.o [4]
HAL_GPIO_ReadPin         0x800'27e7   0x16  Code  Gb  stm32f1xx_hal_gpio.o [4]
HAL_GPIO_WritePin        0x800'27fd   0x1a  Code  Gb  stm32f1xx_hal_gpio.o [4]
HAL_GetTick              0x800'29d1    0xc  Code  Wk  stm32f1xx_hal.o [4]
HAL_I2C_AbortCpltCallback
                         0x800'255f    0x2  Code  Wk  stm32f1xx_hal_i2c.o [4]
HAL_I2C_AddrCallback     0x800'2293   0x9c  Code  Gb  main.o [2]
HAL_I2C_ER_IRQHandler    0x800'0627   0xf8  Code  Gb  stm32f1xx_hal_i2c.o [4]
HAL_I2C_EV_IRQHandler    0x800'0461  0x1c6  Code  Gb  stm32f1xx_hal_i2c.o [4]
HAL_I2C_EnableListen_IT
                         0x800'041d   0x44  Code  Gb  stm32f1xx_hal_i2c.o [4]
HAL_I2C_ErrorCallback    0x800'2389   0x14  Code  Gb  main.o [2]
HAL_I2C_Init             0x800'00ed  0x1d2  Code  Gb  stm32f1xx_hal_i2c.o [4]
HAL_I2C_ListenCpltCallback
                         0x800'2375   0x14  Code  Gb  main.o [2]
HAL_I2C_MasterRxCpltCallback
                         0x800'1d33    0x2  Code  Wk  stm32f1xx_hal_i2c.o [4]
HAL_I2C_MasterTxCpltCallback
                         0x800'1d2d    0x2  Code  Wk  stm32f1xx_hal_i2c.o [4]
HAL_I2C_MemRxCpltCallback
                         0x800'1d31    0x2  Code  Wk  stm32f1xx_hal_i2c.o [4]
HAL_I2C_MemTxCpltCallback
                         0x800'1d2f    0x2  Code  Wk  stm32f1xx_hal_i2c.o [4]
HAL_I2C_MspInit          0x800'15ad   0x78  Code  Gb  stm32f1xx_hal_msp.o [2]
HAL_I2C_SlaveRxCpltCallback
                         0x800'232f   0x46  Code  Gb  main.o [2]
HAL_I2C_SlaveTxCpltCallback
                         0x800'245d    0x2  Code  Wk  stm32f1xx_hal_i2c.o [4]
HAL_I2C_Slave_Seq_Receive_IT
                         0x800'0383   0x9a  Code  Gb  stm32f1xx_hal_i2c.o [4]
HAL_I2C_Slave_Seq_Transmit_IT
                         0x800'02e9   0x9a  Code  Gb  stm32f1xx_hal_i2c.o [4]
HAL_IncTick              0x800'39c5   0x18  Code  Wk  stm32f1xx_hal.o [4]
HAL_Init                 0x800'2a29   0x20  Code  Gb  stm32f1xx_hal.o [4]
HAL_InitTick             0x800'29dd   0x4c  Code  Wk  stm32f1xx_hal.o [4]
HAL_MspInit              0x800'1571   0x3c  Code  Gb  stm32f1xx_hal_msp.o [2]
HAL_NVIC_EnableIRQ       0x800'2995    0xe  Code  Gb  stm32f1xx_hal_cortex.o [4]
HAL_NVIC_SetPriority     0x800'296b   0x2a  Code  Gb  stm32f1xx_hal_cortex.o [4]
HAL_NVIC_SetPriorityGrouping
                         0x800'295f    0xc  Code  Gb  stm32f1xx_hal_cortex.o [4]
HAL_RCC_ClockConfig      0x800'1ae1  0x14c  Code  Gb  stm32f1xx_hal_rcc.o [4]
HAL_RCC_GetHCLKFreq      0x800'1c89    0x6  Code  Gb  stm32f1xx_hal_rcc.o [4]
HAL_RCC_GetPCLK1Freq     0x800'1c8f   0x16  Code  Gb  stm32f1xx_hal_rcc.o [4]
HAL_RCC_GetPCLK2Freq     0x800'1ca5   0x16  Code  Gb  stm32f1xx_hal_rcc.o [4]
HAL_RCC_GetSysClockFreq
                         0x800'1c2d   0x5c  Code  Gb  stm32f1xx_hal_rcc.o [4]
HAL_RCC_GetSysClockFreq::aPLLMULFactorTable
                         0x800'3b10   0x10  Data  Lc  stm32f1xx_hal_rcc.o [4]
HAL_RCC_GetSysClockFreq::aPredivFactorTable
                         0x800'389e    0x2  Data  Lc  stm32f1xx_hal_rcc.o [4]
HAL_RCC_OscConfig        0x800'16e1  0x400  Code  Gb  stm32f1xx_hal_rcc.o [4]
HAL_SYSTICK_Config       0x800'29a3    0xc  Code  Gb  stm32f1xx_hal_cortex.o [4]
HAL_TIMEx_BreakCallback
                         0x800'38c5    0x2  Code  Wk  stm32f1xx_hal_tim_ex.o [4]
HAL_TIMEx_CommutCallback
                         0x800'38c9    0x2  Code  Wk  stm32f1xx_hal_tim_ex.o [4]
HAL_TIMEx_MasterConfigSynchronization
                         0x800'33a1   0x70  Code  Gb  stm32f1xx_hal_tim_ex.o [4]
HAL_TIM_Base_Init        0x800'2f91   0x6e  Code  Gb  stm32f1xx_hal_tim.o [4]
HAL_TIM_Base_MspInit     0x800'1625   0x32  Code  Gb  stm32f1xx_hal_msp.o [2]
HAL_TIM_Base_Start_IT    0x800'2fff   0x72  Code  Gb  stm32f1xx_hal_tim.o [4]
HAL_TIM_ConfigClockSource
                         0x800'31bb   0xf4  Code  Gb  stm32f1xx_hal_tim.o [4]
HAL_TIM_IC_CaptureCallback
                         0x800'38bf    0x2  Code  Wk  stm32f1xx_hal_tim.o [4]
HAL_TIM_IRQHandler       0x800'307d  0x13e  Code  Gb  stm32f1xx_hal_tim.o [4]
HAL_TIM_OC_DelayElapsedCallback
                         0x800'38c1    0x2  Code  Wk  stm32f1xx_hal_tim.o [4]
HAL_TIM_PWM_PulseFinishedCallback
                         0x800'38c3    0x2  Code  Wk  stm32f1xx_hal_tim.o [4]
HAL_TIM_PeriodElapsedCallback
                         0x800'2281   0x12  Code  Gb  main.o [2]
HAL_TIM_TriggerCallback
                         0x800'38c7    0x2  Code  Wk  stm32f1xx_hal_tim.o [4]
HAL_USART_Init           0x800'3421   0x5e  Code  Gb  stm32f1xx_hal_usart.o [4]
HAL_USART_MspInit        0x800'1657   0x6e  Code  Gb  stm32f1xx_hal_msp.o [2]
HardFault_Handler        0x800'3953    0x2  Code  Gb  stm32f1xx_it.o [2]
I2C1_ER_IRQHandler       0x800'399d    0xa  Code  Gb  stm32f1xx_it.o [2]
I2C1_EV_IRQHandler       0x800'3993    0xa  Code  Gb  stm32f1xx_it.o [2]
I2C2_ER_IRQHandler       0x800'3bc5         Code  Wk  startup_stm32f103xb.o [3]
I2C2_EV_IRQHandler       0x800'3bc1         Code  Wk  startup_stm32f103xb.o [3]
I2C_ConvertOtherXferOptions
                         0x800'1555   0x1c  Code  Lc  stm32f1xx_hal_i2c.o [4]
I2C_DMAAbort             0x800'1411   0xf6  Code  Lc  stm32f1xx_hal_i2c.o [4]
I2C_Flush_DR             0x800'02bf   0x10  Code  Lc  stm32f1xx_hal_i2c.o [4]
I2C_ITError              0x800'1275  0x196  Code  Lc  stm32f1xx_hal_i2c.o [4]
I2C_MasterReceive_BTF    0x800'0a87  0x132  Code  Lc  stm32f1xx_hal_i2c.o [4]
I2C_MasterReceive_RXNE   0x800'0985  0x102  Code  Lc  stm32f1xx_hal_i2c.o [4]
I2C_MasterTransmit_BTF   0x800'0807   0xa4  Code  Lc  stm32f1xx_hal_i2c.o [4]
I2C_MasterTransmit_TXE   0x800'071f   0xe8  Code  Lc  stm32f1xx_hal_i2c.o [4]
I2C_Master_ADD10         0x800'0c6b   0x32  Code  Lc  stm32f1xx_hal_i2c.o [4]
I2C_Master_ADDR          0x800'0c9d  0x258  Code  Lc  stm32f1xx_hal_i2c.o [4]
I2C_Master_SB            0x800'0bb9   0xb2  Code  Lc  stm32f1xx_hal_i2c.o [4]
I2C_MemoryTransmit_TXE_BTF
                         0x800'08ab   0xda  Code  Lc  stm32f1xx_hal_i2c.o [4]
I2C_SlaveReceive_BTF     0x800'0faf   0x1c  Code  Lc  stm32f1xx_hal_i2c.o [4]
I2C_SlaveReceive_RXNE    0x800'0f61   0x4e  Code  Lc  stm32f1xx_hal_i2c.o [4]
I2C_SlaveTransmit_BTF    0x800'0f45   0x1c  Code  Lc  stm32f1xx_hal_i2c.o [4]
I2C_SlaveTransmit_TXE    0x800'0ef7   0x4e  Code  Lc  stm32f1xx_hal_i2c.o [4]
I2C_Slave_ADDR           0x800'0fcb   0x66  Code  Lc  stm32f1xx_hal_i2c.o [4]
I2C_Slave_AF             0x800'11cb   0xaa  Code  Lc  stm32f1xx_hal_i2c.o [4]
I2C_Slave_STOPF          0x800'1031  0x19a  Code  Lc  stm32f1xx_hal_i2c.o [4]
I2C_WaitOnSTOPRequestThroughIT
                         0x800'1507   0x46  Code  Lc  stm32f1xx_hal_i2c.o [4]
Ktv_ClearResults         0x800'2d0d   0x46  Code  Lc  ktv.o [2]
Ktv_GetProfile           0x800'2c37   0xd6  Code  Lc  ktv.o [2]
Ktv_Init                 0x800'2a4d   0x48  Code  Gb  ktv.o [2]
Ktv_Process              0x800'2bf9   0x3e  Code  Gb  ktv.o [2]
Ktv_ProcessProfile       0x800'2d53  0x22c  Code  Lc  ktv.o [2]
Ktv_Start                0x800'2a95   0x36  Code  Lc  ktv.o [2]
Ktv_TickISR              0x800'2acb  0x12e  Code  Gb  ktv.o [2]
MX_GPIO_Init             0x800'206f  0x212  Code  Lc  main.o [2]
MX_I2C1_Init             0x800'1f7d   0x3e  Code  Lc  main.o [2]
MX_TIM2_Init             0x800'1fbb   0x78  Code  Lc  main.o [2]
MX_USART2_Init           0x800'2033   0x3c  Code  Lc  main.o [2]
MemManage_Handler        0x800'3955    0x2  Code  Gb  stm32f1xx_it.o [2]
NMI_Handler              0x800'3951    0x2  Code  Gb  stm32f1xx_it.o [2]
NVIC_EncodePriority      0x800'28ef   0x40  Code  Lc  stm32f1xx_hal_cortex.o [4]
PVD_IRQHandler           0x800'3b59         Code  Wk  startup_stm32f103xb.o [3]
PendSV_Handler           0x800'395f    0x2  Code  Gb  stm32f1xx_it.o [2]
PrepareExpanderTx        0x800'1e0f   0x6c  Code  Lc  main.o [2]
RCC_Delay                0x800'1cbb   0x26  Code  Lc  stm32f1xx_hal_rcc.o [4]
RCC_IRQHandler           0x800'3b69         Code  Wk  startup_stm32f103xb.o [3]
RTC_Alarm_IRQHandler     0x800'3bdd         Code  Wk  startup_stm32f103xb.o [3]
RTC_IRQHandler           0x800'3b61         Code  Wk  startup_stm32f103xb.o [3]
Region$$Table$$Base      0x800'3acc          --   Gb  - Linker created -
Region$$Table$$Limit     0x800'3af0          --   Gb  - Linker created -
Reset_Handler            0x800'3b31         Code  Wk  startup_stm32f103xb.o [3]
SPI1_IRQHandler          0x800'3bc9         Code  Wk  startup_stm32f103xb.o [3]
SPI2_IRQHandler          0x800'3bcd         Code  Wk  startup_stm32f103xb.o [3]
SVC_Handler              0x800'395b    0x2  Code  Gb  stm32f1xx_it.o [2]
SetPcfIntLevel           0x800'1e7b   0x14  Code  Lc  main.o [2]
SysTick_Config           0x800'292f   0x30  Code  Lc  stm32f1xx_hal_cortex.o [4]
SysTick_Handler          0x800'3961    0x8  Code  Gb  stm32f1xx_it.o [2]
SystemClock_Config       0x800'1f0f   0x6e  Code  Gb  main.o [2]
SystemCoreClock         0x2000'0004    0x4  Data  Gb  system_stm32f1xx.o [1]
SystemInit               0x800'3be5    0x2  Code  Gb  system_stm32f1xx.o [1]
TAMPER_IRQHandler        0x800'3b5d         Code  Wk  startup_stm32f103xb.o [3]
TIM1_BRK_IRQHandler      0x800'3ba9         Code  Wk  startup_stm32f103xb.o [3]
TIM1_CC_IRQHandler       0x800'3bb5         Code  Wk  startup_stm32f103xb.o [3]
TIM1_TRG_COM_IRQHandler
                         0x800'3bb1         Code  Wk  startup_stm32f103xb.o [3]
TIM1_UP_IRQHandler       0x800'3bad         Code  Wk  startup_stm32f103xb.o [3]
TIM2_IRQHandler          0x800'3989    0xa  Code  Gb  stm32f1xx_it.o [2]
TIM3_IRQHandler          0x800'3bb9         Code  Wk  startup_stm32f103xb.o [3]
TIM4_IRQHandler          0x800'3bbd         Code  Wk  startup_stm32f103xb.o [3]
TIM_Base_SetConfig       0x800'32af   0x76  Code  Gb  stm32f1xx_hal_tim.o [4]
TIM_ETR_SetConfig        0x800'338b   0x16  Code  Gb  stm32f1xx_hal_tim.o [4]
TIM_ITRx_SetConfig       0x800'337b   0x10  Code  Lc  stm32f1xx_hal_tim.o [4]
TIM_TI1_ConfigInputStage
                         0x800'3331   0x24  Code  Lc  stm32f1xx_hal_tim.o [4]
TIM_TI2_ConfigInputStage
                         0x800'3355   0x26  Code  Lc  stm32f1xx_hal_tim.o [4]
USART1_IRQHandler        0x800'3bd1         Code  Wk  startup_stm32f103xb.o [3]
USART2_IRQHandler        0x800'3bd5         Code  Wk  startup_stm32f103xb.o [3]
USART3_IRQHandler        0x800'3bd9         Code  Wk  startup_stm32f103xb.o [3]
USART_SetConfig          0x800'347f  0x17e  Code  Lc  stm32f1xx_hal_usart.o [4]
USBWakeUp_IRQHandler     0x800'3be1         Code  Wk  startup_stm32f103xb.o [3]
USB_HP_CAN1_TX_IRQHandler
                         0x800'3b99         Code  Wk  startup_stm32f103xb.o [3]
USB_LP_CAN1_RX0_IRQHandler
                         0x800'3b9d         Code  Wk  startup_stm32f103xb.o [3]
UsageFault_Handler       0x800'3959    0x2  Code  Gb  stm32f1xx_it.o [2]
WWDG_IRQHandler          0x800'3b55         Code  Wk  startup_stm32f103xb.o [3]
__NVIC_EnableIRQ         0x800'28a5   0x1e  Code  Lc  stm32f1xx_hal_cortex.o [4]
__NVIC_GetPriorityGrouping
                         0x800'289b    0xa  Code  Lc  stm32f1xx_hal_cortex.o [4]
__NVIC_SetPriority       0x800'28c3   0x2c  Code  Lc  stm32f1xx_hal_cortex.o [4]
__NVIC_SetPriorityGrouping
                         0x800'287d   0x1e  Code  Lc  stm32f1xx_hal_cortex.o [4]
__aeabi_ldiv0            0x800'38cd         Code  Gb  I64DivZer.o [6]
__aeabi_ldivmod          0x800'3609         Code  Gb  I64DivMod.o [6]
__aeabi_llsl             0x800'387d         Code  Gb  I64Shl.o [6]
__aeabi_llsr             0x800'38a1         Code  Gb  U64Shr.o [6]
__aeabi_memset           0x800'2561         Code  Gb  ABImemset.o [6]
__aeabi_uldivmod         0x800'364d         Code  Gb  I64DivMod.o [6]
__cmain                  0x800'3a7d         Code  Gb  cmain.o [6]
__exit                   0x800'3ab9   0x14  Code  Gb  exit.o [7]
__iar_Memset             0x800'2561         Code  Gb  ABImemset.o [6]
__iar_Memset_word        0x800'2569         Code  Gb  ABImemset.o [6]
__iar_copy_init3         0x800'245f   0x2a  Code  Gb  copy_init3.o [6]
__iar_data_init3         0x800'3a55   0x28  Code  Gb  data_init.o [6]
__iar_program_start      0x800'3af1         Code  Gb  cstartup_M.o [6]
__iar_zero_init3         0x800'3a1d   0x38  Code  Gb  zero_init3.o [6]
__low_level_init         0x800'3a9f    0x4  Code  Gb  low_level_init.o [5]
__vector_table           0x800'0000         Data  Gb  startup_stm32f103xb.o [3]
_call_main               0x800'3a89         Code  Gb  cmain.o [6]
_exit                    0x800'3aa9         Code  Gb  cexit.o [6]
_exit_2                  0x800'3aad         Code  Gb  cexit_2.o [6]
active_i2c_address      0x2000'0357    0x1  Data  Lc  main.o [2]
active_rx_size          0x2000'035b    0x1  Data  Lc  main.o [2]
exit                     0x800'3aa3    0x4  Code  Gb  exit.o [5]
expander16_input_mask    0x800'25c6    0x2  Data  Lc  main.o [2]
expander16_map           0x800'38d0   0x80  Data  Lc  main.o [2]
expander16_state        0x2000'0354    0x2  Data  Lc  main.o [2]
expander8_map            0x800'39dc   0x40  Data  Lc  main.o [2]
expander8_state         0x2000'0356    0x1  Data  Lc  main.o [2]
g_ktv                   0x2000'0010  0x1f8  Data  Lc  ktv.o [2]
g_result                0x2000'0208   0x64  Data  Lc  ktv.o [2]
hi2c1                   0x2000'026c   0x54  Data  Gb  main.o [2]
htim2                   0x2000'02c0   0x48  Data  Gb  main.o [2]
husart2                 0x2000'0308   0x44  Data  Gb  main.o [2]
i2c_rx_buffer           0x2000'0350    0x2  Data  Lc  main.o [2]
i2c_tx_buffer           0x2000'0352    0x2  Data  Lc  main.o [2]
main                     0x800'1ea7   0x68  Code  Gb  main.o [2]
pcf_int_latched         0x2000'035a    0x1  Data  Lc  main.o [2]
sd_sw_last_state        0x2000'0358    0x1  Data  Lc  main.o [2]
sd_sw_return_state      0x2000'0359    0x1  Data  Lc  main.o [2]
uwTick                  0x2000'034c    0x4  Data  Gb  stm32f1xx_hal.o [4]
uwTickFreq              0x2000'0008    0x1  Data  Gb  stm32f1xx_hal.o [4]
uwTickPrio              0x2000'0000    0x4  Data  Gb  stm32f1xx_hal.o [4]


[1] = C:\Users\User\Desktop\CBU_3.0\EWARM\ײֱ׃_סכויג ּÊ (2)\Obj\CMSIS_6603591812247902717.dir
[2] = C:\Users\User\Desktop\CBU_3.0\EWARM\ײֱ׃_סכויג ּÊ (2)\Obj\Core_13247989168731456611.dir
[3] = C:\Users\User\Desktop\CBU_3.0\EWARM\ײֱ׃_סכויג ּÊ (2)\Obj\EWARM_18443280873093131863.dir
[4] = C:\Users\User\Desktop\CBU_3.0\EWARM\ײֱ׃_סכויג ּÊ (2)\Obj\STM32F1xx_HAL_Driver_9701002599162248031.dir
[5] = dl7M_tln.a
[6] = rt7M_tl.a
[7] = shb_l.a

  15'046 bytes of readonly  code memory
     288 bytes of readonly  data memory
   1'881 bytes of readwrite data memory

Errors: none
Warnings: none
