###############################################################################
#
# IAR ELF Linker V9.70.1.475/W64 for ARM                  28/Jan/2026  16:12:44
# Copyright 2007-2025 IAR Systems AB.
#
#    Output file  =
#        C:\Users\User\Desktop\CBU_3.0\EWARM\ײֱ׃_סכויג ּÊ (2)\Exe\ײֱ׃_סכויג ּÊ
#        (2).out
#    Map file     =
#        C:\Users\User\Desktop\CBU_3.0\EWARM\ײֱ׃_סכויג ּÊ (2)\List\ײֱ׃_סכויג ּÊ
#        (2).map
#    Command line =
#        -f "C:\Users\User\Desktop\CBU_3.0\EWARM\ײֱ׃_סכויג ּÊ (2)\Exe\ײֱ׃_סכויג
#        ּÊ (2).out.rsp" ("C:\Users\User\Desktop\CBU_3.0\EWARM\ײֱ׃_סכויג ּÊ
#        (2)\Obj\Core_13247989168731456611.dir\ktv.o"
#        "C:\Users\User\Desktop\CBU_3.0\EWARM\ײֱ׃_סכויג ּÊ
#        (2)\Obj\Core_13247989168731456611.dir\main.o"
#        "C:\Users\User\Desktop\CBU_3.0\EWARM\ײֱ׃_סכויג ּÊ
#        (2)\Obj\Core_13247989168731456611.dir\mbcrc.o"
#        "C:\Users\User\Desktop\CBU_3.0\EWARM\ײֱ׃_סכויג ּÊ
#        (2)\Obj\EWARM_18443280873093131863.dir\startup_stm32f103xb.o"
#        "C:\Users\User\Desktop\CBU_3.0\EWARM\ײֱ׃_סכויג ּÊ
#        (2)\Obj\STM32F1xx_HAL_Driver_9701002599162248031.dir\stm32f1xx_hal.o"
#        "C:\Users\User\Desktop\CBU_3.0\EWARM\ײֱ׃_סכויג ּÊ
#        (2)\Obj\STM32F1xx_HAL_Driver_9701002599162248031.dir\stm32f1xx_hal_cortex.o"
#        "C:\Users\User\Desktop\CBU_3.0\EWARM\ײֱ׃_סכויג ּÊ
#        (2)\Obj\STM32F1xx_HAL_Driver_9701002599162248031.dir\stm32f1xx_hal_dma.o"
#        "C:\Users\User\Desktop\CBU_3.0\EWARM\ײֱ׃_סכויג ּÊ
#        (2)\Obj\STM32F1xx_HAL_Driver_9701002599162248031.dir\stm32f1xx_hal_exti.o"
#        "C:\Users\User\Desktop\CBU_3.0\EWARM\ײֱ׃_סכויג ּÊ
#        (2)\Obj\STM32F1xx_HAL_Driver_9701002599162248031.dir\stm32f1xx_hal_flash.o"
#        "C:\Users\User\Desktop\CBU_3.0\EWARM\ײֱ׃_סכויג ּÊ
#        (2)\Obj\STM32F1xx_HAL_Driver_9701002599162248031.dir\stm32f1xx_hal_flash_ex.o"
#        "C:\Users\User\Desktop\CBU_3.0\EWARM\ײֱ׃_סכויג ּÊ
#        (2)\Obj\STM32F1xx_HAL_Driver_9701002599162248031.dir\stm32f1xx_hal_gpio.o"
#        "C:\Users\User\Desktop\CBU_3.0\EWARM\ײֱ׃_סכויג ּÊ
#        (2)\Obj\STM32F1xx_HAL_Driver_9701002599162248031.dir\stm32f1xx_hal_gpio_ex.o"
#        "C:\Users\User\Desktop\CBU_3.0\EWARM\ײֱ׃_סכויג ּÊ
#        (2)\Obj\STM32F1xx_HAL_Driver_9701002599162248031.dir\stm32f1xx_hal_i2c.o"
#        "C:\Users\User\Desktop\CBU_3.0\EWARM\ײֱ׃_סכויג ּÊ
#        (2)\Obj\Core_13247989168731456611.dir\stm32f1xx_hal_msp.o"
#        "C:\Users\User\Desktop\CBU_3.0\EWARM\ײֱ׃_סכויג ּÊ
#        (2)\Obj\STM32F1xx_HAL_Driver_9701002599162248031.dir\stm32f1xx_hal_pwr.o"
#        "C:\Users\User\Desktop\CBU_3.0\EWARM\ײֱ׃_סכויג ּÊ
#        (2)\Obj\STM32F1xx_HAL_Driver_9701002599162248031.dir\stm32f1xx_hal_rcc.o"
#        "C:\Users\User\Desktop\CBU_3.0\EWARM\ײֱ׃_סכויג ּÊ
#        (2)\Obj\STM32F1xx_HAL_Driver_9701002599162248031.dir\stm32f1xx_hal_rcc_ex.o"
#        "C:\Users\User\Desktop\CBU_3.0\EWARM\ײֱ׃_סכויג ּÊ
#        (2)\Obj\STM32F1xx_HAL_Driver_9701002599162248031.dir\stm32f1xx_hal_tim.o"
#        "C:\Users\User\Desktop\CBU_3.0\EWARM\ײֱ׃_סכויג ּÊ
#        (2)\Obj\STM32F1xx_HAL_Driver_9701002599162248031.dir\stm32f1xx_hal_tim_ex.o"
#        "C:\Users\User\Desktop\CBU_3.0\EWARM\ײֱ׃_סכויג ּÊ
#        (2)\Obj\STM32F1xx_HAL_Driver_9701002599162248031.dir\stm32f1xx_hal_usart.o"
#        "C:\Users\User\Desktop\CBU_3.0\EWARM\ײֱ׃_סכויג ּÊ
#        (2)\Obj\Core_13247989168731456611.dir\stm32f1xx_it.o"
#        "C:\Users\User\Desktop\CBU_3.0\EWARM\ײֱ׃_סכויג ּÊ
#        (2)\Obj\CMSIS_6603591812247902717.dir\system_stm32f1xx.o"
#        --no_out_extension -o "C:\Users\User\Desktop\CBU_3.0\EWARM\ײֱ׃_סכויג
#        ּÊ (2)\Exe\ײֱ׃_סכויג ּÊ (2).out" --redirect _Printf=_PrintfFullNoMb
#        --redirect _Scanf=_ScanfFullNoMb --map
#        "C:\Users\User\Desktop\CBU_3.0\EWARM\ײֱ׃_סכויג ּÊ (2)\List\ײֱ׃_סכויג
#        ּÊ (2).map" --config
#        C:\Users\User\Desktop\CBU_3.0\EWARM/stm32f103xb_flash.icf
#        --semihosting --entry __iar_program_start --vfe --text_out locale
#        --cpu=Cortex-M3 --fpu=None) --diagnostics_format=sarif_stdout
#        --dependencies=n "C:\Users\User\Desktop\CBU_3.0\EWARM\ײֱ׃_סכויג ּÊ
#        (2)\Exe\ײֱ׃_סכויג ּÊ (2).out.iar_deps" --dynamic_output
#        "C:\Users\User\Desktop\CBU_3.0\EWARM\ײֱ׃_סכויג ּÊ (2)\Exe\ײֱ׃_סכויג ּÊ
#        (2).out.iar_dynout"
#
###############################################################################

*******************************************************************************
*** RUNTIME MODEL ATTRIBUTES
***

CppFlavor       = *
__CPP_Runtime   = 1
__SystemLibrary = DLib
__dlib_version  = 6


*******************************************************************************
*** HEAP SELECTION
***

The basic heap was selected because --advanced_heap
was not specified and the application did not appear to
be primarily optimized for speed.


*******************************************************************************
*** PLACEMENT SUMMARY
***

"A0":  place at address 0x800'0000 {  ro section .intvec };
"P1":  place in [from 0x800'0000 to 0x801'ffff] {  ro };
define block CSTACK with size = 1K, alignment = 8 { };
define block HEAP with size = 512, alignment = 8 { };
"P2":  place in [from 0x2000'0000 to 0x2000'4fff] {
           rw,  block CSTACK,  block HEAP };
initialize by copy {  rw };

  Section            Kind         Address  Alignment    Size  Object
  -------            ----         -------  ---------    ----  ------
"A0":                                                   0xec
  .intvec            ro code   0x800'0000          4    0xec  startup_stm32f103xb.o [3]
                             - 0x800'00ec               0xec

"P1":                                                 0x4116
  .text              ro code   0x800'00ec          4  0x1484  stm32f1xx_hal_i2c.o [4]
  .text              ro code   0x800'1570          4   0x1a4  stm32f1xx_hal_msp.o [2]
  .text              ro code   0x800'1714          4   0x64c  stm32f1xx_hal_rcc.o [4]
  .text              ro code   0x800'1d60          2     0x2  stm32f1xx_hal_i2c.o [4]
  .text              ro code   0x800'1d62          2     0x2  stm32f1xx_hal_i2c.o [4]
  .text              ro code   0x800'1d64          2     0x2  stm32f1xx_hal_i2c.o [4]
  .text              ro code   0x800'1d66          2     0x2  stm32f1xx_hal_i2c.o [4]
  .text              ro code   0x800'1d68          4   0xcf4  main.o [2]
  .text              ro code   0x800'2a5c          2     0x2  stm32f1xx_hal_i2c.o [4]
  .text              ro code   0x800'2a5e          2    0x2a  copy_init3.o [6]
  .text              ro code   0x800'2a88          4    0xd6  stm32f1xx_hal_dma.o [4]
  .text              ro code   0x800'2b5e          2     0x2  stm32f1xx_hal_i2c.o [4]
  .text              ro code   0x800'2b60          4    0x66  ABImemset.o [6]
  .rodata            const     0x800'2bc6          2     0x2  main.o [2]
  .text              ro code   0x800'2bc8          4   0x2b4  stm32f1xx_hal_gpio.o [4]
  .text              ro code   0x800'2e7c          4   0x154  stm32f1xx_hal_cortex.o [4]
  .text              ro code   0x800'2fd0          4     0xc  stm32f1xx_hal.o [4]
  .text              ro code   0x800'2fdc          4    0x4c  stm32f1xx_hal.o [4]
  .text              ro code   0x800'3028          4    0x24  stm32f1xx_hal.o [4]
  .text              ro code   0x800'304c          4   0x544  ktv.o [2]
  .text              ro code   0x800'3590          4   0x410  stm32f1xx_hal_tim.o [4]
  .text              ro code   0x800'39a0          4    0x80  stm32f1xx_hal_tim_ex.o [4]
  .text              ro code   0x800'3a20          4   0x1e8  stm32f1xx_hal_usart.o [4]
  .text              ro code   0x800'3c08          4   0x274  I64DivMod.o [6]
  .text              ro code   0x800'3e7c          4    0x22  I64Shl.o [6]
  .rodata            const     0x800'3e9e          2     0x2  stm32f1xx_hal_rcc.o [4]
  .text              ro code   0x800'3ea0          4    0x1e  U64Shr.o [6]
  .text              ro code   0x800'3ebe          2     0x2  stm32f1xx_hal_tim.o [4]
  .text              ro code   0x800'3ec0          2     0x2  stm32f1xx_hal_tim.o [4]
  .text              ro code   0x800'3ec2          2     0x2  stm32f1xx_hal_tim.o [4]
  .text              ro code   0x800'3ec4          2     0x2  stm32f1xx_hal_tim_ex.o [4]
  .text              ro code   0x800'3ec6          2     0x2  stm32f1xx_hal_tim.o [4]
  .text              ro code   0x800'3ec8          2     0x2  stm32f1xx_hal_tim_ex.o [4]
  .text              ro code   0x800'3ecc          4     0x2  I64DivZer.o [6]
  .text              ro code   0x800'3ed0          4    0x94  stm32f1xx_it.o [2]
  .text              ro code   0x800'3f64          4    0x18  stm32f1xx_hal.o [4]
  .rodata            const     0x800'3f7c          4    0x80  main.o [2]
  .rodata            const     0x800'3ffc          4    0x40  main.o [2]
  .text              ro code   0x800'403c          2    0x38  zero_init3.o [6]
  .text              ro code   0x800'4074          4    0x28  data_init.o [6]
  .text              ro code   0x800'409c          4    0x22  cmain.o [6]
  .text              ro code   0x800'40be          2     0x4  low_level_init.o [5]
  .text              ro code   0x800'40c2          2     0x4  exit.o [5]
  .text              ro code   0x800'40c8          4     0x4  cexit.o [6]
  .text              ro code   0x800'40cc          4     0xa  cexit_2.o [6]
  .text              ro code   0x800'40d8          4    0x14  exit.o [7]
  .iar.init_table    const     0x800'40ec          4    0x24  - Linker created -
  .text              ro code   0x800'4110          4    0x1e  cstartup_M.o [6]
  .rodata            const     0x800'4130          4    0x10  stm32f1xx_hal_rcc.o [4]
  .rodata            const     0x800'4140          4    0x10  system_stm32f1xx.o [1]
  .text              ro code   0x800'4150          4    0x10  startup_stm32f103xb.o [3]
  Initializer bytes  const     0x800'4160          4     0xc  <for P2-1>
  .rodata            const     0x800'416c          4     0x8  system_stm32f1xx.o [1]
  .text              ro code   0x800'4174          2     0x4  startup_stm32f103xb.o [3]
  .text              ro code   0x800'4178          2     0x4  startup_stm32f103xb.o [3]
  .text              ro code   0x800'417c          2     0x4  startup_stm32f103xb.o [3]
  .text              ro code   0x800'4180          2     0x4  startup_stm32f103xb.o [3]
  .text              ro code   0x800'4184          2     0x4  startup_stm32f103xb.o [3]
  .text              ro code   0x800'4188          2     0x4  startup_stm32f103xb.o [3]
  .text              ro code   0x800'418c          2     0x4  startup_stm32f103xb.o [3]
  .text              ro code   0x800'4190          2     0x4  startup_stm32f103xb.o [3]
  .text              ro code   0x800'4194          2     0x4  startup_stm32f103xb.o [3]
  .text              ro code   0x800'4198          2     0x4  startup_stm32f103xb.o [3]
  .text              ro code   0x800'419c          2     0x4  startup_stm32f103xb.o [3]
  .text              ro code   0x800'41a0          2     0x4  startup_stm32f103xb.o [3]
  .text              ro code   0x800'41a4          2     0x4  startup_stm32f103xb.o [3]
  .text              ro code   0x800'41a8          2     0x4  startup_stm32f103xb.o [3]
  .text              ro code   0x800'41ac          2     0x4  startup_stm32f103xb.o [3]
  .text              ro code   0x800'41b0          2     0x4  startup_stm32f103xb.o [3]
  .text              ro code   0x800'41b4          2     0x4  startup_stm32f103xb.o [3]
  .text              ro code   0x800'41b8          2     0x4  startup_stm32f103xb.o [3]
  .text              ro code   0x800'41bc          2     0x4  startup_stm32f103xb.o [3]
  .text              ro code   0x800'41c0          2     0x4  startup_stm32f103xb.o [3]
  .text              ro code   0x800'41c4          2     0x4  startup_stm32f103xb.o [3]
  .text              ro code   0x800'41c8          2     0x4  startup_stm32f103xb.o [3]
  .text              ro code   0x800'41cc          2     0x4  startup_stm32f103xb.o [3]
  .text              ro code   0x800'41d0          2     0x4  startup_stm32f103xb.o [3]
  .text              ro code   0x800'41d4          2     0x4  startup_stm32f103xb.o [3]
  .text              ro code   0x800'41d8          2     0x4  startup_stm32f103xb.o [3]
  .text              ro code   0x800'41dc          2     0x4  startup_stm32f103xb.o [3]
  .text              ro code   0x800'41e0          2     0x4  startup_stm32f103xb.o [3]
  .text              ro code   0x800'41e4          2     0x4  startup_stm32f103xb.o [3]
  .text              ro code   0x800'41e8          2     0x4  startup_stm32f103xb.o [3]
  .text              ro code   0x800'41ec          2     0x4  startup_stm32f103xb.o [3]
  .text              ro code   0x800'41f0          2     0x4  startup_stm32f103xb.o [3]
  .text              ro code   0x800'41f4          2     0x4  startup_stm32f103xb.o [3]
  .text              ro code   0x800'41f8          2     0x4  startup_stm32f103xb.o [3]
  .text              ro code   0x800'41fc          2     0x4  startup_stm32f103xb.o [3]
  .text              ro code   0x800'4200          4     0x2  system_stm32f1xx.o [1]
  .rodata            const     0x800'4202                0x0  zero_init3.o [6]
  .rodata            const     0x800'4202                0x0  copy_init3.o [6]
                             - 0x800'4202             0x4116

"P2", part 1 of 3:                                       0xc
  P2-1                        0x2000'0000          4     0x9  <Init block>
    .data            inited   0x2000'0000          4     0x4  stm32f1xx_hal.o [4]
    .data            inited   0x2000'0004          4     0x4  system_stm32f1xx.o [1]
    .data            inited   0x2000'0008                0x1  stm32f1xx_hal.o [4]
                            - 0x2000'0009                0x9

"P2", part 2 of 3:                                     0x4b0
  .bss               zero     0x2000'0010          8   0x1f8  ktv.o [2]
  .bss               zero     0x2000'0208          4    0xfc  main.o [2]
  .bss               zero     0x2000'0304          4    0x64  ktv.o [2]
  .bss               zero     0x2000'0368          4    0x54  main.o [2]
  .bss               zero     0x2000'03bc          4    0x48  main.o [2]
  .bss               zero     0x2000'0404          4    0x48  main.o [2]
  .bss               zero     0x2000'044c          4    0x44  main.o [2]
  .bss               zero     0x2000'0490          4     0x4  main.o [2]
  .bss               zero     0x2000'0494          4     0x4  stm32f1xx_hal.o [4]
  .bss               zero     0x2000'0498          2     0x2  main.o [2]
  .bss               zero     0x2000'049a          2     0x2  main.o [2]
  .bss               zero     0x2000'049c          2     0x2  main.o [2]
  .bss               zero     0x2000'049e          2     0x2  main.o [2]
  .bss               zero     0x2000'04a0          2     0x2  main.o [2]
  .bss               zero     0x2000'04a2                0x1  main.o [2]
  .bss               zero     0x2000'04a3                0x1  main.o [2]
  .bss               zero     0x2000'04a4                0x1  main.o [2]
  .bss               zero     0x2000'04a5                0x1  main.o [2]
  .bss               zero     0x2000'04a6                0x1  main.o [2]
  .bss               zero     0x2000'04a7                0x1  main.o [2]
  .bss               zero     0x2000'04a8                0x1  main.o [2]
  .bss               zero     0x2000'04a9                0x1  main.o [2]
  .bss               zero     0x2000'04aa                0x1  main.o [2]
  .bss               zero     0x2000'04ab                0x1  main.o [2]
  .bss               zero     0x2000'04ac                0x1  main.o [2]
  .bss               zero     0x2000'04ad                0x1  main.o [2]
  .bss               zero     0x2000'04ae                0x1  main.o [2]
  .bss               zero     0x2000'04af                0x1  main.o [2]
  .bss               zero     0x2000'04b0                0x1  main.o [2]
  .bss               zero     0x2000'04b1                0x1  main.o [2]
  .bss               zero     0x2000'04b2                0x1  main.o [2]
  .bss               zero     0x2000'04b3                0x1  main.o [2]
  .bss               zero     0x2000'04b4                0x1  main.o [2]
  .bss               zero     0x2000'04b5                0x1  main.o [2]
  .bss               zero     0x2000'04b6                0x1  main.o [2]
  .bss               zero     0x2000'04b7                0x1  main.o [2]
  .bss               zero     0x2000'04b8                0x1  main.o [2]
                            - 0x2000'04b9              0x4ad

"P2", part 3 of 3:                                     0x400
  CSTACK                      0x2000'04c0          8   0x400  <Block>
    CSTACK           uninit   0x2000'04c0              0x400  <Block tail>
                            - 0x2000'08c0              0x400

Unused ranges:

         From           To      Size
         ----           --      ----
   0x800'4202   0x801'ffff  0x1'bdfe
  0x2000'04bc  0x2000'04bf       0x4
  0x2000'08c0  0x2000'4fff    0x4740


*******************************************************************************
*** INIT TABLE
***

          Address      Size
          -------      ----
Zero (__iar_zero_init3)
    1 destination range, total size 0x4a9:
          0x2000'0010  0x4a9

Copy (__iar_copy_init3)
    1 source range, total size 0xc (133% of destination):
           0x800'4160    0xc
    1 destination range, total size 0x9:
          0x2000'0000    0x9



*******************************************************************************
*** MODULE SUMMARY
***

    Module                  ro code  ro data  rw data
    ------                  -------  -------  -------
command line/config:
    -------------------------------------------------
    Total:

C:\Users\User\Desktop\CBU_3.0\EWARM\ײֱ׃_סכויג ּÊ (2)\Obj\CMSIS_6603591812247902717.dir: [1]
    system_stm32f1xx.o            2       28        4
    -------------------------------------------------
    Total:                        2       28        4

C:\Users\User\Desktop\CBU_3.0\EWARM\ײֱ׃_סכויג ּÊ (2)\Obj\Core_13247989168731456611.dir: [2]
    ktv.o                     1'348               604
    main.o                    3'316      194      585
    stm32f1xx_hal_msp.o         420
    stm32f1xx_it.o              148
    -------------------------------------------------
    Total:                    5'232      194    1'189

C:\Users\User\Desktop\CBU_3.0\EWARM\ײֱ׃_סכויג ּÊ (2)\Obj\EWARM_18443280873093131863.dir: [3]
    startup_stm32f103xb.o       392
    -------------------------------------------------
    Total:                      392

C:\Users\User\Desktop\CBU_3.0\EWARM\ײֱ׃_סכויג ּÊ (2)\Obj\STM32F1xx_HAL_Driver_9701002599162248031.dir: [4]
    stm32f1xx_hal.o             148        5        9
    stm32f1xx_hal_cortex.o      340
    stm32f1xx_hal_dma.o         214
    stm32f1xx_hal_gpio.o        692
    stm32f1xx_hal_i2c.o       5'264
    stm32f1xx_hal_rcc.o       1'612       18
    stm32f1xx_hal_tim.o       1'048
    stm32f1xx_hal_tim_ex.o      132
    stm32f1xx_hal_usart.o       488
    -------------------------------------------------
    Total:                    9'938       23        9

dl7M_tln.a: [5]
    exit.o                        4
    low_level_init.o              4
    -------------------------------------------------
    Total:                        8

rt7M_tl.a: [6]
    ABImemset.o                 102
    I64DivMod.o                 628
    I64DivZer.o                   2
    I64Shl.o                     34
    U64Shr.o                     30
    cexit.o                       4
    cexit_2.o                    10
    cmain.o                      34
    copy_init3.o                 42
    cstartup_M.o                 30
    data_init.o                  40
    zero_init3.o                 56
    -------------------------------------------------
    Total:                    1'012

shb_l.a: [7]
    exit.o                       20
    -------------------------------------------------
    Total:                       20

    Gaps                          8        2        4
    Linker created                        39    1'024
-----------------------------------------------------
    Grand Total:             16'612      286    2'230


*******************************************************************************
*** ENTRY LIST
***

Entry                       Address   Size  Type      Object
-----                       -------   ----  ----      ------
.iar.init_table$$Base    0x800'40ec          --   Gb  - Linker created -
.iar.init_table$$Limit   0x800'4110          --   Gb  - Linker created -
?main                    0x800'409d         Code  Gb  cmain.o [6]
ADC1_2_IRQHandler        0x800'41b5         Code  Wk  startup_stm32f103xb.o [3]
AHBPrescTable            0x800'4140   0x10  Data  Gb  system_stm32f1xx.o [1]
APBPrescTable            0x800'416c    0x8  Data  Gb  system_stm32f1xx.o [1]
ApplyExpander16State     0x800'20f7   0x6e  Code  Lc  main.o [2]
ApplyExpander8State      0x800'2165   0x3c  Code  Lc  main.o [2]
BusFault_Handler         0x800'3ed7    0x2  Code  Gb  stm32f1xx_it.o [2]
CAN1_RX1_IRQHandler      0x800'41c1         Code  Wk  startup_stm32f103xb.o [3]
CAN1_SCE_IRQHandler      0x800'41c5         Code  Wk  startup_stm32f103xb.o [3]
CSTACK$$Base            0x2000'04c0          --   Gb  - Linker created -
CSTACK$$Limit           0x2000'08c0          --   Gb  - Linker created -
ClearPcfIntLatch         0x800'2221   0x18  Code  Lc  main.o [2]
DMA1_Channel1_IRQHandler
                         0x800'4199         Code  Wk  startup_stm32f103xb.o [3]
DMA1_Channel2_IRQHandler
                         0x800'419d         Code  Wk  startup_stm32f103xb.o [3]
DMA1_Channel3_IRQHandler
                         0x800'41a1         Code  Wk  startup_stm32f103xb.o [3]
DMA1_Channel4_IRQHandler
                         0x800'41a5         Code  Wk  startup_stm32f103xb.o [3]
DMA1_Channel5_IRQHandler
                         0x800'41a9         Code  Wk  startup_stm32f103xb.o [3]
DMA1_Channel6_IRQHandler
                         0x800'41ad         Code  Wk  startup_stm32f103xb.o [3]
DMA1_Channel7_IRQHandler
                         0x800'41b1         Code  Wk  startup_stm32f103xb.o [3]
DebugMon_Handler         0x800'3edd    0x2  Code  Gb  stm32f1xx_it.o [2]
EXTI0_IRQHandler         0x800'3ee9    0xa  Code  Gb  stm32f1xx_it.o [2]
EXTI15_10_IRQHandler     0x800'3f51   0x14  Code  Gb  stm32f1xx_it.o [2]
EXTI1_IRQHandler         0x800'3ef3    0xa  Code  Gb  stm32f1xx_it.o [2]
EXTI2_IRQHandler         0x800'418d         Code  Wk  startup_stm32f103xb.o [3]
EXTI3_IRQHandler         0x800'4191         Code  Wk  startup_stm32f103xb.o [3]
EXTI4_IRQHandler         0x800'4195         Code  Wk  startup_stm32f103xb.o [3]
EXTI9_5_IRQHandler       0x800'3efd   0x20  Code  Gb  stm32f1xx_it.o [2]
Error_Handler            0x800'2a59    0x4  Code  Gb  main.o [2]
Expander_WritePin        0x800'20c7   0x30  Code  Lc  main.o [2]
FLASH_IRQHandler         0x800'4185         Code  Wk  startup_stm32f103xb.o [3]
HAL_DMA_Abort_IT         0x800'2a89   0xb4  Code  Gb  stm32f1xx_hal_dma.o [4]
HAL_DMA_GetState         0x800'2b59    0x6  Code  Gb  stm32f1xx_hal_dma.o [4]
HAL_GPIO_EXTI_Callback   0x800'2909   0xba  Code  Gb  main.o [2]
HAL_GPIO_EXTI_IRQHandler
                         0x800'2e17   0x20  Code  Gb  stm32f1xx_hal_gpio.o [4]
HAL_GPIO_Init            0x800'2bc9  0x21e  Code  Gb  stm32f1xx_hal_gpio.o [4]
HAL_GPIO_ReadPin         0x800'2de7   0x16  Code  Gb  stm32f1xx_hal_gpio.o [4]
HAL_GPIO_WritePin        0x800'2dfd   0x1a  Code  Gb  stm32f1xx_hal_gpio.o [4]
HAL_GetTick              0x800'2fd1    0xc  Code  Wk  stm32f1xx_hal.o [4]
HAL_I2C_AbortCpltCallback
                         0x800'2b5f    0x2  Code  Wk  stm32f1xx_hal_i2c.o [4]
HAL_I2C_AddrCallback     0x800'27dd   0x9c  Code  Gb  main.o [2]
HAL_I2C_ER_IRQHandler    0x800'0627   0xf8  Code  Gb  stm32f1xx_hal_i2c.o [4]
HAL_I2C_EV_IRQHandler    0x800'0461  0x1c6  Code  Gb  stm32f1xx_hal_i2c.o [4]
HAL_I2C_EnableListen_IT
                         0x800'041d   0x44  Code  Gb  stm32f1xx_hal_i2c.o [4]
HAL_I2C_ErrorCallback    0x800'28d3   0x14  Code  Gb  main.o [2]
HAL_I2C_Init             0x800'00ed  0x1d2  Code  Gb  stm32f1xx_hal_i2c.o [4]
HAL_I2C_ListenCpltCallback
                         0x800'28bf   0x14  Code  Gb  main.o [2]
HAL_I2C_MasterRxCpltCallback
                         0x800'1d67    0x2  Code  Wk  stm32f1xx_hal_i2c.o [4]
HAL_I2C_MasterTxCpltCallback
                         0x800'1d61    0x2  Code  Wk  stm32f1xx_hal_i2c.o [4]
HAL_I2C_MemRxCpltCallback
                         0x800'1d65    0x2  Code  Wk  stm32f1xx_hal_i2c.o [4]
HAL_I2C_MemTxCpltCallback
                         0x800'1d63    0x2  Code  Wk  stm32f1xx_hal_i2c.o [4]
HAL_I2C_MspInit          0x800'15ad   0x78  Code  Gb  stm32f1xx_hal_msp.o [2]
HAL_I2C_SlaveRxCpltCallback
                         0x800'2879   0x46  Code  Gb  main.o [2]
HAL_I2C_SlaveTxCpltCallback
                         0x800'2a5d    0x2  Code  Wk  stm32f1xx_hal_i2c.o [4]
HAL_I2C_Slave_Seq_Receive_IT
                         0x800'0383   0x9a  Code  Gb  stm32f1xx_hal_i2c.o [4]
HAL_I2C_Slave_Seq_Transmit_IT
                         0x800'02e9   0x9a  Code  Gb  stm32f1xx_hal_i2c.o [4]
HAL_IncTick              0x800'3f65   0x18  Code  Wk  stm32f1xx_hal.o [4]
HAL_Init                 0x800'3029   0x20  Code  Gb  stm32f1xx_hal.o [4]
HAL_InitTick             0x800'2fdd   0x4c  Code  Wk  stm32f1xx_hal.o [4]
HAL_MspInit              0x800'1571   0x3c  Code  Gb  stm32f1xx_hal_msp.o [2]
HAL_NVIC_EnableIRQ       0x800'2f95    0xe  Code  Gb  stm32f1xx_hal_cortex.o [4]
HAL_NVIC_SetPriority     0x800'2f6b   0x2a  Code  Gb  stm32f1xx_hal_cortex.o [4]
HAL_NVIC_SetPriorityGrouping
                         0x800'2f5f    0xc  Code  Gb  stm32f1xx_hal_cortex.o [4]
HAL_RCC_ClockConfig      0x800'1b15  0x14c  Code  Gb  stm32f1xx_hal_rcc.o [4]
HAL_RCC_GetHCLKFreq      0x800'1cbd    0x6  Code  Gb  stm32f1xx_hal_rcc.o [4]
HAL_RCC_GetPCLK1Freq     0x800'1cc3   0x16  Code  Gb  stm32f1xx_hal_rcc.o [4]
HAL_RCC_GetPCLK2Freq     0x800'1cd9   0x16  Code  Gb  stm32f1xx_hal_rcc.o [4]
HAL_RCC_GetSysClockFreq
                         0x800'1c61   0x5c  Code  Gb  stm32f1xx_hal_rcc.o [4]
HAL_RCC_GetSysClockFreq::aPLLMULFactorTable
                         0x800'4130   0x10  Data  Lc  stm32f1xx_hal_rcc.o [4]
HAL_RCC_GetSysClockFreq::aPredivFactorTable
                         0x800'3e9e    0x2  Data  Lc  stm32f1xx_hal_rcc.o [4]
HAL_RCC_OscConfig        0x800'1715  0x400  Code  Gb  stm32f1xx_hal_rcc.o [4]
HAL_SYSTICK_Config       0x800'2fa3    0xc  Code  Gb  stm32f1xx_hal_cortex.o [4]
HAL_TIMEx_BreakCallback
                         0x800'3ec5    0x2  Code  Wk  stm32f1xx_hal_tim_ex.o [4]
HAL_TIMEx_CommutCallback
                         0x800'3ec9    0x2  Code  Wk  stm32f1xx_hal_tim_ex.o [4]
HAL_TIMEx_MasterConfigSynchronization
                         0x800'39a1   0x70  Code  Gb  stm32f1xx_hal_tim_ex.o [4]
HAL_TIM_Base_Init        0x800'3591   0x6e  Code  Gb  stm32f1xx_hal_tim.o [4]
HAL_TIM_Base_MspInit     0x800'1625   0x60  Code  Gb  stm32f1xx_hal_msp.o [2]
HAL_TIM_Base_Start_IT    0x800'35ff   0x72  Code  Gb  stm32f1xx_hal_tim.o [4]
HAL_TIM_ConfigClockSource
                         0x800'37bb   0xf4  Code  Gb  stm32f1xx_hal_tim.o [4]
HAL_TIM_IC_CaptureCallback
                         0x800'3ebf    0x2  Code  Wk  stm32f1xx_hal_tim.o [4]
HAL_TIM_IRQHandler       0x800'367d  0x13e  Code  Gb  stm32f1xx_hal_tim.o [4]
HAL_TIM_OC_DelayElapsedCallback
                         0x800'3ec1    0x2  Code  Wk  stm32f1xx_hal_tim.o [4]
HAL_TIM_PWM_PulseFinishedCallback
                         0x800'3ec3    0x2  Code  Wk  stm32f1xx_hal_tim.o [4]
HAL_TIM_PeriodElapsedCallback
                         0x800'26ef   0xe4  Code  Gb  main.o [2]
HAL_TIM_PeriodElapsedCallback::on3_3_ones
                        0x2000'04b8    0x1  Data  Lc  main.o [2]
HAL_TIM_TriggerCallback
                         0x800'3ec7    0x2  Code  Wk  stm32f1xx_hal_tim.o [4]
HAL_USART_Init           0x800'3a21   0x5e  Code  Gb  stm32f1xx_hal_usart.o [4]
HAL_USART_MspInit        0x800'1685   0x6e  Code  Gb  stm32f1xx_hal_msp.o [2]
HardFault_Handler        0x800'3ed3    0x2  Code  Gb  stm32f1xx_it.o [2]
I2C1_ER_IRQHandler       0x800'3f3b    0xa  Code  Gb  stm32f1xx_it.o [2]
I2C1_EV_IRQHandler       0x800'3f31    0xa  Code  Gb  stm32f1xx_it.o [2]
I2C2_ER_IRQHandler       0x800'41e1         Code  Wk  startup_stm32f103xb.o [3]
I2C2_EV_IRQHandler       0x800'41dd         Code  Wk  startup_stm32f103xb.o [3]
I2C_ConvertOtherXferOptions
                         0x800'1555   0x1c  Code  Lc  stm32f1xx_hal_i2c.o [4]
I2C_DMAAbort             0x800'1411   0xf6  Code  Lc  stm32f1xx_hal_i2c.o [4]
I2C_Flush_DR             0x800'02bf   0x10  Code  Lc  stm32f1xx_hal_i2c.o [4]
I2C_ITError              0x800'1275  0x196  Code  Lc  stm32f1xx_hal_i2c.o [4]
I2C_MasterReceive_BTF    0x800'0a87  0x132  Code  Lc  stm32f1xx_hal_i2c.o [4]
I2C_MasterReceive_RXNE   0x800'0985  0x102  Code  Lc  stm32f1xx_hal_i2c.o [4]
I2C_MasterTransmit_BTF   0x800'0807   0xa4  Code  Lc  stm32f1xx_hal_i2c.o [4]
I2C_MasterTransmit_TXE   0x800'071f   0xe8  Code  Lc  stm32f1xx_hal_i2c.o [4]
I2C_Master_ADD10         0x800'0c6b   0x32  Code  Lc  stm32f1xx_hal_i2c.o [4]
I2C_Master_ADDR          0x800'0c9d  0x258  Code  Lc  stm32f1xx_hal_i2c.o [4]
I2C_Master_SB            0x800'0bb9   0xb2  Code  Lc  stm32f1xx_hal_i2c.o [4]
I2C_MemoryTransmit_TXE_BTF
                         0x800'08ab   0xda  Code  Lc  stm32f1xx_hal_i2c.o [4]
I2C_SlaveReceive_BTF     0x800'0faf   0x1c  Code  Lc  stm32f1xx_hal_i2c.o [4]
I2C_SlaveReceive_RXNE    0x800'0f61   0x4e  Code  Lc  stm32f1xx_hal_i2c.o [4]
I2C_SlaveTransmit_BTF    0x800'0f45   0x1c  Code  Lc  stm32f1xx_hal_i2c.o [4]
I2C_SlaveTransmit_TXE    0x800'0ef7   0x4e  Code  Lc  stm32f1xx_hal_i2c.o [4]
I2C_Slave_ADDR           0x800'0fcb   0x66  Code  Lc  stm32f1xx_hal_i2c.o [4]
I2C_Slave_AF             0x800'11cb   0xaa  Code  Lc  stm32f1xx_hal_i2c.o [4]
I2C_Slave_STOPF          0x800'1031  0x19a  Code  Lc  stm32f1xx_hal_i2c.o [4]
I2C_WaitOnSTOPRequestThroughIT
                         0x800'1507   0x46  Code  Lc  stm32f1xx_hal_i2c.o [4]
Ktv_ClearResults         0x800'330d   0x46  Code  Lc  ktv.o [2]
Ktv_GetProfile           0x800'3237   0xd6  Code  Lc  ktv.o [2]
Ktv_Init                 0x800'304d   0x48  Code  Gb  ktv.o [2]
Ktv_Process              0x800'31f9   0x3e  Code  Gb  ktv.o [2]
Ktv_ProcessProfile       0x800'3353  0x22c  Code  Lc  ktv.o [2]
Ktv_Start                0x800'3095   0x36  Code  Lc  ktv.o [2]
Ktv_TickISR              0x800'30cb  0x12e  Code  Gb  ktv.o [2]
MX_GPIO_Init             0x800'248d  0x262  Code  Lc  main.o [2]
MX_I2C1_Init             0x800'231f   0x3e  Code  Lc  main.o [2]
MX_TIM1_Init             0x800'235d   0x7c  Code  Lc  main.o [2]
MX_TIM2_Init             0x800'23d9   0x78  Code  Lc  main.o [2]
MX_USART2_Init           0x800'2451   0x3c  Code  Lc  main.o [2]
MemManage_Handler        0x800'3ed5    0x2  Code  Gb  stm32f1xx_it.o [2]
NMI_Handler              0x800'3ed1    0x2  Code  Gb  stm32f1xx_it.o [2]
NVIC_EncodePriority      0x800'2eef   0x40  Code  Lc  stm32f1xx_hal_cortex.o [4]
Optron_ProcessFrame      0x800'1d69  0x35e  Code  Lc  main.o [2]
PVD_IRQHandler           0x800'4179         Code  Wk  startup_stm32f103xb.o [3]
PendSV_Handler           0x800'3edf    0x2  Code  Gb  stm32f1xx_it.o [2]
PrepareExpanderTx        0x800'21a1   0x6c  Code  Lc  main.o [2]
RCC_Delay                0x800'1cef   0x26  Code  Lc  stm32f1xx_hal_rcc.o [4]
RCC_IRQHandler           0x800'4189         Code  Wk  startup_stm32f103xb.o [3]
RTC_Alarm_IRQHandler     0x800'41f9         Code  Wk  startup_stm32f103xb.o [3]
RTC_IRQHandler           0x800'4181         Code  Wk  startup_stm32f103xb.o [3]
Region$$Table$$Base      0x800'40ec          --   Gb  - Linker created -
Region$$Table$$Limit     0x800'4110          --   Gb  - Linker created -
Reset_Handler            0x800'4151         Code  Wk  startup_stm32f103xb.o [3]
SPI1_IRQHandler          0x800'41e5         Code  Wk  startup_stm32f103xb.o [3]
SPI2_IRQHandler          0x800'41e9         Code  Wk  startup_stm32f103xb.o [3]
SVC_Handler              0x800'3edb    0x2  Code  Gb  stm32f1xx_it.o [2]
SetPcfIntLevel           0x800'220d   0x14  Code  Lc  main.o [2]
SysTick_Config           0x800'2f2f   0x30  Code  Lc  stm32f1xx_hal_cortex.o [4]
SysTick_Handler          0x800'3ee1    0x8  Code  Gb  stm32f1xx_it.o [2]
SystemClock_Config       0x800'22b1   0x6e  Code  Gb  main.o [2]
SystemCoreClock         0x2000'0004    0x4  Data  Gb  system_stm32f1xx.o [1]
SystemInit               0x800'4201    0x2  Code  Gb  system_stm32f1xx.o [1]
TAMPER_IRQHandler        0x800'417d         Code  Wk  startup_stm32f103xb.o [3]
TIM1_BRK_IRQHandler      0x800'41c9         Code  Wk  startup_stm32f103xb.o [3]
TIM1_CC_IRQHandler       0x800'41d1         Code  Wk  startup_stm32f103xb.o [3]
TIM1_TRG_COM_IRQHandler
                         0x800'41cd         Code  Wk  startup_stm32f103xb.o [3]
TIM1_UP_IRQHandler       0x800'3f1d    0xa  Code  Gb  stm32f1xx_it.o [2]
TIM2_IRQHandler          0x800'3f27    0xa  Code  Gb  stm32f1xx_it.o [2]
TIM3_IRQHandler          0x800'41d5         Code  Wk  startup_stm32f103xb.o [3]
TIM4_IRQHandler          0x800'41d9         Code  Wk  startup_stm32f103xb.o [3]
TIM_Base_SetConfig       0x800'38af   0x76  Code  Gb  stm32f1xx_hal_tim.o [4]
TIM_ETR_SetConfig        0x800'398b   0x16  Code  Gb  stm32f1xx_hal_tim.o [4]
TIM_ITRx_SetConfig       0x800'397b   0x10  Code  Lc  stm32f1xx_hal_tim.o [4]
TIM_TI1_ConfigInputStage
                         0x800'3931   0x24  Code  Lc  stm32f1xx_hal_tim.o [4]
TIM_TI2_ConfigInputStage
                         0x800'3955   0x26  Code  Lc  stm32f1xx_hal_tim.o [4]
USART1_IRQHandler        0x800'41ed         Code  Wk  startup_stm32f103xb.o [3]
USART2_IRQHandler        0x800'41f1         Code  Wk  startup_stm32f103xb.o [3]
USART3_IRQHandler        0x800'41f5         Code  Wk  startup_stm32f103xb.o [3]
USART_SetConfig          0x800'3a7f  0x17e  Code  Lc  stm32f1xx_hal_usart.o [4]
USBWakeUp_IRQHandler     0x800'41fd         Code  Wk  startup_stm32f103xb.o [3]
USB_HP_CAN1_TX_IRQHandler
                         0x800'41b9         Code  Wk  startup_stm32f103xb.o [3]
USB_LP_CAN1_RX0_IRQHandler
                         0x800'41bd         Code  Wk  startup_stm32f103xb.o [3]
UsageFault_Handler       0x800'3ed9    0x2  Code  Gb  stm32f1xx_it.o [2]
WWDG_IRQHandler          0x800'4175         Code  Wk  startup_stm32f103xb.o [3]
__NVIC_EnableIRQ         0x800'2ea5   0x1e  Code  Lc  stm32f1xx_hal_cortex.o [4]
__NVIC_GetPriorityGrouping
                         0x800'2e9b    0xa  Code  Lc  stm32f1xx_hal_cortex.o [4]
__NVIC_SetPriority       0x800'2ec3   0x2c  Code  Lc  stm32f1xx_hal_cortex.o [4]
__NVIC_SetPriorityGrouping
                         0x800'2e7d   0x1e  Code  Lc  stm32f1xx_hal_cortex.o [4]
__aeabi_ldiv0            0x800'3ecd         Code  Gb  I64DivZer.o [6]
__aeabi_ldivmod          0x800'3c09         Code  Gb  I64DivMod.o [6]
__aeabi_llsl             0x800'3e7d         Code  Gb  I64Shl.o [6]
__aeabi_llsr             0x800'3ea1         Code  Gb  U64Shr.o [6]
__aeabi_memset           0x800'2b61         Code  Gb  ABImemset.o [6]
__aeabi_uldivmod         0x800'3c4d         Code  Gb  I64DivMod.o [6]
__cmain                  0x800'409d         Code  Gb  cmain.o [6]
__exit                   0x800'40d9   0x14  Code  Gb  exit.o [7]
__iar_Memset             0x800'2b61         Code  Gb  ABImemset.o [6]
__iar_Memset_word        0x800'2b69         Code  Gb  ABImemset.o [6]
__iar_copy_init3         0x800'2a5f   0x2a  Code  Gb  copy_init3.o [6]
__iar_data_init3         0x800'4075   0x28  Code  Gb  data_init.o [6]
__iar_program_start      0x800'4111         Code  Gb  cstartup_M.o [6]
__iar_zero_init3         0x800'403d   0x38  Code  Gb  zero_init3.o [6]
__low_level_init         0x800'40bf    0x4  Code  Gb  low_level_init.o [5]
__vector_table           0x800'0000         Data  Gb  startup_stm32f103xb.o [3]
_call_main               0x800'40a9         Code  Gb  cmain.o [6]
_exit                    0x800'40c9         Code  Gb  cexit.o [6]
_exit_2                  0x800'40cd         Code  Gb  cexit_2.o [6]
active_i2c_address      0x2000'04a3    0x1  Data  Lc  main.o [2]
active_rx_size          0x2000'04ab    0x1  Data  Lc  main.o [2]
door                    0x2000'04a7    0x1  Data  Gb  main.o [2]
error_sv                0x2000'04a8    0x1  Data  Gb  main.o [2]
exit                     0x800'40c3    0x4  Code  Gb  exit.o [5]
expander16_input_mask    0x800'2bc6    0x2  Data  Lc  main.o [2]
expander16_map           0x800'3f7c   0x80  Data  Lc  main.o [2]
expander16_state        0x2000'049c    0x2  Data  Lc  main.o [2]
expander8_map            0x800'3ffc   0x40  Data  Lc  main.o [2]
expander8_state         0x2000'04a2    0x1  Data  Lc  main.o [2]
g_ktv                   0x2000'0010  0x1f8  Data  Lc  ktv.o [2]
g_result                0x2000'0304   0x64  Data  Lc  ktv.o [2]
hi2c1                   0x2000'0368   0x54  Data  Gb  main.o [2]
htim1                   0x2000'03bc   0x48  Data  Gb  main.o [2]
htim2                   0x2000'0404   0x48  Data  Gb  main.o [2]
husart2                 0x2000'044c   0x44  Data  Gb  main.o [2]
i2c_rx_buffer           0x2000'0498    0x2  Data  Lc  main.o [2]
i2c_tx_buffer           0x2000'049a    0x2  Data  Lc  main.o [2]
kontur1_diod            0x2000'04b3    0x1  Data  Gb  main.o [2]
kontur1_kz              0x2000'04b2    0x1  Data  Gb  main.o [2]
kontur1_obryv           0x2000'04b4    0x1  Data  Gb  main.o [2]
kontur2_diod            0x2000'04b6    0x1  Data  Gb  main.o [2]
kontur2_kz              0x2000'04b5    0x1  Data  Gb  main.o [2]
kontur2_obryv           0x2000'04b7    0x1  Data  Gb  main.o [2]
main                     0x800'2239   0x78  Code  Gb  main.o [2]
on_3v3_enabled          0x2000'04ac    0x1  Data  Lc  main.o [2]
on_bkk_k1               0x2000'04a9    0x1  Data  Gb  main.o [2]
on_bkk_k2               0x2000'04aa    0x1  Data  Gb  main.o [2]
optron1_1_state         0x2000'04ae    0x1  Data  Gb  main.o [2]
optron1_2_state         0x2000'04af    0x1  Data  Gb  main.o [2]
optron2_1_state         0x2000'04b0    0x1  Data  Gb  main.o [2]
optron2_2_state         0x2000'04b1    0x1  Data  Gb  main.o [2]
optron_cycle_tick       0x2000'04a0    0x2  Data  Lc  main.o [2]
optron_eval_pending     0x2000'04ad    0x1  Data  Lc  main.o [2]
optron_sample_index     0x2000'049e    0x2  Data  Lc  main.o [2]
optron_samples          0x2000'0208   0xfc  Data  Lc  main.o [2]
pcf_int_latched         0x2000'04a6    0x1  Data  Lc  main.o [2]
sd_sw_last_state        0x2000'04a4    0x1  Data  Lc  main.o [2]
sd_sw_return_state      0x2000'04a5    0x1  Data  Lc  main.o [2]
tim2_tick_count         0x2000'0490    0x4  Data  Lc  main.o [2]
uwTick                  0x2000'0494    0x4  Data  Gb  stm32f1xx_hal.o [4]
uwTickFreq              0x2000'0008    0x1  Data  Gb  stm32f1xx_hal.o [4]
uwTickPrio              0x2000'0000    0x4  Data  Gb  stm32f1xx_hal.o [4]


[1] = C:\Users\User\Desktop\CBU_3.0\EWARM\ײֱ׃_סכויג ּÊ (2)\Obj\CMSIS_6603591812247902717.dir
[2] = C:\Users\User\Desktop\CBU_3.0\EWARM\ײֱ׃_סכויג ּÊ (2)\Obj\Core_13247989168731456611.dir
[3] = C:\Users\User\Desktop\CBU_3.0\EWARM\ײֱ׃_סכויג ּÊ (2)\Obj\EWARM_18443280873093131863.dir
[4] = C:\Users\User\Desktop\CBU_3.0\EWARM\ײֱ׃_סכויג ּÊ (2)\Obj\STM32F1xx_HAL_Driver_9701002599162248031.dir
[5] = dl7M_tln.a
[6] = rt7M_tl.a
[7] = shb_l.a

  16'612 bytes of readonly  code memory
     286 bytes of readonly  data memory
   2'230 bytes of readwrite data memory

Errors: none
Warnings: none
